Archive member included to satisfy reference by file (symbol)

/home/bartosz/program/STM32CubeIDE_1.11.0/plugins/com.st.stm32cube.ide.mcu.externaltools.gnu-tools-for-stm32.10.3-2021.10.linux64_1.0.100.202210260954/tools/bin/../lib/gcc/arm-none-eabi/10.3.1/../../../../arm-none-eabi/lib/thumb/v6-m/nofp/libc_nano.a(lib_a-errno.o)
                              ./Src/syscalls.o (__errno)
/home/bartosz/program/STM32CubeIDE_1.11.0/plugins/com.st.stm32cube.ide.mcu.externaltools.gnu-tools-for-stm32.10.3-2021.10.linux64_1.0.100.202210260954/tools/bin/../lib/gcc/arm-none-eabi/10.3.1/../../../../arm-none-eabi/lib/thumb/v6-m/nofp/libc_nano.a(lib_a-exit.o)
                              /home/bartosz/program/STM32CubeIDE_1.11.0/plugins/com.st.stm32cube.ide.mcu.externaltools.gnu-tools-for-stm32.10.3-2021.10.linux64_1.0.100.202210260954/tools/bin/../lib/gcc/arm-none-eabi/10.3.1/../../../../arm-none-eabi/lib/thumb/v6-m/nofp/crt0.o (exit)
/home/bartosz/program/STM32CubeIDE_1.11.0/plugins/com.st.stm32cube.ide.mcu.externaltools.gnu-tools-for-stm32.10.3-2021.10.linux64_1.0.100.202210260954/tools/bin/../lib/gcc/arm-none-eabi/10.3.1/../../../../arm-none-eabi/lib/thumb/v6-m/nofp/libc_nano.a(lib_a-impure.o)
                              /home/bartosz/program/STM32CubeIDE_1.11.0/plugins/com.st.stm32cube.ide.mcu.externaltools.gnu-tools-for-stm32.10.3-2021.10.linux64_1.0.100.202210260954/tools/bin/../lib/gcc/arm-none-eabi/10.3.1/../../../../arm-none-eabi/lib/thumb/v6-m/nofp/libc_nano.a(lib_a-exit.o) (_global_impure_ptr)
/home/bartosz/program/STM32CubeIDE_1.11.0/plugins/com.st.stm32cube.ide.mcu.externaltools.gnu-tools-for-stm32.10.3-2021.10.linux64_1.0.100.202210260954/tools/bin/../lib/gcc/arm-none-eabi/10.3.1/../../../../arm-none-eabi/lib/thumb/v6-m/nofp/libc_nano.a(lib_a-init.o)
                              /home/bartosz/program/STM32CubeIDE_1.11.0/plugins/com.st.stm32cube.ide.mcu.externaltools.gnu-tools-for-stm32.10.3-2021.10.linux64_1.0.100.202210260954/tools/bin/../lib/gcc/arm-none-eabi/10.3.1/../../../../arm-none-eabi/lib/thumb/v6-m/nofp/crt0.o (__libc_init_array)
/home/bartosz/program/STM32CubeIDE_1.11.0/plugins/com.st.stm32cube.ide.mcu.externaltools.gnu-tools-for-stm32.10.3-2021.10.linux64_1.0.100.202210260954/tools/bin/../lib/gcc/arm-none-eabi/10.3.1/../../../../arm-none-eabi/lib/thumb/v6-m/nofp/libc_nano.a(lib_a-malloc.o)
                              ./Src/chrono/interface.o (malloc)
/home/bartosz/program/STM32CubeIDE_1.11.0/plugins/com.st.stm32cube.ide.mcu.externaltools.gnu-tools-for-stm32.10.3-2021.10.linux64_1.0.100.202210260954/tools/bin/../lib/gcc/arm-none-eabi/10.3.1/../../../../arm-none-eabi/lib/thumb/v6-m/nofp/libc_nano.a(lib_a-memcpy-stub.o)
                              ./Src/Display_GUI/GUI_Paint.o (memcpy)
/home/bartosz/program/STM32CubeIDE_1.11.0/plugins/com.st.stm32cube.ide.mcu.externaltools.gnu-tools-for-stm32.10.3-2021.10.linux64_1.0.100.202210260954/tools/bin/../lib/gcc/arm-none-eabi/10.3.1/../../../../arm-none-eabi/lib/thumb/v6-m/nofp/libc_nano.a(lib_a-memset.o)
                              /home/bartosz/program/STM32CubeIDE_1.11.0/plugins/com.st.stm32cube.ide.mcu.externaltools.gnu-tools-for-stm32.10.3-2021.10.linux64_1.0.100.202210260954/tools/bin/../lib/gcc/arm-none-eabi/10.3.1/../../../../arm-none-eabi/lib/thumb/v6-m/nofp/crt0.o (memset)
/home/bartosz/program/STM32CubeIDE_1.11.0/plugins/com.st.stm32cube.ide.mcu.externaltools.gnu-tools-for-stm32.10.3-2021.10.linux64_1.0.100.202210260954/tools/bin/../lib/gcc/arm-none-eabi/10.3.1/../../../../arm-none-eabi/lib/thumb/v6-m/nofp/libc_nano.a(lib_a-nano-freer.o)
                              /home/bartosz/program/STM32CubeIDE_1.11.0/plugins/com.st.stm32cube.ide.mcu.externaltools.gnu-tools-for-stm32.10.3-2021.10.linux64_1.0.100.202210260954/tools/bin/../lib/gcc/arm-none-eabi/10.3.1/../../../../arm-none-eabi/lib/thumb/v6-m/nofp/libc_nano.a(lib_a-malloc.o) (_free_r)
/home/bartosz/program/STM32CubeIDE_1.11.0/plugins/com.st.stm32cube.ide.mcu.externaltools.gnu-tools-for-stm32.10.3-2021.10.linux64_1.0.100.202210260954/tools/bin/../lib/gcc/arm-none-eabi/10.3.1/../../../../arm-none-eabi/lib/thumb/v6-m/nofp/libc_nano.a(lib_a-nano-mallocr.o)
                              /home/bartosz/program/STM32CubeIDE_1.11.0/plugins/com.st.stm32cube.ide.mcu.externaltools.gnu-tools-for-stm32.10.3-2021.10.linux64_1.0.100.202210260954/tools/bin/../lib/gcc/arm-none-eabi/10.3.1/../../../../arm-none-eabi/lib/thumb/v6-m/nofp/libc_nano.a(lib_a-malloc.o) (_malloc_r)
/home/bartosz/program/STM32CubeIDE_1.11.0/plugins/com.st.stm32cube.ide.mcu.externaltools.gnu-tools-for-stm32.10.3-2021.10.linux64_1.0.100.202210260954/tools/bin/../lib/gcc/arm-none-eabi/10.3.1/../../../../arm-none-eabi/lib/thumb/v6-m/nofp/libc_nano.a(lib_a-printf.o)
                              ./Src/Display_GUI/GUI_Paint.o (printf)
[...]
Memory Configuration

Name             Origin             Length             Attributes
RAM              0x0000000020000000 0x0000000000009000 xrw
FLASH            0x0000000008000000 0x0000000000020000 xr
*default*        0x0000000000000000 0xffffffffffffffff

Linker script and memory map

LOAD /home/bartosz/program/STM32CubeIDE_1.11.0/plugins/com.st.stm32cube.ide.mcu.externaltools.gnu-tools-for-stm32.10.3-2021.10.linux64_1.0.100.202210260954/tools/bin/../lib/gcc/arm-none-eabi/10.3.1/thumb/v6-m/nofp/crti.o
LOAD /home/bartosz/program/STM32CubeIDE_1.11.0/plugins/com.st.stm32cube.ide.mcu.externaltools.gnu-tools-for-stm32.10.3-2021.10.linux64_1.0.100.202210260954/tools/bin/../lib/gcc/arm-none-eabi/10.3.1/thumb/v6-m/nofp/crtbegin.o
LOAD /home/bartosz/program/STM32CubeIDE_1.11.0/plugins/com.st.stm32cube.ide.mcu.externaltools.gnu-tools-for-stm32.10.3-2021.10.linux64_1.0.100.202210260954/tools/bin/../lib/gcc/arm-none-eabi/10.3.1/../../../../arm-none-eabi/lib/thumb/v6-m/nofp/crt0.o
LOAD ./Drivers/STM32G0xx_HAL_Driver/Src/stm32g0xx_hal.o
LOAD ./Drivers/STM32G0xx_HAL_Driver/Src/stm32g0xx_hal_adc.o
LOAD ./Drivers/STM32G0xx_HAL_Driver/Src/stm32g0xx_hal_adc_ex.o
LOAD ./Drivers/STM32G0xx_HAL_Driver/Src/stm32g0xx_hal_cortex.o
LOAD ./Drivers/STM32G0xx_HAL_Driver/Src/stm32g0xx_hal_dma.o
LOAD ./Drivers/STM32G0xx_HAL_Driver/Src/stm32g0xx_hal_dma_ex.o
LOAD ./Drivers/STM32G0xx_HAL_Driver/Src/stm32g0xx_hal_exti.o
LOAD ./Drivers/STM32G0xx_HAL_Driver/Src/stm32g0xx_hal_flash.o
LOAD ./Drivers/STM32G0xx_HAL_Driver/Src/stm32g0xx_hal_flash_ex.o
LOAD ./Drivers/STM32G0xx_HAL_Driver/Src/stm32g0xx_hal_gpio.o
LOAD ./Drivers/STM32G0xx_HAL_Driver/Src/stm32g0xx_hal_i2c.o
LOAD ./Drivers/STM32G0xx_HAL_Driver/Src/stm32g0xx_hal_i2c_ex.o
LOAD ./Drivers/STM32G0xx_HAL_Driver/Src/stm32g0xx_hal_pwr.o
LOAD ./Drivers/STM32G0xx_HAL_Driver/Src/stm32g0xx_hal_pwr_ex.o
LOAD ./Drivers/STM32G0xx_HAL_Driver/Src/stm32g0xx_hal_rcc.o
LOAD ./Drivers/STM32G0xx_HAL_Driver/Src/stm32g0xx_hal_rcc_ex.o
LOAD ./Drivers/STM32G0xx_HAL_Driver/Src/stm32g0xx_hal_rtc.o
LOAD ./Drivers/STM32G0xx_HAL_Driver/Src/stm32g0xx_hal_rtc_ex.o
LOAD ./Drivers/STM32G0xx_HAL_Driver/Src/stm32g0xx_hal_spi.o
LOAD ./Drivers/STM32G0xx_HAL_Driver/Src/stm32g0xx_hal_spi_ex.o
LOAD ./Drivers/STM32G0xx_HAL_Driver/Src/stm32g0xx_hal_tim.o
LOAD ./Drivers/STM32G0xx_HAL_Driver/Src/stm32g0xx_hal_tim_ex.o
LOAD ./Drivers/STM32G0xx_HAL_Driver/Src/stm32g0xx_ll_adc.o
LOAD ./Drivers/STM32G0xx_HAL_Driver/Src/stm32g0xx_ll_crc.o
LOAD ./Drivers/STM32G0xx_HAL_Driver/Src/stm32g0xx_ll_dma.o
LOAD ./Drivers/STM32G0xx_HAL_Driver/Src/stm32g0xx_ll_exti.o
LOAD ./Drivers/STM32G0xx_HAL_Driver/Src/stm32g0xx_ll_gpio.o
LOAD ./Drivers/STM32G0xx_HAL_Driver/Src/stm32g0xx_ll_rcc.o
LOAD ./Drivers/STM32G0xx_HAL_Driver/Src/stm32g0xx_ll_utils.o
LOAD ./Src/Display_Config/DEV_Config.o
LOAD ./Src/Display_EPD/EPD_1in54_V2.o
LOAD ./Src/Display_GUI/GUI_Paint.o
LOAD ./Src/EEPROM_Emul/eeprom_emul.o
LOAD ./Src/Flash_Interface/flash_interface.o
LOAD ./Src/Fonts/font12.o
LOAD ./Src/Fonts/font12CN.o
LOAD ./Src/Fonts/font16.o
LOAD ./Src/Fonts/font20.o
LOAD ./Src/Fonts/font24.o
LOAD ./Src/Fonts/font24CN.o
LOAD ./Src/Fonts/font8.o
LOAD ./Src/adc.o
LOAD ./Src/crc.o
LOAD ./Src/gpio.o
LOAD ./Src/i2c.o
LOAD ./Src/main.o
LOAD ./Src/rtc.o
LOAD ./Src/spi.o
LOAD ./Src/stm32g0xx_hal_msp.o
LOAD ./Src/stm32g0xx_it.o
LOAD ./Src/syscalls.o
LOAD ./Src/sysmem.o
LOAD ./Src/system_stm32g0xx.o
LOAD ./Src/tim.o
LOAD ./Src/bd_libs/adc_bd.o
LOAD ./Src/bd_libs/backup_bd.o
LOAD ./Src/bd_libs/bme280_bd.o
LOAD ./Src/bd_libs/forecast_bd.o
LOAD ./Src/bd_libs/lis3mdl_bd.o
LOAD ./Src/bd_libs/rtc_bd.o
LOAD ./Src/chrono/battery.o
LOAD ./Src/chrono/interface.o
LOAD ./Src/chrono/sleep.o
LOAD ./Src/chrono/timers.o
LOAD ./Src/chrono/touch.o
LOAD ./Src/chrono/watch.o
LOAD ./Startup/startup_stm32g071kbtx.o
START GROUP
LOAD /home/bartosz/program/STM32CubeIDE_1.11.0/plugins/com.st.stm32cube.ide.mcu.externaltools.gnu-tools-for-stm32.10.3-2021.10.linux64_1.0.100.202210260954/tools/bin/../lib/gcc/arm-none-eabi/10.3.1/../../../../arm-none-eabi/lib/thumb/v6-m/nofp/libc_nano.a
LOAD /home/bartosz/program/STM32CubeIDE_1.11.0/plugins/com.st.stm32cube.ide.mcu.externaltools.gnu-tools-for-stm32.10.3-2021.10.linux64_1.0.100.202210260954/tools/bin/../lib/gcc/arm-none-eabi/10.3.1/../../../../arm-none-eabi/lib/thumb/v6-m/nofp/libm.a
END GROUP
START GROUP
LOAD /home/bartosz/program/STM32CubeIDE_1.11.0/plugins/com.st.stm32cube.ide.mcu.externaltools.gnu-tools-for-stm32.10.3-2021.10.linux64_1.0.100.202210260954/tools/bin/../lib/gcc/arm-none-eabi/10.3.1/thumb/v6-m/nofp/libgcc.a
LOAD /home/bartosz/program/STM32CubeIDE_1.11.0/plugins/com.st.stm32cube.ide.mcu.externaltools.gnu-tools-for-stm32.10.3-2021.10.linux64_1.0.100.202210260954/tools/bin/../lib/gcc/arm-none-eabi/10.3.1/../../../../arm-none-eabi/lib/thumb/v6-m/nofp/libc_nano.a
END GROUP
START GROUP
LOAD /home/bartosz/program/STM32CubeIDE_1.11.0/plugins/com.st.stm32cube.ide.mcu.externaltools.gnu-tools-for-stm32.10.3-2021.10.linux64_1.0.100.202210260954/tools/bin/../lib/gcc/arm-none-eabi/10.3.1/thumb/v6-m/nofp/libgcc.a
LOAD /home/bartosz/program/STM32CubeIDE_1.11.0/plugins/com.st.stm32cube.ide.mcu.externaltools.gnu-tools-for-stm32.10.3-2021.10.linux64_1.0.100.202210260954/tools/bin/../lib/gcc/arm-none-eabi/10.3.1/../../../../arm-none-eabi/lib/thumb/v6-m/nofp/libc_nano.a
LOAD /home/bartosz/program/STM32CubeIDE_1.11.0/plugins/com.st.stm32cube.ide.mcu.externaltools.gnu-tools-for-stm32.10.3-2021.10.linux64_1.0.100.202210260954/tools/bin/../lib/gcc/arm-none-eabi/10.3.1/../../../../arm-none-eabi/lib/thumb/v6-m/nofp/libnosys.a
END GROUP
START GROUP
LOAD /home/bartosz/program/STM32CubeIDE_1.11.0/plugins/com.st.stm32cube.ide.mcu.externaltools.gnu-tools-for-stm32.10.3-2021.10.linux64_1.0.100.202210260954/tools/bin/../lib/gcc/arm-none-eabi/10.3.1/thumb/v6-m/nofp/libgcc.a
LOAD /home/bartosz/program/STM32CubeIDE_1.11.0/plugins/com.st.stm32cube.ide.mcu.externaltools.gnu-tools-for-stm32.10.3-2021.10.linux64_1.0.100.202210260954/tools/bin/../lib/gcc/arm-none-eabi/10.3.1/../../../../arm-none-eabi/lib/thumb/v6-m/nofp/libc_nano.a
LOAD /home/bartosz/program/STM32CubeIDE_1.11.0/plugins/com.st.stm32cube.ide.mcu.externaltools.gnu-tools-for-stm32.10.3-2021.10.linux64_1.0.100.202210260954/tools/bin/../lib/gcc/arm-none-eabi/10.3.1/../../../../arm-none-eabi/lib/thumb/v6-m/nofp/libnosys.a
END GROUP
LOAD /home/bartosz/program/STM32CubeIDE_1.11.0/plugins/com.st.stm32cube.ide.mcu.externaltools.gnu-tools-for-stm32.10.3-2021.10.linux64_1.0.100.202210260954/tools/bin/../lib/gcc/arm-none-eabi/10.3.1/thumb/v6-m/nofp/crtend.o
LOAD /home/bartosz/program/STM32CubeIDE_1.11.0/plugins/com.st.stm32cube.ide.mcu.externaltools.gnu-tools-for-stm32.10.3-2021.10.linux64_1.0.100.202210260954/tools/bin/../lib/gcc/arm-none-eabi/10.3.1/thumb/v6-m/nofp/crtn.o
                0x0000000020009000                _estack = (ORIGIN (RAM) + LENGTH (RAM))
                0x0000000000000200                _Min_Heap_Size = 0x200
                0x0000000000000400                _Min_Stack_Size = 0x400

.isr_vector     0x0000000008000000       0xbc
                0x0000000008000000                . = ALIGN (0x4)
 *(.isr_vector)
 .isr_vector    0x0000000008000000       0xbc ./Startup/startup_stm32g071kbtx.o
                0x0000000008000000                g_pfnVectors
                0x00000000080000bc                . = ALIGN (0x4)

.text           0x00000000080000bc     0xc068
                0x00000000080000bc                . = ALIGN (0x4)
 *(.text)
 .text          0x00000000080000bc       0x48 /home/bartosz/program/STM32CubeIDE_1.11.0/plugins/com.st.stm32cube.ide.mcu.externaltools.gnu-tools-for-stm32.10.3-2021.10.linux64_1.0.100.202210260954/tools/bin/../lib/gcc/arm-none-eabi/10.3.1/thumb/v6-m/nofp/crtbegin.o
 .text          0x0000000008000104       0x14 /home/bartosz/program/STM32CubeIDE_1.11.0/plugins/com.st.stm32cube.ide.mcu.externaltools.gnu-tools-for-stm32.10.3-2021.10.linux64_1.0.100.202210260954/tools/bin/../lib/gcc/arm-none-eabi/10.3.1/thumb/v6-m/nofp/libgcc.a(_thumb1_case_sqi.o)
                0x0000000008000104                __gnu_thumb1_case_sqi
 .text          0x0000000008000118       0x14 /home/bartosz/program/STM32CubeIDE_1.11.0/plugins/com.st.stm32cube.ide.mcu.externaltools.gnu-tools-for-stm32.10.3-2021.10.linux64_1.0.100.202210260954/tools/bin/../lib/gcc/arm-none-eabi/10.3.1/thumb/v6-m/nofp/libgcc.a(_thumb1_case_uqi.o)
                0x0000000008000118                __gnu_thumb1_case_uqi
 .text          0x000000000800012c       0x14 /home/bartosz/program/STM32CubeIDE_1.11.0/plugins/com.st.stm32cube.ide.mcu.externaltools.gnu-tools-for-stm32.10.3-2021.10.linux64_1.0.100.202210260954/tools/bin/../lib/gcc/arm-none-eabi/10.3.1/thumb/v6-m/nofp/libgcc.a(_thumb1_case_shi.o)
                0x000000000800012c                __gnu_thumb1_case_shi
 .text          0x0000000008000140      0x114 /home/bartosz/program/STM32CubeIDE_1.11.0/plugins/com.st.stm32cube.ide.mcu.externaltools.gnu-tools-for-stm32.10.3-2021.10.linux64_1.0.100.202210260954/tools/bin/../lib/gcc/arm-none-eabi/10.3.1/thumb/v6-m/nofp/libgcc.a(_udivsi3.o)
                0x0000000008000140                __udivsi3
                0x0000000008000140                __aeabi_uidiv
                0x000000000800024c                __aeabi_uidivmod
 .text          0x0000000008000254      0x1d4 /home/bartosz/program/STM32CubeIDE_1.11.0/plugins/com.st.stm32cube.ide.mcu.externaltools.gnu-tools-for-stm32.10.3-2021.10.linux64_1.0.100.202210260954/tools/bin/../lib/gcc/arm-none-eabi/10.3.1/thumb/v6-m/nofp/libgcc.a(_divsi3.o)
                0x0000000008000254                __aeabi_idiv
                0x0000000008000254                __divsi3
                0x0000000008000420                __aeabi_idivmod
 .text          0x0000000008000428        0x4 /home/bartosz/program/STM32CubeIDE_1.11.0/plugins/com.st.stm32cube.ide.mcu.externaltools.gnu-tools-for-stm32.10.3-2021.10.linux64_1.0.100.202210260954/tools/bin/../lib/gcc/arm-none-eabi/10.3.1/thumb/v6-m/nofp/libgcc.a(_dvmd_tls.o)
                0x0000000008000428                __aeabi_ldiv0
                0x0000000008000428                __aeabi_idiv0
 .text          0x000000000800042c       0x7c /home/bartosz/program/STM32CubeIDE_1.11.0/plugins/com.st.stm32cube.ide.mcu.externaltools.gnu-tools-for-stm32.10.3-2021.10.linux64_1.0.100.202210260954/tools/bin/../lib/gcc/arm-none-eabi/10.3.1/thumb/v6-m/nofp/libgcc.a(_arm_cmpdf2.o)
                0x000000000800042c                __aeabi_cdrcmple
                0x000000000800043c                __aeabi_cdcmple
                0x000000000800043c                __aeabi_cdcmpeq
                0x000000000800044c                __aeabi_dcmpeq
                0x0000000008000458                __aeabi_dcmplt
                0x000000000800046c                __aeabi_dcmple
                0x0000000008000480                __aeabi_dcmpgt
                0x0000000008000494                __aeabi_dcmpge
 .text          0x00000000080004a8       0x48 /home/bartosz/program/STM32CubeIDE_1.11.0/plugins/com.st.stm32cube.ide.mcu.externaltools.gnu-tools-for-stm32.10.3-2021.10.linux64_1.0.100.202210260954/tools/bin/../lib/gcc/arm-none-eabi/10.3.1/thumb/v6-m/nofp/libgcc.a(_aeabi_ldivmod.o)
                0x00000000080004a8                __aeabi_ldivmod
 .text          0x00000000080004f0       0x5c /home/bartosz/program/STM32CubeIDE_1.11.0/plugins/com.st.stm32cube.ide.mcu.externaltools.gnu-tools-for-stm32.10.3-2021.10.linux64_1.0.100.202210260954/tools/bin/../lib/gcc/arm-none-eabi/10.3.1/thumb/v6-m/nofp/libgcc.a(_muldi3.o)
                0x00000000080004f0                __aeabi_lmul
                0x00000000080004f0                __muldi3
 .text          0x000000000800054c       0x30 /home/bartosz/program/STM32CubeIDE_1.11.0/plugins/com.st.stm32cube.ide.mcu.externaltools.gnu-tools-for-stm32.10.3-2021.10.linux64_1.0.100.202210260954/tools/bin/../lib/gcc/arm-none-eabi/10.3.1/thumb/v6-m/nofp/libgcc.a(_fixunssfsi.o)
                0x000000000800054c                __aeabi_f2uiz
                0x000000000800054c                __fixunssfsi
 .text          0x000000000800057c       0x3c /home/bartosz/program/STM32CubeIDE_1.11.0/plugins/com.st.stm32cube.ide.mcu.externaltools.gnu-tools-for-stm32.10.3-2021.10.linux64_1.0.100.202210260954/tools/bin/../lib/gcc/arm-none-eabi/10.3.1/thumb/v6-m/nofp/libgcc.a(_fixunsdfsi.o)
                0x000000000800057c                __fixunsdfsi
                0x000000000800057c                __aeabi_d2uiz
 .text          0x00000000080005b8       0x3c /home/bartosz/program/STM32CubeIDE_1.11.0/plugins/com.st.stm32cube.ide.mcu.externaltools.gnu-tools-for-stm32.10.3-2021.10.linux64_1.0.100.202210260954/tools/bin/../lib/gcc/arm-none-eabi/10.3.1/thumb/v6-m/nofp/libgcc.a(bpabi.o)
                0x00000000080005b8                __gnu_ldivmod_helper
 .text          0x00000000080005f4      0x33c /home/bartosz/program/STM32CubeIDE_1.11.0/plugins/com.st.stm32cube.ide.mcu.externaltools.gnu-tools-for-stm32.10.3-2021.10.linux64_1.0.100.202210260954/tools/bin/../lib/gcc/arm-none-eabi/10.3.1/thumb/v6-m/nofp/libgcc.a(addsf3.o)
                0x00000000080005f4                __aeabi_fadd
 .text          0x0000000008000930      0x230 /home/bartosz/program/STM32CubeIDE_1.11.0/plugins/com.st.stm32cube.ide.mcu.externaltools.gnu-tools-for-stm32.10.3-2021.10.linux64_1.0.100.202210260954/tools/bin/../lib/gcc/arm-none-eabi/10.3.1/thumb/v6-m/nofp/libgcc.a(divsf3.o)
                0x0000000008000930                __aeabi_fdiv
 .text          0x0000000008000b60      0x24c /home/bartosz/program/STM32CubeIDE_1.11.0/plugins/com.st.stm32cube.ide.mcu.externaltools.gnu-tools-for-stm32.10.3-2021.10.linux64_1.0.100.202210260954/tools/bin/../lib/gcc/arm-none-eabi/10.3.1/thumb/v6-m/nofp/libgcc.a(mulsf3.o)
                0x0000000008000b60                __aeabi_fmul
 .text          0x0000000008000dac      0x35c /home/bartosz/program/STM32CubeIDE_1.11.0/plugins/com.st.stm32cube.ide.mcu.externaltools.gnu-tools-for-stm32.10.3-2021.10.linux64_1.0.100.202210260954/tools/bin/../lib/gcc/arm-none-eabi/10.3.1/thumb/v6-m/nofp/libgcc.a(subsf3.o)
                0x0000000008000dac                __aeabi_fsub
 .text          0x0000000008001108       0x40 /home/bartosz/program/STM32CubeIDE_1.11.0/plugins/com.st.stm32cube.ide.mcu.externaltools.gnu-tools-for-stm32.10.3-2021.10.linux64_1.0.100.202210260954/tools/bin/../lib/gcc/arm-none-eabi/10.3.1/thumb/v6-m/nofp/libgcc.a(fixsfsi.o)
                0x0000000008001108                __aeabi_f2iz
 .text          0x0000000008001148       0x9c /home/bartosz/program/STM32CubeIDE_1.11.0/plugins/com.st.stm32cube.ide.mcu.externaltools.gnu-tools-for-stm32.10.3-2021.10.linux64_1.0.100.202210260954/tools/bin/../lib/gcc/arm-none-eabi/10.3.1/thumb/v6-m/nofp/libgcc.a(floatsisf.o)
                0x0000000008001148                __aeabi_i2f
 .text          0x00000000080011e4       0x84 /home/bartosz/program/STM32CubeIDE_1.11.0/plugins/com.st.stm32cube.ide.mcu.externaltools.gnu-tools-for-stm32.10.3-2021.10.linux64_1.0.100.202210260954/tools/bin/../lib/gcc/arm-none-eabi/10.3.1/thumb/v6-m/nofp/libgcc.a(floatunsisf.o)
                0x00000000080011e4                __aeabi_ui2f
 .text          0x0000000008001268      0x678 /home/bartosz/program/STM32CubeIDE_1.11.0/plugins/com.st.stm32cube.ide.mcu.externaltools.gnu-tools-for-stm32.10.3-2021.10.linux64_1.0.100.202210260954/tools/bin/../lib/gcc/arm-none-eabi/10.3.1/thumb/v6-m/nofp/libgcc.a(adddf3.o)
                0x0000000008001268                __aeabi_dadd
 .text          0x00000000080018e0      0x5ec /home/bartosz/program/STM32CubeIDE_1.11.0/plugins/com.st.stm32cube.ide.mcu.externaltools.gnu-tools-for-stm32.10.3-2021.10.linux64_1.0.100.202210260954/tools/bin/../lib/gcc/arm-none-eabi/10.3.1/thumb/v6-m/nofp/libgcc.a(divdf3.o)
                0x00000000080018e0                __aeabi_ddiv
 .text          0x0000000008001ecc       0x84 /home/bartosz/program/STM32CubeIDE_1.11.0/plugins/com.st.stm32cube.ide.mcu.externaltools.gnu-tools-for-stm32.10.3-2021.10.linux64_1.0.100.202210260954/tools/bin/../lib/gcc/arm-none-eabi/10.3.1/thumb/v6-m/nofp/libgcc.a(eqdf2.o)
                0x0000000008001ecc                __eqdf2
                0x0000000008001ecc                __nedf2
 .text          0x0000000008001f50       0xcc /home/bartosz/program/STM32CubeIDE_1.11.0/plugins/com.st.stm32cube.ide.mcu.externaltools.gnu-tools-for-stm32.10.3-2021.10.linux64_1.0.100.202210260954/tools/bin/../lib/gcc/arm-none-eabi/10.3.1/thumb/v6-m/nofp/libgcc.a(gedf2.o)
                0x0000000008001f50                __gtdf2
                0x0000000008001f50                __gedf2
 .text          0x000000000800201c       0xc8 /home/bartosz/program/STM32CubeIDE_1.11.0/plugins/com.st.stm32cube.ide.mcu.externaltools.gnu-tools-for-stm32.10.3-2021.10.linux64_1.0.100.202210260954/tools/bin/../lib/gcc/arm-none-eabi/10.3.1/thumb/v6-m/nofp/libgcc.a(ledf2.o)
                0x000000000800201c                __ltdf2
                0x000000000800201c                __ledf2
 .text          0x00000000080020e4      0x4d8 /home/bartosz/program/STM32CubeIDE_1.11.0/plugins/com.st.stm32cube.ide.mcu.externaltools.gnu-tools-for-stm32.10.3-2021.10.linux64_1.0.100.202210260954/tools/bin/../lib/gcc/arm-none-eabi/10.3.1/thumb/v6-m/nofp/libgcc.a(muldf3.o)
                0x00000000080020e4                __aeabi_dmul
 .text          0x00000000080025bc      0x724 /home/bartosz/program/STM32CubeIDE_1.11.0/plugins/com.st.stm32cube.ide.mcu.externaltools.gnu-tools-for-stm32.10.3-2021.10.linux64_1.0.100.202210260954/tools/bin/../lib/gcc/arm-none-eabi/10.3.1/thumb/v6-m/nofp/libgcc.a(subdf3.o)
                0x00000000080025bc                __aeabi_dsub
 .text          0x0000000008002ce0       0x3c /home/bartosz/program/STM32CubeIDE_1.11.0/plugins/com.st.stm32cube.ide.mcu.externaltools.gnu-tools-for-stm32.10.3-2021.10.linux64_1.0.100.202210260954/tools/bin/../lib/gcc/arm-none-eabi/10.3.1/thumb/v6-m/nofp/libgcc.a(unorddf2.o)
                0x0000000008002ce0                __aeabi_dcmpun
 .text          0x0000000008002d1c       0x6c /home/bartosz/program/STM32CubeIDE_1.11.0/plugins/com.st.stm32cube.ide.mcu.externaltools.gnu-tools-for-stm32.10.3-2021.10.linux64_1.0.100.202210260954/tools/bin/../lib/gcc/arm-none-eabi/10.3.1/thumb/v6-m/nofp/libgcc.a(fixdfsi.o)
                0x0000000008002d1c                __aeabi_d2iz
 .text          0x0000000008002d88       0x60 /home/bartosz/program/STM32CubeIDE_1.11.0/plugins/com.st.stm32cube.ide.mcu.externaltools.gnu-tools-for-stm32.10.3-2021.10.linux64_1.0.100.202210260954/tools/bin/../lib/gcc/arm-none-eabi/10.3.1/thumb/v6-m/nofp/libgcc.a(floatsidf.o)
                0x0000000008002d88                __aeabi_i2d
 .text          0x0000000008002de8       0x4c /home/bartosz/program/STM32CubeIDE_1.11.0/plugins/com.st.stm32cube.ide.mcu.externaltools.gnu-tools-for-stm32.10.3-2021.10.linux64_1.0.100.202210260954/tools/bin/../lib/gcc/arm-none-eabi/10.3.1/thumb/v6-m/nofp/libgcc.a(floatunsidf.o)
                0x0000000008002de8                __aeabi_ui2d
 .text          0x0000000008002e34       0x90 /home/bartosz/program/STM32CubeIDE_1.11.0/plugins/com.st.stm32cube.ide.mcu.externaltools.gnu-tools-for-stm32.10.3-2021.10.linux64_1.0.100.202210260954/tools/bin/../lib/gcc/arm-none-eabi/10.3.1/thumb/v6-m/nofp/libgcc.a(extendsfdf2.o)
                0x0000000008002e34                __aeabi_f2d
 .text          0x0000000008002ec4      0x110 /home/bartosz/program/STM32CubeIDE_1.11.0/plugins/com.st.stm32cube.ide.mcu.externaltools.gnu-tools-for-stm32.10.3-2021.10.linux64_1.0.100.202210260954/tools/bin/../lib/gcc/arm-none-eabi/10.3.1/thumb/v6-m/nofp/libgcc.a(truncdfsf2.o)
                0x0000000008002ec4                __aeabi_d2f
 .text          0x0000000008002fd4       0x74 /home/bartosz/program/STM32CubeIDE_1.11.0/plugins/com.st.stm32cube.ide.mcu.externaltools.gnu-tools-for-stm32.10.3-2021.10.linux64_1.0.100.202210260954/tools/bin/../lib/gcc/arm-none-eabi/10.3.1/thumb/v6-m/nofp/libgcc.a(_arm_cmpsf2.o)
                0x0000000008002fd4                __aeabi_cfrcmple
                0x0000000008002fdc                __aeabi_cfcmple
                0x0000000008002fdc                __aeabi_cfcmpeq
                0x0000000008002fec                __aeabi_fcmpeq
                0x0000000008002ff8                __aeabi_fcmplt
                0x000000000800300c                __aeabi_fcmple
                0x0000000008003020                __aeabi_fcmpgt
                0x0000000008003034                __aeabi_fcmpge
 .text          0x0000000008003048       0x3c /home/bartosz/program/STM32CubeIDE_1.11.0/plugins/com.st.stm32cube.ide.mcu.externaltools.gnu-tools-for-stm32.10.3-2021.10.linux64_1.0.100.202210260954/tools/bin/../lib/gcc/arm-none-eabi/10.3.1/thumb/v6-m/nofp/libgcc.a(_clzsi2.o)
                0x0000000008003048                __clzsi2
 .text          0x0000000008003084      0x1cc /home/bartosz/program/STM32CubeIDE_1.11.0/plugins/com.st.stm32cube.ide.mcu.externaltools.gnu-tools-for-stm32.10.3-2021.10.linux64_1.0.100.202210260954/tools/bin/../lib/gcc/arm-none-eabi/10.3.1/thumb/v6-m/nofp/libgcc.a(_divdi3.o)
                0x0000000008003084                __divdi3
 .text          0x0000000008003250       0x4c /home/bartosz/program/STM32CubeIDE_1.11.0/plugins/com.st.stm32cube.ide.mcu.externaltools.gnu-tools-for-stm32.10.3-2021.10.linux64_1.0.100.202210260954/tools/bin/../lib/gcc/arm-none-eabi/10.3.1/thumb/v6-m/nofp/libgcc.a(eqsf2.o)
                0x0000000008003250                __nesf2
                0x0000000008003250                __eqsf2
 .text          0x000000000800329c       0x8c /home/bartosz/program/STM32CubeIDE_1.11.0/plugins/com.st.stm32cube.ide.mcu.externaltools.gnu-tools-for-stm32.10.3-2021.10.linux64_1.0.100.202210260954/tools/bin/../lib/gcc/arm-none-eabi/10.3.1/thumb/v6-m/nofp/libgcc.a(gesf2.o)
                0x000000000800329c                __gtsf2
                0x000000000800329c                __gesf2
 .text          0x0000000008003328       0x88 /home/bartosz/program/STM32CubeIDE_1.11.0/plugins/com.st.stm32cube.ide.mcu.externaltools.gnu-tools-for-stm32.10.3-2021.10.linux64_1.0.100.202210260954/tools/bin/../lib/gcc/arm-none-eabi/10.3.1/thumb/v6-m/nofp/libgcc.a(lesf2.o)
                0x0000000008003328                __lesf2
                0x0000000008003328                __ltsf2
 .text          0x00000000080033b0       0x18 /home/bartosz/program/STM32CubeIDE_1.11.0/plugins/com.st.stm32cube.ide.mcu.externaltools.gnu-tools-for-stm32.10.3-2021.10.linux64_1.0.100.202210260954/tools/bin/../lib/gcc/arm-none-eabi/10.3.1/thumb/v6-m/nofp/libgcc.a(_clzdi2.o)
                0x00000000080033b0                __clzdi2
 *(.text*)
 .text.HAL_InitTick
                0x00000000080033c8       0x50 ./Drivers/STM32G0xx_HAL_Driver/Src/stm32g0xx_hal.o
                0x00000000080033c8                HAL_InitTick
 .text.HAL_Init
                0x0000000008003418       0x28 ./Drivers/STM32G0xx_HAL_Driver/Src/stm32g0xx_hal.o
                0x0000000008003418                HAL_Init
 .text.HAL_IncTick
                0x0000000008003440       0x18 ./Drivers/STM32G0xx_HAL_Driver/Src/stm32g0xx_hal.o
                0x0000000008003440                HAL_IncTick
 .text.HAL_GetTick
                0x0000000008003458        0xc ./Drivers/STM32G0xx_HAL_Driver/Src/stm32g0xx_hal.o
                0x0000000008003458                HAL_GetTick
 .text.HAL_Delay
                0x0000000008003464       0x24 ./Drivers/STM32G0xx_HAL_Driver/Src/stm32g0xx_hal.o
                0x0000000008003464                HAL_Delay
 .text.HAL_SuspendTick
                0x0000000008003488       0x10 ./Drivers/STM32G0xx_HAL_Driver/Src/stm32g0xx_hal.o
                0x0000000008003488                HAL_SuspendTick
 .text.HAL_ResumeTick
                0x0000000008003498       0x10 ./Drivers/STM32G0xx_HAL_Driver/Src/stm32g0xx_hal.o
                0x0000000008003498                HAL_ResumeTick
 .text.HAL_SYSCFG_StrobeDBattpinsConfig
                0x00000000080034a8       0x18 ./Drivers/STM32G0xx_HAL_Driver/Src/stm32g0xx_hal.o
                0x00000000080034a8                HAL_SYSCFG_StrobeDBattpinsConfig
 .text.LL_ADC_REG_IsConversionOngoing
                0x00000000080034c0        0x8 ./Drivers/STM32G0xx_HAL_Driver/Src/stm32g0xx_hal_adc.o
 .text.HAL_ADC_Init
                0x00000000080034c8      0x228 ./Drivers/STM32G0xx_HAL_Driver/Src/stm32g0xx_hal_adc.o
                0x00000000080034c8                HAL_ADC_Init
 .text.HAL_ADC_PollForConversion
                0x00000000080036f0       0xc4 ./Drivers/STM32G0xx_HAL_Driver/Src/stm32g0xx_hal_adc.o
                0x00000000080036f0                HAL_ADC_PollForConversion
 .text.HAL_ADC_GetValue
                0x00000000080037b4        0x6 ./Drivers/STM32G0xx_HAL_Driver/Src/stm32g0xx_hal_adc.o
                0x00000000080037b4                HAL_ADC_GetValue
 *fill*         0x00000000080037ba        0x2 
 .text.HAL_ADC_ConfigChannel
                0x00000000080037bc      0x24c ./Drivers/STM32G0xx_HAL_Driver/Src/stm32g0xx_hal_adc.o
                0x00000000080037bc                HAL_ADC_ConfigChannel
 .text.ADC_Enable
                0x0000000008003a08       0xb8 ./Drivers/STM32G0xx_HAL_Driver/Src/stm32g0xx_hal_adc.o
                0x0000000008003a08                ADC_Enable
 .text.HAL_ADC_Start
                0x0000000008003ac0       0x5c ./Drivers/STM32G0xx_HAL_Driver/Src/stm32g0xx_hal_adc.o
                0x0000000008003ac0                HAL_ADC_Start
 .text.ADC_Disable
                0x0000000008003b1c       0x78 ./Drivers/STM32G0xx_HAL_Driver/Src/stm32g0xx_hal_adc.o
                0x0000000008003b1c                ADC_Disable
 .text.HAL_ADCEx_Calibration_Start
                0x0000000008003b94      0x134 ./Drivers/STM32G0xx_HAL_Driver/Src/stm32g0xx_hal_adc_ex.o
                0x0000000008003b94                HAL_ADCEx_Calibration_Start
 .text.HAL_NVIC_SetPriority
                0x0000000008003cc8       0x54 ./Drivers/STM32G0xx_HAL_Driver/Src/stm32g0xx_hal_cortex.o
                0x0000000008003cc8                HAL_NVIC_SetPriority
 .text.HAL_NVIC_EnableIRQ
                0x0000000008003d1c       0x18 ./Drivers/STM32G0xx_HAL_Driver/Src/stm32g0xx_hal_cortex.o
                0x0000000008003d1c                HAL_NVIC_EnableIRQ
 .text.HAL_SYSTICK_Config
                0x0000000008003d34       0x34 ./Drivers/STM32G0xx_HAL_Driver/Src/stm32g0xx_hal_cortex.o
                0x0000000008003d34                HAL_SYSTICK_Config
 .text.HAL_GPIO_Init
                0x0000000008003d68      0x15c ./Drivers/STM32G0xx_HAL_Driver/Src/stm32g0xx_hal_gpio.o
                0x0000000008003d68                HAL_GPIO_Init
 .text.HAL_GPIO_ReadPin
                0x0000000008003ec4        0xc ./Drivers/STM32G0xx_HAL_Driver/Src/stm32g0xx_hal_gpio.o
                0x0000000008003ec4                HAL_GPIO_ReadPin
 .text.HAL_GPIO_WritePin
                0x0000000008003ed0        0xc ./Drivers/STM32G0xx_HAL_Driver/Src/stm32g0xx_hal_gpio.o
                0x0000000008003ed0                HAL_GPIO_WritePin
 .text.HAL_GPIO_EXTI_Rising_Callback
                0x0000000008003edc        0x2 ./Drivers/STM32G0xx_HAL_Driver/Src/stm32g0xx_hal_gpio.o
                0x0000000008003edc                HAL_GPIO_EXTI_Rising_Callback
 *fill*         0x0000000008003ede        0x2 
 .text.HAL_GPIO_EXTI_IRQHandler
                0x0000000008003ee0       0x28 ./Drivers/STM32G0xx_HAL_Driver/Src/stm32g0xx_hal_gpio.o
                0x0000000008003ee0                HAL_GPIO_EXTI_IRQHandler
 .text.I2C_Flush_TXDR
                0x0000000008003f08       0x1c ./Drivers/STM32G0xx_HAL_Driver/Src/stm32g0xx_hal_i2c.o
 .text.I2C_TransferConfig
                0x0000000008003f24       0x2c ./Drivers/STM32G0xx_HAL_Driver/Src/stm32g0xx_hal_i2c.o
 .text.I2C_IsErrorOccurred
                0x0000000008003f50      0x108 ./Drivers/STM32G0xx_HAL_Driver/Src/stm32g0xx_hal_i2c.o
 .text.I2C_WaitOnTXISFlagUntilTimeout
                0x0000000008004058       0x54 ./Drivers/STM32G0xx_HAL_Driver/Src/stm32g0xx_hal_i2c.o
 .text.I2C_WaitOnFlagUntilTimeout
                0x00000000080040ac       0x50 ./Drivers/STM32G0xx_HAL_Driver/Src/stm32g0xx_hal_i2c.o
 .text.I2C_WaitOnSTOPFlagUntilTimeout
                0x00000000080040fc       0x50 ./Drivers/STM32G0xx_HAL_Driver/Src/stm32g0xx_hal_i2c.o
 .text.HAL_I2C_Init
                0x000000000800414c       0xac ./Drivers/STM32G0xx_HAL_Driver/Src/stm32g0xx_hal_i2c.o
                0x000000000800414c                HAL_I2C_Init
 .text.HAL_I2C_Mem_Write
                0x00000000080041f8      0x1bc ./Drivers/STM32G0xx_HAL_Driver/Src/stm32g0xx_hal_i2c.o
                0x00000000080041f8                HAL_I2C_Mem_Write
 .text.HAL_I2C_Mem_Read
                0x00000000080043b4      0x1c4 ./Drivers/STM32G0xx_HAL_Driver/Src/stm32g0xx_hal_i2c.o
                0x00000000080043b4                HAL_I2C_Mem_Read
 .text.HAL_I2CEx_ConfigAnalogFilter
                0x0000000008004578       0x4c ./Drivers/STM32G0xx_HAL_Driver/Src/stm32g0xx_hal_i2c_ex.o
                0x0000000008004578                HAL_I2CEx_ConfigAnalogFilter
 .text.HAL_I2CEx_ConfigDigitalFilter
                0x00000000080045c4       0x48 ./Drivers/STM32G0xx_HAL_Driver/Src/stm32g0xx_hal_i2c_ex.o
                0x00000000080045c4                HAL_I2CEx_ConfigDigitalFilter
 .text.HAL_PWR_EnableBkUpAccess
                0x000000000800460c       0x14 ./Drivers/STM32G0xx_HAL_Driver/Src/stm32g0xx_hal_pwr.o
                0x000000000800460c                HAL_PWR_EnableBkUpAccess
 .text.HAL_PWR_EnterSTOPMode
                0x0000000008004620       0x44 ./Drivers/STM32G0xx_HAL_Driver/Src/stm32g0xx_hal_pwr.o
                0x0000000008004620                HAL_PWR_EnterSTOPMode
 .text.HAL_PWREx_ControlVoltageScaling
                0x0000000008004664       0x58 ./Drivers/STM32G0xx_HAL_Driver/Src/stm32g0xx_hal_pwr_ex.o
                0x0000000008004664                HAL_PWREx_ControlVoltageScaling
 .text.HAL_RCC_OscConfig
                0x00000000080046bc      0x448 ./Drivers/STM32G0xx_HAL_Driver/Src/stm32g0xx_hal_rcc.o
                0x00000000080046bc                HAL_RCC_OscConfig
 .text.HAL_RCC_GetSysClockFreq
                0x0000000008004b04       0x8c ./Drivers/STM32G0xx_HAL_Driver/Src/stm32g0xx_hal_rcc.o
                0x0000000008004b04                HAL_RCC_GetSysClockFreq
 .text.HAL_RCC_ClockConfig
                0x0000000008004b90      0x15c ./Drivers/STM32G0xx_HAL_Driver/Src/stm32g0xx_hal_rcc.o
                0x0000000008004b90                HAL_RCC_ClockConfig
 .text.HAL_RCCEx_PeriphCLKConfig
                0x0000000008004cec      0x20c ./Drivers/STM32G0xx_HAL_Driver/Src/stm32g0xx_hal_rcc_ex.o
                0x0000000008004cec                HAL_RCCEx_PeriphCLKConfig
 .text.HAL_RTC_WaitForSynchro
                0x0000000008004ef8       0x34 ./Drivers/STM32G0xx_HAL_Driver/Src/stm32g0xx_hal_rtc.o
                0x0000000008004ef8                HAL_RTC_WaitForSynchro
 .text.RTC_EnterInitMode
                0x0000000008004f2c       0x48 ./Drivers/STM32G0xx_HAL_Driver/Src/stm32g0xx_hal_rtc.o
                0x0000000008004f2c                RTC_EnterInitMode
 .text.RTC_ExitInitMode
                0x0000000008004f74       0x48 ./Drivers/STM32G0xx_HAL_Driver/Src/stm32g0xx_hal_rtc.o
                0x0000000008004f74                RTC_ExitInitMode
 .text.HAL_RTC_Init
                0x0000000008004fbc       0xac ./Drivers/STM32G0xx_HAL_Driver/Src/stm32g0xx_hal_rtc.o
                0x0000000008004fbc                HAL_RTC_Init
 .text.RTC_ByteToBcd2
                0x0000000008005068       0x16 ./Drivers/STM32G0xx_HAL_Driver/Src/stm32g0xx_hal_rtc.o
                0x0000000008005068                RTC_ByteToBcd2
 *fill*         0x000000000800507e        0x2 
 .text.HAL_RTC_SetTime
                0x0000000008005080       0xd4 ./Drivers/STM32G0xx_HAL_Driver/Src/stm32g0xx_hal_rtc.o
                0x0000000008005080                HAL_RTC_SetTime
 .text.HAL_RTC_SetDate
                0x0000000008005154       0xac ./Drivers/STM32G0xx_HAL_Driver/Src/stm32g0xx_hal_rtc.o
                0x0000000008005154                HAL_RTC_SetDate
 .text.RTC_Bcd2ToByte
                0x0000000008005200       0x12 ./Drivers/STM32G0xx_HAL_Driver/Src/stm32g0xx_hal_rtc.o
                0x0000000008005200                RTC_Bcd2ToByte
 *fill*         0x0000000008005212        0x2 
 .text.HAL_RTC_GetTime
                0x0000000008005214       0x50 ./Drivers/STM32G0xx_HAL_Driver/Src/stm32g0xx_hal_rtc.o
                0x0000000008005214                HAL_RTC_GetTime
 .text.HAL_RTC_GetDate
                0x0000000008005264       0x44 ./Drivers/STM32G0xx_HAL_Driver/Src/stm32g0xx_hal_rtc.o
                0x0000000008005264                HAL_RTC_GetDate
 .text.HAL_RTCEx_SetWakeUpTimer_IT
                0x00000000080052a8       0xcc ./Drivers/STM32G0xx_HAL_Driver/Src/stm32g0xx_hal_rtc_ex.o
                0x00000000080052a8                HAL_RTCEx_SetWakeUpTimer_IT
 .text.HAL_RTCEx_WakeUpTimerEventCallback
                0x0000000008005374        0x2 ./Drivers/STM32G0xx_HAL_Driver/Src/stm32g0xx_hal_rtc_ex.o
                0x0000000008005374                HAL_RTCEx_WakeUpTimerEventCallback
 .text.HAL_RTCEx_WakeUpTimerIRQHandler
                0x0000000008005376       0x20 ./Drivers/STM32G0xx_HAL_Driver/Src/stm32g0xx_hal_rtc_ex.o
                0x0000000008005376                HAL_RTCEx_WakeUpTimerIRQHandler
 *fill*         0x0000000008005396        0x2 
 .text.SPI_WaitFifoStateUntilTimeout.constprop.0
                0x0000000008005398       0xd8 ./Drivers/STM32G0xx_HAL_Driver/Src/stm32g0xx_hal_spi.o
 .text.SPI_WaitFlagStateUntilTimeout.constprop.0
                0x0000000008005470       0xb8 ./Drivers/STM32G0xx_HAL_Driver/Src/stm32g0xx_hal_spi.o
 .text.SPI_EndRxTxTransaction
                0x0000000008005528       0x46 ./Drivers/STM32G0xx_HAL_Driver/Src/stm32g0xx_hal_spi.o
 *fill*         0x000000000800556e        0x2 
 .text.HAL_SPI_Init
                0x0000000008005570       0xf0 ./Drivers/STM32G0xx_HAL_Driver/Src/stm32g0xx_hal_spi.o
                0x0000000008005570                HAL_SPI_Init
 .text.HAL_SPI_Transmit
                0x0000000008005660      0x186 ./Drivers/STM32G0xx_HAL_Driver/Src/stm32g0xx_hal_spi.o
                0x0000000008005660                HAL_SPI_Transmit
 *fill*         0x00000000080057e6        0x2 
 .text.HAL_TIM_Base_Start_IT
                0x00000000080057e8       0x6c ./Drivers/STM32G0xx_HAL_Driver/Src/stm32g0xx_hal_tim.o
                0x00000000080057e8                HAL_TIM_Base_Start_IT
 .text.HAL_TIM_OC_DelayElapsedCallback
                0x0000000008005854        0x2 ./Drivers/STM32G0xx_HAL_Driver/Src/stm32g0xx_hal_tim.o
                0x0000000008005854                HAL_TIM_OC_DelayElapsedCallback
 .text.HAL_TIM_IC_CaptureCallback
                0x0000000008005856        0x2 ./Drivers/STM32G0xx_HAL_Driver/Src/stm32g0xx_hal_tim.o
                0x0000000008005856                HAL_TIM_IC_CaptureCallback
 .text.HAL_TIM_PWM_PulseFinishedCallback
                0x0000000008005858        0x2 ./Drivers/STM32G0xx_HAL_Driver/Src/stm32g0xx_hal_tim.o
                0x0000000008005858                HAL_TIM_PWM_PulseFinishedCallback
 .text.HAL_TIM_TriggerCallback
                0x000000000800585a        0x2 ./Drivers/STM32G0xx_HAL_Driver/Src/stm32g0xx_hal_tim.o
                0x000000000800585a                HAL_TIM_TriggerCallback
 .text.HAL_TIM_IRQHandler
                0x000000000800585c      0x168 ./Drivers/STM32G0xx_HAL_Driver/Src/stm32g0xx_hal_tim.o
                0x000000000800585c                HAL_TIM_IRQHandler
 .text.TIM_Base_SetConfig
                0x00000000080059c4       0xa0 ./Drivers/STM32G0xx_HAL_Driver/Src/stm32g0xx_hal_tim.o
                0x00000000080059c4                TIM_Base_SetConfig
 .text.HAL_TIM_Base_Init
                0x0000000008005a64       0x54 ./Drivers/STM32G0xx_HAL_Driver/Src/stm32g0xx_hal_tim.o
                0x0000000008005a64                HAL_TIM_Base_Init
 .text.TIM_ETR_SetConfig
                0x0000000008005ab8       0x18 ./Drivers/STM32G0xx_HAL_Driver/Src/stm32g0xx_hal_tim.o
                0x0000000008005ab8                TIM_ETR_SetConfig
 .text.HAL_TIM_ConfigClockSource
                0x0000000008005ad0      0x148 ./Drivers/STM32G0xx_HAL_Driver/Src/stm32g0xx_hal_tim.o
                0x0000000008005ad0                HAL_TIM_ConfigClockSource
 .text.HAL_TIMEx_MasterConfigSynchronization
                0x0000000008005c18       0x74 ./Drivers/STM32G0xx_HAL_Driver/Src/stm32g0xx_hal_tim_ex.o
                0x0000000008005c18                HAL_TIMEx_MasterConfigSynchronization
 .text.HAL_TIMEx_CommutCallback
                0x0000000008005c8c        0x2 ./Drivers/STM32G0xx_HAL_Driver/Src/stm32g0xx_hal_tim_ex.o
                0x0000000008005c8c                HAL_TIMEx_CommutCallback
 .text.HAL_TIMEx_BreakCallback
                0x0000000008005c8e        0x2 ./Drivers/STM32G0xx_HAL_Driver/Src/stm32g0xx_hal_tim_ex.o
                0x0000000008005c8e                HAL_TIMEx_BreakCallback
 .text.HAL_TIMEx_Break2Callback
                0x0000000008005c90        0x2 ./Drivers/STM32G0xx_HAL_Driver/Src/stm32g0xx_hal_tim_ex.o
                0x0000000008005c90                HAL_TIMEx_Break2Callback
 *fill*         0x0000000008005c92        0x2 
 .text.DEV_SPI_WriteByte
                0x0000000008005c94       0x1c ./Src/Display_Config/DEV_Config.o
                0x0000000008005c94                DEV_SPI_WriteByte
 .text.DEV_Module_Init
                0x0000000008005cb0       0x2e ./Src/Display_Config/DEV_Config.o
                0x0000000008005cb0                DEV_Module_Init
 .text.EPD_1IN54_V2_SendCommand
                0x0000000008005cde       0x34 ./Src/Display_EPD/EPD_1in54_V2.o
 .text.EPD_1IN54_V2_SendData
                0x0000000008005d12       0x34 ./Src/Display_EPD/EPD_1in54_V2.o
 *fill*         0x0000000008005d46        0x2 
 .text.EPD_1IN54_V2_ReadBusy
                0x0000000008005d48       0x34 ./Src/Display_EPD/EPD_1in54_V2.o
 .text.EPD_1IN54_V2_TurnOnDisplay
                0x0000000008005d7c       0x1a ./Src/Display_EPD/EPD_1in54_V2.o
 .text.EPD_1IN54_V2_TurnOnDisplayPart
                0x0000000008005d96       0x1a ./Src/Display_EPD/EPD_1in54_V2.o
 .text.EPD_1IN54_V2_Init
                0x0000000008005db0       0xea ./Src/Display_EPD/EPD_1in54_V2.o
                0x0000000008005db0                EPD_1IN54_V2_Init
 .text.EPD_1IN54_V2_Clear
                0x0000000008005e9a       0x2a ./Src/Display_EPD/EPD_1in54_V2.o
                0x0000000008005e9a                EPD_1IN54_V2_Clear
 .text.EPD_1IN54_V2_Display
                0x0000000008005ec4       0x34 ./Src/Display_EPD/EPD_1in54_V2.o
                0x0000000008005ec4                EPD_1IN54_V2_Display
 .text.EPD_1IN54_V2_DisplayPartBaseImage
                0x0000000008005ef8       0x54 ./Src/Display_EPD/EPD_1in54_V2.o
                0x0000000008005ef8                EPD_1IN54_V2_DisplayPartBaseImage
 .text.EPD_1IN54_V2_DisplayPart
                0x0000000008005f4c       0x68 ./Src/Display_EPD/EPD_1in54_V2.o
                0x0000000008005f4c                EPD_1IN54_V2_DisplayPart
 .text.EPD_1IN54_V2_Sleep
                0x0000000008005fb4       0x16 ./Src/Display_EPD/EPD_1in54_V2.o
                0x0000000008005fb4                EPD_1IN54_V2_Sleep
 *fill*         0x0000000008005fca        0x2 
 .text.Paint_NewImage
                0x0000000008005fcc       0x40 ./Src/Display_GUI/GUI_Paint.o
                0x0000000008005fcc                Paint_NewImage
 .text.Paint_SelectImage
                0x000000000800600c        0xc ./Src/Display_GUI/GUI_Paint.o
                0x000000000800600c                Paint_SelectImage
 .text.Paint_SetPixel
                0x0000000008006018      0x11c ./Src/Display_GUI/GUI_Paint.o
                0x0000000008006018                Paint_SetPixel
 .text.Paint_Clear
                0x0000000008006134       0x68 ./Src/Display_GUI/GUI_Paint.o
                0x0000000008006134                Paint_Clear
 .text.Paint_DrawPoint
                0x000000000800619c       0xe8 ./Src/Display_GUI/GUI_Paint.o
                0x000000000800619c                Paint_DrawPoint
 .text.Paint_DrawLine
                0x0000000008006284      0x100 ./Src/Display_GUI/GUI_Paint.o
                0x0000000008006284                Paint_DrawLine
 .text.Paint_DrawPointer
                0x0000000008006384       0xea ./Src/Display_GUI/GUI_Paint.o
                0x0000000008006384                Paint_DrawPointer
 *fill*         0x000000000800646e        0x2 
 .text.Paint_DrawRectangle
                0x0000000008006470       0xcc ./Src/Display_GUI/GUI_Paint.o
                0x0000000008006470                Paint_DrawRectangle
 .text.Paint_DrawCircle
                0x000000000800653c      0x270 ./Src/Display_GUI/GUI_Paint.o
                0x000000000800653c                Paint_DrawCircle
 .text.Paint_DrawChar
                0x00000000080067ac       0xbc ./Src/Display_GUI/GUI_Paint.o
                0x00000000080067ac                Paint_DrawChar
 .text.Paint_DrawString_EN
                0x0000000008006868       0x88 ./Src/Display_GUI/GUI_Paint.o
                0x0000000008006868                Paint_DrawString_EN
 .text.Paint_DrawNum
                0x00000000080068f0       0xb8 ./Src/Display_GUI/GUI_Paint.o
                0x00000000080068f0                Paint_DrawNum
 .text.MX_ADC1_Init
                0x00000000080069a8       0x84 ./Src/adc.o
                0x00000000080069a8                MX_ADC1_Init
 .text.HAL_ADC_MspInit
                0x0000000008006a2c       0x5c ./Src/adc.o
                0x0000000008006a2c                HAL_ADC_MspInit
 .text.MX_CRC_Init
                0x0000000008006a88       0x4c ./Src/crc.o
                0x0000000008006a88                MX_CRC_Init
 .text.MX_GPIO_Init
                0x0000000008006ad4       0xd8 ./Src/gpio.o
                0x0000000008006ad4                MX_GPIO_Init
 .text.MX_I2C1_Init
                0x0000000008006bac       0x5c ./Src/i2c.o
                0x0000000008006bac                MX_I2C1_Init
 .text.HAL_I2C_MspInit
                0x0000000008006c08       0x88 ./Src/i2c.o
                0x0000000008006c08                HAL_I2C_MspInit
 .text.SystemClock_Config
                0x0000000008006c90       0x90 ./Src/main.o
                0x0000000008006c90                SystemClock_Config
 .text.startup.main
                0x0000000008006d20      0x130 ./Src/main.o
                0x0000000008006d20                main
 .text.Error_Handler
                0x0000000008006e50        0x4 ./Src/main.o
                0x0000000008006e50                Error_Handler
 .text.MX_RTC_Init
                0x0000000008006e54       0xa8 ./Src/rtc.o
                0x0000000008006e54                MX_RTC_Init
 .text.HAL_RTC_MspInit
                0x0000000008006efc       0x6c ./Src/rtc.o
                0x0000000008006efc                HAL_RTC_MspInit
 .text.MX_SPI1_Init
                0x0000000008006f68       0x4c ./Src/spi.o
                0x0000000008006f68                MX_SPI1_Init
 .text.HAL_SPI_MspInit
                0x0000000008006fb4       0x84 ./Src/spi.o
                0x0000000008006fb4                HAL_SPI_MspInit
 .text.HAL_MspInit
                0x0000000008007038       0x34 ./Src/stm32g0xx_hal_msp.o
                0x0000000008007038                HAL_MspInit
 .text.NMI_Handler
                0x000000000800706c        0x2 ./Src/stm32g0xx_it.o
                0x000000000800706c                NMI_Handler
 .text.HardFault_Handler
                0x000000000800706e        0x2 ./Src/stm32g0xx_it.o
                0x000000000800706e                HardFault_Handler
 .text.SVC_Handler
                0x0000000008007070        0x2 ./Src/stm32g0xx_it.o
                0x0000000008007070                SVC_Handler
 .text.PendSV_Handler
                0x0000000008007072        0x2 ./Src/stm32g0xx_it.o
                0x0000000008007072                PendSV_Handler
 .text.SysTick_Handler
                0x0000000008007074        0x8 ./Src/stm32g0xx_it.o
                0x0000000008007074                SysTick_Handler
 .text.RTC_TAMP_IRQHandler
                0x000000000800707c       0x10 ./Src/stm32g0xx_it.o
                0x000000000800707c                RTC_TAMP_IRQHandler
 .text.EXTI2_3_IRQHandler
                0x000000000800708c       0x10 ./Src/stm32g0xx_it.o
                0x000000000800708c                EXTI2_3_IRQHandler
 .text.EXTI4_15_IRQHandler
                0x000000000800709c        0xa ./Src/stm32g0xx_it.o
                0x000000000800709c                EXTI4_15_IRQHandler
 *fill*         0x00000000080070a6        0x2 
 .text.TIM3_IRQHandler
                0x00000000080070a8       0x10 ./Src/stm32g0xx_it.o
                0x00000000080070a8                TIM3_IRQHandler
 .text.TIM6_DAC_LPTIM1_IRQHandler
                0x00000000080070b8       0x10 ./Src/stm32g0xx_it.o
                0x00000000080070b8                TIM6_DAC_LPTIM1_IRQHandler
 .text._read    0x00000000080070c8       0x1a ./Src/syscalls.o
                0x00000000080070c8                _read
 .text._write   0x00000000080070e2       0x1a ./Src/syscalls.o
                0x00000000080070e2                _write
 .text._close   0x00000000080070fc        0x6 ./Src/syscalls.o
                0x00000000080070fc                _close
 .text._fstat   0x0000000008007102        0xa ./Src/syscalls.o
                0x0000000008007102                _fstat
 .text._isatty  0x000000000800710c        0x4 ./Src/syscalls.o
                0x000000000800710c                _isatty
 .text._lseek   0x0000000008007110        0x4 ./Src/syscalls.o
                0x0000000008007110                _lseek
 .text._sbrk    0x0000000008007114       0x40 ./Src/sysmem.o
                0x0000000008007114                _sbrk
 .text.SystemInit
                0x0000000008007154        0x2 ./Src/system_stm32g0xx.o
                0x0000000008007154                SystemInit
 *fill*         0x0000000008007156        0x2 
 .text.MX_TIM3_Init
                0x0000000008007158       0x7c ./Src/tim.o
                0x0000000008007158                MX_TIM3_Init
 .text.MX_TIM6_Init
                0x00000000080071d4       0x54 ./Src/tim.o
                0x00000000080071d4                MX_TIM6_Init
 .text.HAL_TIM_Base_MspInit
                0x0000000008007228       0x60 ./Src/tim.o
                0x0000000008007228                HAL_TIM_Base_MspInit
 .text.bme280Init
                0x0000000008007288      0x138 ./Src/bd_libs/bme280_bd.o
                0x0000000008007288                bme280Init
 .text.bme280ChangeValue
                0x00000000080073c0       0x50 ./Src/bd_libs/bme280_bd.o
                0x00000000080073c0                bme280ChangeValue
 .text._BME280_compensate_T_int32
                0x0000000008007410       0x30 ./Src/bd_libs/bme280_bd.o
                0x0000000008007410                _BME280_compensate_T_int32
 .text._BME280_compensate_P_int64
                0x0000000008007440      0x15c ./Src/bd_libs/bme280_bd.o
                0x0000000008007440                _BME280_compensate_P_int64
 .text._BME280_compensate_H_int32
                0x000000000800759c       0x84 ./Src/bd_libs/bme280_bd.o
                0x000000000800759c                _BME280_compensate_H_int32
 .text.bme280Read
                0x0000000008007620      0x160 ./Src/bd_libs/bme280_bd.o
                0x0000000008007620                bme280Read
 .text.forecastInit
                0x0000000008007780       0x14 ./Src/bd_libs/forecast_bd.o
                0x0000000008007780                forecastInit
 .text.forecastAppendActual
                0x0000000008007794       0x32 ./Src/bd_libs/forecast_bd.o
                0x0000000008007794                forecastAppendActual
 .text.lis3mdlInit
                0x00000000080077c6       0x6c ./Src/bd_libs/lis3mdl_bd.o
                0x00000000080077c6                lis3mdlInit
 .text.lis3mdlGetCalibrationSample
                0x0000000008007832       0x32 ./Src/bd_libs/lis3mdl_bd.o
                0x0000000008007832                lis3mdlGetCalibrationSample
 .text.findMax  0x0000000008007864       0x28 ./Src/bd_libs/lis3mdl_bd.o
                0x0000000008007864                findMax
 .text.findMin  0x000000000800788c       0x28 ./Src/bd_libs/lis3mdl_bd.o
                0x000000000800788c                findMin
 .text.lis3mdlRead
                0x00000000080078b4      0x1bc ./Src/bd_libs/lis3mdl_bd.o
                0x00000000080078b4                lis3mdlRead
 .text.rtcInit  0x0000000008007a70       0x1c ./Src/bd_libs/rtc_bd.o
                0x0000000008007a70                rtcInit
 .text.rtcGetTime
                0x0000000008007a8c      0x254 ./Src/bd_libs/rtc_bd.o
                0x0000000008007a8c                rtcGetTime
 .text.rtcSetTime
                0x0000000008007ce0       0x40 ./Src/bd_libs/rtc_bd.o
                0x0000000008007ce0                rtcSetTime
 .text.rtcStartChrono
                0x0000000008007d20       0x64 ./Src/bd_libs/rtc_bd.o
                0x0000000008007d20                rtcStartChrono
 .text.rtcStopChrono
                0x0000000008007d84       0x98 ./Src/bd_libs/rtc_bd.o
                0x0000000008007d84                rtcStopChrono
 .text.rtcResumeChrono
                0x0000000008007e1c        0x8 ./Src/bd_libs/rtc_bd.o
                0x0000000008007e1c                rtcResumeChrono
 .text.rtcResetChrono
                0x0000000008007e24       0x14 ./Src/bd_libs/rtc_bd.o
                0x0000000008007e24                rtcResetChrono
 .text.rtcChangeValue
                0x0000000008007e38       0xf2 ./Src/bd_libs/rtc_bd.o
                0x0000000008007e38                rtcChangeValue
 *fill*         0x0000000008007f2a        0x2 
 .text.batteryCheckInit
                0x0000000008007f2c       0x10 ./Src/chrono/battery.o
                0x0000000008007f2c                batteryCheckInit
 .text.batteryReadState
                0x0000000008007f3c       0x3c ./Src/chrono/battery.o
                0x0000000008007f3c                batteryReadState
 .text.interfaceSettingsInit
                0x0000000008007f78       0x5a ./Src/chrono/interface.o
                0x0000000008007f78                interfaceSettingsInit
 .text.interfaceUpdateModeSwitch
                0x0000000008007fd2       0x34 ./Src/chrono/interface.o
                0x0000000008007fd2                interfaceUpdateModeSwitch
 *fill*         0x0000000008008006        0x2 
 .text.interfaceInit
                0x0000000008008008       0xfc ./Src/chrono/interface.o
                0x0000000008008008                interfaceInit
 .text.interfaceBurn
                0x0000000008008104       0x24 ./Src/chrono/interface.o
                0x0000000008008104                interfaceBurn
 .text.interfaceClear
                0x0000000008008128        0xe ./Src/chrono/interface.o
                0x0000000008008128                interfaceClear
 .text.interfaceSettingsClear
                0x0000000008008136        0xc ./Src/chrono/interface.o
                0x0000000008008136                interfaceSettingsClear
 *fill*         0x0000000008008142        0x2 
 .text.interfaceSettingsDraw
                0x0000000008008144      0x3c8 ./Src/chrono/interface.o
                0x0000000008008144                interfaceSettingsDraw
 .text.interfaceDrawIcon
                0x000000000800850c      0x2d4 ./Src/chrono/interface.o
                0x000000000800850c                interfaceDrawIcon
 .text.interfaceDrawDialer
                0x00000000080087e0      0x1d4 ./Src/chrono/interface.o
                0x00000000080087e0                interfaceDrawDialer
 .text.interfaceDrawMain
                0x00000000080089b4      0xb50 ./Src/chrono/interface.o
                0x00000000080089b4                interfaceDrawMain
 .text.goodNight
                0x0000000008009504       0x38 ./Src/chrono/sleep.o
                0x0000000008009504                goodNight
 .text.HAL_TIM_PeriodElapsedCallback
                0x000000000800953c       0x4c ./Src/chrono/timers.o
                0x000000000800953c                HAL_TIM_PeriodElapsedCallback
 .text.timersInit
                0x0000000008009588       0x10 ./Src/chrono/timers.o
                0x0000000008009588                timersInit
 .text.touchRead
                0x0000000008009598       0x2e ./Src/chrono/touch.o
                0x0000000008009598                touchRead
 *fill*         0x00000000080095c6        0x2 
 .text.HAL_GPIO_EXTI_Falling_Callback
                0x00000000080095c8       0xcc ./Src/chrono/touch.o
                0x00000000080095c8                HAL_GPIO_EXTI_Falling_Callback
 .text.watchInit
                0x0000000008009694       0x10 ./Src/chrono/watch.o
                0x0000000008009694                watchInit
 .text.watchSwitchMode
                0x00000000080096a4        0x8 ./Src/chrono/watch.o
                0x00000000080096a4                watchSwitchMode
 .text.watchSwitchSettingsItem
                0x00000000080096ac       0x12 ./Src/chrono/watch.o
                0x00000000080096ac                watchSwitchSettingsItem
 *fill*         0x00000000080096be        0x2 
 .text.Reset_Handler
                0x00000000080096c0       0x50 ./Startup/startup_stm32g071kbtx.o
                0x00000000080096c0                Reset_Handler
 .text.Default_Handler
                0x0000000008009710        0x2 ./Startup/startup_stm32g071kbtx.o
                0x0000000008009710                USART3_4_LPUART1_IRQHandler
                0x0000000008009710                TIM1_CC_IRQHandler
                0x0000000008009710                ADC1_COMP_IRQHandler
                0x0000000008009710                PVD_IRQHandler
                0x0000000008009710                I2C1_IRQHandler
                0x0000000008009710                TIM7_LPTIM2_IRQHandler
                0x0000000008009710                SPI1_IRQHandler
                0x0000000008009710                I2C2_IRQHandler
                0x0000000008009710                TIM17_IRQHandler
                0x0000000008009710                TIM16_IRQHandler
                0x0000000008009710                RCC_IRQHandler
                0x0000000008009710                DMA1_Channel1_IRQHandler
                0x0000000008009710                Default_Handler
                0x0000000008009710                CEC_IRQHandler
                0x0000000008009710                TIM14_IRQHandler
                0x0000000008009710                TIM15_IRQHandler
                0x0000000008009710                EXTI0_1_IRQHandler
                0x0000000008009710                SPI2_IRQHandler
                0x0000000008009710                WWDG_IRQHandler
                0x0000000008009710                TIM2_IRQHandler
                0x0000000008009710                DMA1_Ch4_7_DMAMUX1_OVR_IRQHandler
                0x0000000008009710                DMA1_Channel2_3_IRQHandler
                0x0000000008009710                UCPD1_2_IRQHandler
                0x0000000008009710                USART2_IRQHandler
                0x0000000008009710                FLASH_IRQHandler
                0x0000000008009710                USART1_IRQHandler
                0x0000000008009710                TIM1_BRK_UP_TRG_COM_IRQHandler
 *fill*         0x0000000008009712        0x2 
 .text.__errno  0x0000000008009714        0xc /home/bartosz/program/STM32CubeIDE_1.11.0/plugins/com.st.stm32cube.ide.mcu.externaltools.gnu-tools-for-stm32.10.3-2021.10.linux64_1.0.100.202210260954/tools/bin/../lib/gcc/arm-none-eabi/10.3.1/../../../../arm-none-eabi/lib/thumb/v6-m/nofp/libc_nano.a(lib_a-errno.o)
                0x0000000008009714                __errno
 .text.__libc_init_array
                0x0000000008009720       0x48 /home/bartosz/program/STM32CubeIDE_1.11.0/plugins/com.st.stm32cube.ide.mcu.externaltools.gnu-tools-for-stm32.10.3-2021.10.linux64_1.0.100.202210260954/tools/bin/../lib/gcc/arm-none-eabi/10.3.1/../../../../arm-none-eabi/lib/thumb/v6-m/nofp/libc_nano.a(lib_a-init.o)
                0x0000000008009720                __libc_init_array
 .text.malloc   0x0000000008009768       0x14 /home/bartosz/program/STM32CubeIDE_1.11.0/plugins/com.st.stm32cube.ide.mcu.externaltools.gnu-tools-for-stm32.10.3-2021.10.linux64_1.0.100.202210260954/tools/bin/../lib/gcc/arm-none-eabi/10.3.1/../../../../arm-none-eabi/lib/thumb/v6-m/nofp/libc_nano.a(lib_a-malloc.o)
                0x0000000008009768                malloc
 .text.memset   0x000000000800977c       0x10 /home/bartosz/program/STM32CubeIDE_1.11.0/plugins/com.st.stm32cube.ide.mcu.externaltools.gnu-tools-for-stm32.10.3-2021.10.linux64_1.0.100.202210260954/tools/bin/../lib/gcc/arm-none-eabi/10.3.1/../../../../arm-none-eabi/lib/thumb/v6-m/nofp/libc_nano.a(lib_a-memset.o)
                0x000000000800977c                memset
 .text._free_r  0x000000000800978c       0x94 /home/bartosz/program/STM32CubeIDE_1.11.0/plugins/com.st.stm32cube.ide.mcu.externaltools.gnu-tools-for-stm32.10.3-2021.10.linux64_1.0.100.202210260954/tools/bin/../lib/gcc/arm-none-eabi/10.3.1/../../../../arm-none-eabi/lib/thumb/v6-m/nofp/libc_nano.a(lib_a-nano-freer.o)
                0x000000000800978c                _free_r
 .text.sbrk_aligned
                0x0000000008009820       0x44 /home/bartosz/program/STM32CubeIDE_1.11.0/plugins/com.st.stm32cube.ide.mcu.externaltools.gnu-tools-for-stm32.10.3-2021.10.linux64_1.0.100.202210260954/tools/bin/../lib/gcc/arm-none-eabi/10.3.1/../../../../arm-none-eabi/lib/thumb/v6-m/nofp/libc_nano.a(lib_a-nano-mallocr.o)
 .text._malloc_r
                0x0000000008009864       0xec /home/bartosz/program/STM32CubeIDE_1.11.0/plugins/com.st.stm32cube.ide.mcu.externaltools.gnu-tools-for-stm32.10.3-2021.10.linux64_1.0.100.202210260954/tools/bin/../lib/gcc/arm-none-eabi/10.3.1/../../../../arm-none-eabi/lib/thumb/v6-m/nofp/libc_nano.a(lib_a-nano-mallocr.o)
                0x0000000008009864                _malloc_r
 .text.printf   0x0000000008009950       0x34 /home/bartosz/program/STM32CubeIDE_1.11.0/plugins/com.st.stm32cube.ide.mcu.externaltools.gnu-tools-for-stm32.10.3-2021.10.linux64_1.0.100.202210260954/tools/bin/../lib/gcc/arm-none-eabi/10.3.1/../../../../arm-none-eabi/lib/thumb/v6-m/nofp/libc_nano.a(lib_a-printf.o)
                0x0000000008009950                printf
                0x0000000008009950                iprintf
 .text._puts_r  0x0000000008009984       0xe4 /home/bartosz/program/STM32CubeIDE_1.11.0/plugins/com.st.stm32cube.ide.mcu.externaltools.gnu-tools-for-stm32.10.3-2021.10.linux64_1.0.100.202210260954/tools/bin/../lib/gcc/arm-none-eabi/10.3.1/../../../../arm-none-eabi/lib/thumb/v6-m/nofp/libc_nano.a(lib_a-puts.o)
                0x0000000008009984                _puts_r
 .text.puts     0x0000000008009a68       0x14 /home/bartosz/program/STM32CubeIDE_1.11.0/plugins/com.st.stm32cube.ide.mcu.externaltools.gnu-tools-for-stm32.10.3-2021.10.linux64_1.0.100.202210260954/tools/bin/../lib/gcc/arm-none-eabi/10.3.1/../../../../arm-none-eabi/lib/thumb/v6-m/nofp/libc_nano.a(lib_a-puts.o)
                0x0000000008009a68                puts
 .text._sbrk_r  0x0000000008009a7c       0x24 /home/bartosz/program/STM32CubeIDE_1.11.0/plugins/com.st.stm32cube.ide.mcu.externaltools.gnu-tools-for-stm32.10.3-2021.10.linux64_1.0.100.202210260954/tools/bin/../lib/gcc/arm-none-eabi/10.3.1/../../../../arm-none-eabi/lib/thumb/v6-m/nofp/libc_nano.a(lib_a-sbrkr.o)
                0x0000000008009a7c                _sbrk_r
 .text.__swbuf_r
                0x0000000008009aa0       0xac /home/bartosz/program/STM32CubeIDE_1.11.0/plugins/com.st.stm32cube.ide.mcu.externaltools.gnu-tools-for-stm32.10.3-2021.10.linux64_1.0.100.202210260954/tools/bin/../lib/gcc/arm-none-eabi/10.3.1/../../../../arm-none-eabi/lib/thumb/v6-m/nofp/libc_nano.a(lib_a-wbuf.o)
                0x0000000008009aa0                __swbuf_r
 .text.__swsetup_r
                0x0000000008009b4c       0xf0 /home/bartosz/program/STM32CubeIDE_1.11.0/plugins/com.st.stm32cube.ide.mcu.externaltools.gnu-tools-for-stm32.10.3-2021.10.linux64_1.0.100.202210260954/tools/bin/../lib/gcc/arm-none-eabi/10.3.1/../../../../arm-none-eabi/lib/thumb/v6-m/nofp/libc_nano.a(lib_a-wsetup.o)
                0x0000000008009b4c                __swsetup_r
 .text.__sflush_r
                0x0000000008009c3c      0x118 /home/bartosz/program/STM32CubeIDE_1.11.0/plugins/com.st.stm32cube.ide.mcu.externaltools.gnu-tools-for-stm32.10.3-2021.10.linux64_1.0.100.202210260954/tools/bin/../lib/gcc/arm-none-eabi/10.3.1/../../../../arm-none-eabi/lib/thumb/v6-m/nofp/libc_nano.a(lib_a-fflush.o)
                0x0000000008009c3c                __sflush_r
 .text._fflush_r
                0x0000000008009d54       0x80 /home/bartosz/program/STM32CubeIDE_1.11.0/plugins/com.st.stm32cube.ide.mcu.externaltools.gnu-tools-for-stm32.10.3-2021.10.linux64_1.0.100.202210260954/tools/bin/../lib/gcc/arm-none-eabi/10.3.1/../../../../arm-none-eabi/lib/thumb/v6-m/nofp/libc_nano.a(lib_a-fflush.o)
                0x0000000008009d54                _fflush_r
 .text.std      0x0000000008009dd4       0x48 /home/bartosz/program/STM32CubeIDE_1.11.0/plugins/com.st.stm32cube.ide.mcu.externaltools.gnu-tools-for-stm32.10.3-2021.10.linux64_1.0.100.202210260954/tools/bin/../lib/gcc/arm-none-eabi/10.3.1/../../../../arm-none-eabi/lib/thumb/v6-m/nofp/libc_nano.a(lib_a-findfp.o)
 .text._cleanup_r
                0x0000000008009e1c       0x10 /home/bartosz/program/STM32CubeIDE_1.11.0/plugins/com.st.stm32cube.ide.mcu.externaltools.gnu-tools-for-stm32.10.3-2021.10.linux64_1.0.100.202210260954/tools/bin/../lib/gcc/arm-none-eabi/10.3.1/../../../../arm-none-eabi/lib/thumb/v6-m/nofp/libc_nano.a(lib_a-findfp.o)
                0x0000000008009e1c                _cleanup_r
 .text.__sfmoreglue
                0x0000000008009e2c       0x2c /home/bartosz/program/STM32CubeIDE_1.11.0/plugins/com.st.stm32cube.ide.mcu.externaltools.gnu-tools-for-stm32.10.3-2021.10.linux64_1.0.100.202210260954/tools/bin/../lib/gcc/arm-none-eabi/10.3.1/../../../../arm-none-eabi/lib/thumb/v6-m/nofp/libc_nano.a(lib_a-findfp.o)
                0x0000000008009e2c                __sfmoreglue
 .text.__sfp_lock_acquire
                0x0000000008009e58       0x10 /home/bartosz/program/STM32CubeIDE_1.11.0/plugins/com.st.stm32cube.ide.mcu.externaltools.gnu-tools-for-stm32.10.3-2021.10.linux64_1.0.100.202210260954/tools/bin/../lib/gcc/arm-none-eabi/10.3.1/../../../../arm-none-eabi/lib/thumb/v6-m/nofp/libc_nano.a(lib_a-findfp.o)
                0x0000000008009e58                __sfp_lock_acquire
 .text.__sfp_lock_release
                0x0000000008009e68       0x10 /home/bartosz/program/STM32CubeIDE_1.11.0/plugins/com.st.stm32cube.ide.mcu.externaltools.gnu-tools-for-stm32.10.3-2021.10.linux64_1.0.100.202210260954/tools/bin/../lib/gcc/arm-none-eabi/10.3.1/../../../../arm-none-eabi/lib/thumb/v6-m/nofp/libc_nano.a(lib_a-findfp.o)
                0x0000000008009e68                __sfp_lock_release
 .text.__sinit_lock_acquire
                0x0000000008009e78       0x10 /home/bartosz/program/STM32CubeIDE_1.11.0/plugins/com.st.stm32cube.ide.mcu.externaltools.gnu-tools-for-stm32.10.3-2021.10.linux64_1.0.100.202210260954/tools/bin/../lib/gcc/arm-none-eabi/10.3.1/../../../../arm-none-eabi/lib/thumb/v6-m/nofp/libc_nano.a(lib_a-findfp.o)
                0x0000000008009e78                __sinit_lock_acquire
 .text.__sinit_lock_release
                0x0000000008009e88       0x10 /home/bartosz/program/STM32CubeIDE_1.11.0/plugins/com.st.stm32cube.ide.mcu.externaltools.gnu-tools-for-stm32.10.3-2021.10.linux64_1.0.100.202210260954/tools/bin/../lib/gcc/arm-none-eabi/10.3.1/../../../../arm-none-eabi/lib/thumb/v6-m/nofp/libc_nano.a(lib_a-findfp.o)
                0x0000000008009e88                __sinit_lock_release
 .text.__sinit  0x0000000008009e98       0x70 /home/bartosz/program/STM32CubeIDE_1.11.0/plugins/com.st.stm32cube.ide.mcu.externaltools.gnu-tools-for-stm32.10.3-2021.10.linux64_1.0.100.202210260954/tools/bin/../lib/gcc/arm-none-eabi/10.3.1/../../../../arm-none-eabi/lib/thumb/v6-m/nofp/libc_nano.a(lib_a-findfp.o)
                0x0000000008009e98                __sinit
 .text.__sfp    0x0000000008009f08       0x90 /home/bartosz/program/STM32CubeIDE_1.11.0/plugins/com.st.stm32cube.ide.mcu.externaltools.gnu-tools-for-stm32.10.3-2021.10.linux64_1.0.100.202210260954/tools/bin/../lib/gcc/arm-none-eabi/10.3.1/../../../../arm-none-eabi/lib/thumb/v6-m/nofp/libc_nano.a(lib_a-findfp.o)
                0x0000000008009f08                __sfp
 .text._fwalk_reent
                0x0000000008009f98       0x40 /home/bartosz/program/STM32CubeIDE_1.11.0/plugins/com.st.stm32cube.ide.mcu.externaltools.gnu-tools-for-stm32.10.3-2021.10.linux64_1.0.100.202210260954/tools/bin/../lib/gcc/arm-none-eabi/10.3.1/../../../../arm-none-eabi/lib/thumb/v6-m/nofp/libc_nano.a(lib_a-fwalk.o)
                0x0000000008009f98                _fwalk_reent
 .text.__retarget_lock_init_recursive
                0x0000000008009fd8        0x2 /home/bartosz/program/STM32CubeIDE_1.11.0/plugins/com.st.stm32cube.ide.mcu.externaltools.gnu-tools-for-stm32.10.3-2021.10.linux64_1.0.100.202210260954/tools/bin/../lib/gcc/arm-none-eabi/10.3.1/../../../../arm-none-eabi/lib/thumb/v6-m/nofp/libc_nano.a(lib_a-lock.o)
                0x0000000008009fd8                __retarget_lock_init_recursive
 .text.__retarget_lock_acquire_recursive
                0x0000000008009fda        0x2 /home/bartosz/program/STM32CubeIDE_1.11.0/plugins/com.st.stm32cube.ide.mcu.externaltools.gnu-tools-for-stm32.10.3-2021.10.linux64_1.0.100.202210260954/tools/bin/../lib/gcc/arm-none-eabi/10.3.1/../../../../arm-none-eabi/lib/thumb/v6-m/nofp/libc_nano.a(lib_a-lock.o)
                0x0000000008009fda                __retarget_lock_acquire_recursive
 .text.__retarget_lock_release_recursive
                0x0000000008009fdc        0x2 /home/bartosz/program/STM32CubeIDE_1.11.0/plugins/com.st.stm32cube.ide.mcu.externaltools.gnu-tools-for-stm32.10.3-2021.10.linux64_1.0.100.202210260954/tools/bin/../lib/gcc/arm-none-eabi/10.3.1/../../../../arm-none-eabi/lib/thumb/v6-m/nofp/libc_nano.a(lib_a-lock.o)
                0x0000000008009fdc                __retarget_lock_release_recursive
 *fill*         0x0000000008009fde        0x2 
 .text.__swhatbuf_r
                0x0000000008009fe0       0x50 /home/bartosz/program/STM32CubeIDE_1.11.0/plugins/com.st.stm32cube.ide.mcu.externaltools.gnu-tools-for-stm32.10.3-2021.10.linux64_1.0.100.202210260954/tools/bin/../lib/gcc/arm-none-eabi/10.3.1/../../../../arm-none-eabi/lib/thumb/v6-m/nofp/libc_nano.a(lib_a-makebuf.o)
                0x0000000008009fe0                __swhatbuf_r
 .text.__smakebuf_r
                0x000000000800a030       0x88 /home/bartosz/program/STM32CubeIDE_1.11.0/plugins/com.st.stm32cube.ide.mcu.externaltools.gnu-tools-for-stm32.10.3-2021.10.linux64_1.0.100.202210260954/tools/bin/../lib/gcc/arm-none-eabi/10.3.1/../../../../arm-none-eabi/lib/thumb/v6-m/nofp/libc_nano.a(lib_a-makebuf.o)
                0x000000000800a030                __smakebuf_r
 .text.__malloc_lock
                0x000000000800a0b8       0x10 /home/bartosz/program/STM32CubeIDE_1.11.0/plugins/com.st.stm32cube.ide.mcu.externaltools.gnu-tools-for-stm32.10.3-2021.10.linux64_1.0.100.202210260954/tools/bin/../lib/gcc/arm-none-eabi/10.3.1/../../../../arm-none-eabi/lib/thumb/v6-m/nofp/libc_nano.a(lib_a-mlock.o)
                0x000000000800a0b8                __malloc_lock
 .text.__malloc_unlock
                0x000000000800a0c8       0x10 /home/bartosz/program/STM32CubeIDE_1.11.0/plugins/com.st.stm32cube.ide.mcu.externaltools.gnu-tools-for-stm32.10.3-2021.10.linux64_1.0.100.202210260954/tools/bin/../lib/gcc/arm-none-eabi/10.3.1/../../../../arm-none-eabi/lib/thumb/v6-m/nofp/libc_nano.a(lib_a-mlock.o)
                0x000000000800a0c8                __malloc_unlock
 .text.__sfputc_r
                0x000000000800a0d8       0x2a /home/bartosz/program/STM32CubeIDE_1.11.0/plugins/com.st.stm32cube.ide.mcu.externaltools.gnu-tools-for-stm32.10.3-2021.10.linux64_1.0.100.202210260954/tools/bin/../lib/gcc/arm-none-eabi/10.3.1/../../../../arm-none-eabi/lib/thumb/v6-m/nofp/libc_nano.a(lib_a-nano-vfprintf.o)
 .text.__sfputs_r
                0x000000000800a102       0x24 /home/bartosz/program/STM32CubeIDE_1.11.0/plugins/com.st.stm32cube.ide.mcu.externaltools.gnu-tools-for-stm32.10.3-2021.10.linux64_1.0.100.202210260954/tools/bin/../lib/gcc/arm-none-eabi/10.3.1/../../../../arm-none-eabi/lib/thumb/v6-m/nofp/libc_nano.a(lib_a-nano-vfprintf.o)
                0x000000000800a102                __sfputs_r
 *fill*         0x000000000800a126        0x2 
 .text._vfprintf_r
                0x000000000800a128      0x274 /home/bartosz/program/STM32CubeIDE_1.11.0/plugins/com.st.stm32cube.ide.mcu.externaltools.gnu-tools-for-stm32.10.3-2021.10.linux64_1.0.100.202210260954/tools/bin/../lib/gcc/arm-none-eabi/10.3.1/../../../../arm-none-eabi/lib/thumb/v6-m/nofp/libc_nano.a(lib_a-nano-vfprintf.o)
                0x000000000800a128                _vfiprintf_r
                0x000000000800a128                _vfprintf_r
 .text._printf_common
                0x000000000800a39c       0xde /home/bartosz/program/STM32CubeIDE_1.11.0/plugins/com.st.stm32cube.ide.mcu.externaltools.gnu-tools-for-stm32.10.3-2021.10.linux64_1.0.100.202210260954/tools/bin/../lib/gcc/arm-none-eabi/10.3.1/../../../../arm-none-eabi/lib/thumb/v6-m/nofp/libc_nano.a(lib_a-nano-vfprintf_i.o)
                0x000000000800a39c                _printf_common
 *fill*         0x000000000800a47a        0x2 
 .text._printf_i
                0x000000000800a47c      0x224 /home/bartosz/program/STM32CubeIDE_1.11.0/plugins/com.st.stm32cube.ide.mcu.externaltools.gnu-tools-for-stm32.10.3-2021.10.linux64_1.0.100.202210260954/tools/bin/../lib/gcc/arm-none-eabi/10.3.1/../../../../arm-none-eabi/lib/thumb/v6-m/nofp/libc_nano.a(lib_a-nano-vfprintf_i.o)
                0x000000000800a47c                _printf_i
 .text.__sread  0x000000000800a6a0       0x28 /home/bartosz/program/STM32CubeIDE_1.11.0/plugins/com.st.stm32cube.ide.mcu.externaltools.gnu-tools-for-stm32.10.3-2021.10.linux64_1.0.100.202210260954/tools/bin/../lib/gcc/arm-none-eabi/10.3.1/../../../../arm-none-eabi/lib/thumb/v6-m/nofp/libc_nano.a(lib_a-stdio.o)
                0x000000000800a6a0                __sread
 .text.__swrite
                0x000000000800a6c8       0x38 /home/bartosz/program/STM32CubeIDE_1.11.0/plugins/com.st.stm32cube.ide.mcu.externaltools.gnu-tools-for-stm32.10.3-2021.10.linux64_1.0.100.202210260954/tools/bin/../lib/gcc/arm-none-eabi/10.3.1/../../../../arm-none-eabi/lib/thumb/v6-m/nofp/libc_nano.a(lib_a-stdio.o)
                0x000000000800a6c8                __swrite
 .text.__sseek  0x000000000800a700       0x2c /home/bartosz/program/STM32CubeIDE_1.11.0/plugins/com.st.stm32cube.ide.mcu.externaltools.gnu-tools-for-stm32.10.3-2021.10.linux64_1.0.100.202210260954/tools/bin/../lib/gcc/arm-none-eabi/10.3.1/../../../../arm-none-eabi/lib/thumb/v6-m/nofp/libc_nano.a(lib_a-stdio.o)
                0x000000000800a700                __sseek
 .text.__sclose
                0x000000000800a72c        0xc /home/bartosz/program/STM32CubeIDE_1.11.0/plugins/com.st.stm32cube.ide.mcu.externaltools.gnu-tools-for-stm32.10.3-2021.10.linux64_1.0.100.202210260954/tools/bin/../lib/gcc/arm-none-eabi/10.3.1/../../../../arm-none-eabi/lib/thumb/v6-m/nofp/libc_nano.a(lib_a-stdio.o)
                0x000000000800a72c                __sclose
 .text._write_r
                0x000000000800a738       0x28 /home/bartosz/program/STM32CubeIDE_1.11.0/plugins/com.st.stm32cube.ide.mcu.externaltools.gnu-tools-for-stm32.10.3-2021.10.linux64_1.0.100.202210260954/tools/bin/../lib/gcc/arm-none-eabi/10.3.1/../../../../arm-none-eabi/lib/thumb/v6-m/nofp/libc_nano.a(lib_a-writer.o)
                0x000000000800a738                _write_r
 .text._close_r
                0x000000000800a760       0x24 /home/bartosz/program/STM32CubeIDE_1.11.0/plugins/com.st.stm32cube.ide.mcu.externaltools.gnu-tools-for-stm32.10.3-2021.10.linux64_1.0.100.202210260954/tools/bin/../lib/gcc/arm-none-eabi/10.3.1/../../../../arm-none-eabi/lib/thumb/v6-m/nofp/libc_nano.a(lib_a-closer.o)
                0x000000000800a760                _close_r
 .text._fstat_r
                0x000000000800a784       0x24 /home/bartosz/program/STM32CubeIDE_1.11.0/plugins/com.st.stm32cube.ide.mcu.externaltools.gnu-tools-for-stm32.10.3-2021.10.linux64_1.0.100.202210260954/tools/bin/../lib/gcc/arm-none-eabi/10.3.1/../../../../arm-none-eabi/lib/thumb/v6-m/nofp/libc_nano.a(lib_a-fstatr.o)
                0x000000000800a784                _fstat_r
 .text._isatty_r
                0x000000000800a7a8       0x24 /home/bartosz/program/STM32CubeIDE_1.11.0/plugins/com.st.stm32cube.ide.mcu.externaltools.gnu-tools-for-stm32.10.3-2021.10.linux64_1.0.100.202210260954/tools/bin/../lib/gcc/arm-none-eabi/10.3.1/../../../../arm-none-eabi/lib/thumb/v6-m/nofp/libc_nano.a(lib_a-isattyr.o)
                0x000000000800a7a8                _isatty_r
 .text._lseek_r
                0x000000000800a7cc       0x28 /home/bartosz/program/STM32CubeIDE_1.11.0/plugins/com.st.stm32cube.ide.mcu.externaltools.gnu-tools-for-stm32.10.3-2021.10.linux64_1.0.100.202210260954/tools/bin/../lib/gcc/arm-none-eabi/10.3.1/../../../../arm-none-eabi/lib/thumb/v6-m/nofp/libc_nano.a(lib_a-lseekr.o)
                0x000000000800a7cc                _lseek_r
 .text.memchr   0x000000000800a7f4       0x16 /home/bartosz/program/STM32CubeIDE_1.11.0/plugins/com.st.stm32cube.ide.mcu.externaltools.gnu-tools-for-stm32.10.3-2021.10.linux64_1.0.100.202210260954/tools/bin/../lib/gcc/arm-none-eabi/10.3.1/../../../../arm-none-eabi/lib/thumb/v6-m/nofp/libc_nano.a(lib_a-memchr-stub.o)
                0x000000000800a7f4                memchr
 *fill*         0x000000000800a80a        0x2 
 .text._read_r  0x000000000800a80c       0x28 /home/bartosz/program/STM32CubeIDE_1.11.0/plugins/com.st.stm32cube.ide.mcu.externaltools.gnu-tools-for-stm32.10.3-2021.10.linux64_1.0.100.202210260954/tools/bin/../lib/gcc/arm-none-eabi/10.3.1/../../../../arm-none-eabi/lib/thumb/v6-m/nofp/libc_nano.a(lib_a-readr.o)
                0x000000000800a80c                _read_r
 .text.cos      0x000000000800a834       0x84 /home/bartosz/program/STM32CubeIDE_1.11.0/plugins/com.st.stm32cube.ide.mcu.externaltools.gnu-tools-for-stm32.10.3-2021.10.linux64_1.0.100.202210260954/tools/bin/../lib/gcc/arm-none-eabi/10.3.1/../../../../arm-none-eabi/lib/thumb/v6-m/nofp/libm.a(lib_a-s_cos.o)
                0x000000000800a834                cos
 .text.sin      0x000000000800a8b8       0x8c /home/bartosz/program/STM32CubeIDE_1.11.0/plugins/com.st.stm32cube.ide.mcu.externaltools.gnu-tools-for-stm32.10.3-2021.10.linux64_1.0.100.202210260954/tools/bin/../lib/gcc/arm-none-eabi/10.3.1/../../../../arm-none-eabi/lib/thumb/v6-m/nofp/libm.a(lib_a-s_sin.o)
                0x000000000800a8b8                sin
 .text.atan2    0x000000000800a944        0x8 /home/bartosz/program/STM32CubeIDE_1.11.0/plugins/com.st.stm32cube.ide.mcu.externaltools.gnu-tools-for-stm32.10.3-2021.10.linux64_1.0.100.202210260954/tools/bin/../lib/gcc/arm-none-eabi/10.3.1/../../../../arm-none-eabi/lib/thumb/v6-m/nofp/libm.a(lib_a-w_atan2.o)
                0x000000000800a944                atan2
 .text.log      0x000000000800a94c       0x6c /home/bartosz/program/STM32CubeIDE_1.11.0/plugins/com.st.stm32cube.ide.mcu.externaltools.gnu-tools-for-stm32.10.3-2021.10.linux64_1.0.100.202210260954/tools/bin/../lib/gcc/arm-none-eabi/10.3.1/../../../../arm-none-eabi/lib/thumb/v6-m/nofp/libm.a(lib_a-w_log.o)
                0x000000000800a94c                log
 .text.__ieee754_atan2
                0x000000000800a9b8      0x158 /home/bartosz/program/STM32CubeIDE_1.11.0/plugins/com.st.stm32cube.ide.mcu.externaltools.gnu-tools-for-stm32.10.3-2021.10.linux64_1.0.100.202210260954/tools/bin/../lib/gcc/arm-none-eabi/10.3.1/../../../../arm-none-eabi/lib/thumb/v6-m/nofp/libm.a(lib_a-e_atan2.o)
                0x000000000800a9b8                __ieee754_atan2
 .text.__ieee754_log
                0x000000000800ab10      0x360 /home/bartosz/program/STM32CubeIDE_1.11.0/plugins/com.st.stm32cube.ide.mcu.externaltools.gnu-tools-for-stm32.10.3-2021.10.linux64_1.0.100.202210260954/tools/bin/../lib/gcc/arm-none-eabi/10.3.1/../../../../arm-none-eabi/lib/thumb/v6-m/nofp/libm.a(lib_a-e_log.o)
                0x000000000800ab10                __ieee754_log
 .text.__ieee754_rem_pio2
                0x000000000800ae70      0x3e0 /home/bartosz/program/STM32CubeIDE_1.11.0/plugins/com.st.stm32cube.ide.mcu.externaltools.gnu-tools-for-stm32.10.3-2021.10.linux64_1.0.100.202210260954/tools/bin/../lib/gcc/arm-none-eabi/10.3.1/../../../../arm-none-eabi/lib/thumb/v6-m/nofp/libm.a(lib_a-e_rem_pio2.o)
                0x000000000800ae70                __ieee754_rem_pio2
 .text.__kernel_cos
                0x000000000800b250      0x180 /home/bartosz/program/STM32CubeIDE_1.11.0/plugins/com.st.stm32cube.ide.mcu.externaltools.gnu-tools-for-stm32.10.3-2021.10.linux64_1.0.100.202210260954/tools/bin/../lib/gcc/arm-none-eabi/10.3.1/../../../../arm-none-eabi/lib/thumb/v6-m/nofp/libm.a(lib_a-k_cos.o)
                0x000000000800b250                __kernel_cos
 .text.__kernel_rem_pio2
                0x000000000800b3d0      0x6d4 /home/bartosz/program/STM32CubeIDE_1.11.0/plugins/com.st.stm32cube.ide.mcu.externaltools.gnu-tools-for-stm32.10.3-2021.10.linux64_1.0.100.202210260954/tools/bin/../lib/gcc/arm-none-eabi/10.3.1/../../../../arm-none-eabi/lib/thumb/v6-m/nofp/libm.a(lib_a-k_rem_pio2.o)
                0x000000000800b3d0                __kernel_rem_pio2
 .text.__kernel_sin
                0x000000000800baa4      0x158 /home/bartosz/program/STM32CubeIDE_1.11.0/plugins/com.st.stm32cube.ide.mcu.externaltools.gnu-tools-for-stm32.10.3-2021.10.linux64_1.0.100.202210260954/tools/bin/../lib/gcc/arm-none-eabi/10.3.1/../../../../arm-none-eabi/lib/thumb/v6-m/nofp/libm.a(lib_a-k_sin.o)
                0x000000000800baa4                __kernel_sin
 .text.atan     0x000000000800bbfc      0x300 /home/bartosz/program/STM32CubeIDE_1.11.0/plugins/com.st.stm32cube.ide.mcu.externaltools.gnu-tools-for-stm32.10.3-2021.10.linux64_1.0.100.202210260954/tools/bin/../lib/gcc/arm-none-eabi/10.3.1/../../../../arm-none-eabi/lib/thumb/v6-m/nofp/libm.a(lib_a-s_atan.o)
                0x000000000800bbfc                atan
 .text.fabs     0x000000000800befc        0x6 /home/bartosz/program/STM32CubeIDE_1.11.0/plugins/com.st.stm32cube.ide.mcu.externaltools.gnu-tools-for-stm32.10.3-2021.10.linux64_1.0.100.202210260954/tools/bin/../lib/gcc/arm-none-eabi/10.3.1/../../../../arm-none-eabi/lib/thumb/v6-m/nofp/libm.a(lib_a-s_fabs.o)
                0x000000000800befc                fabs
 *fill*         0x000000000800bf02        0x2 
 .text.floor    0x000000000800bf04      0x114 /home/bartosz/program/STM32CubeIDE_1.11.0/plugins/com.st.stm32cube.ide.mcu.externaltools.gnu-tools-for-stm32.10.3-2021.10.linux64_1.0.100.202210260954/tools/bin/../lib/gcc/arm-none-eabi/10.3.1/../../../../arm-none-eabi/lib/thumb/v6-m/nofp/libm.a(lib_a-s_floor.o)
                0x000000000800bf04                floor
 .text.nan      0x000000000800c018        0xc /home/bartosz/program/STM32CubeIDE_1.11.0/plugins/com.st.stm32cube.ide.mcu.externaltools.gnu-tools-for-stm32.10.3-2021.10.linux64_1.0.100.202210260954/tools/bin/../lib/gcc/arm-none-eabi/10.3.1/../../../../arm-none-eabi/lib/thumb/v6-m/nofp/libm.a(lib_a-s_nan.o)
                0x000000000800c018                nan
 .text.scalbn   0x000000000800c024       0xe8 /home/bartosz/program/STM32CubeIDE_1.11.0/plugins/com.st.stm32cube.ide.mcu.externaltools.gnu-tools-for-stm32.10.3-2021.10.linux64_1.0.100.202210260954/tools/bin/../lib/gcc/arm-none-eabi/10.3.1/../../../../arm-none-eabi/lib/thumb/v6-m/nofp/libm.a(lib_a-s_scalbn.o)
                0x000000000800c024                scalbn
 *(.glue_7)
 .glue_7        0x000000000800c10c        0x0 linker stubs
 *(.glue_7t)
 .glue_7t       0x000000000800c10c        0x0 linker stubs
 *(.eh_frame)
 .eh_frame      0x000000000800c10c        0x0 /home/bartosz/program/STM32CubeIDE_1.11.0/plugins/com.st.stm32cube.ide.mcu.externaltools.gnu-tools-for-stm32.10.3-2021.10.linux64_1.0.100.202210260954/tools/bin/../lib/gcc/arm-none-eabi/10.3.1/thumb/v6-m/nofp/crtbegin.o
 *(.init)
 .init          0x000000000800c10c        0x4 /home/bartosz/program/STM32CubeIDE_1.11.0/plugins/com.st.stm32cube.ide.mcu.externaltools.gnu-tools-for-stm32.10.3-2021.10.linux64_1.0.100.202210260954/tools/bin/../lib/gcc/arm-none-eabi/10.3.1/thumb/v6-m/nofp/crti.o
                0x000000000800c10c                _init
 .init          0x000000000800c110        0x8 /home/bartosz/program/STM32CubeIDE_1.11.0/plugins/com.st.stm32cube.ide.mcu.externaltools.gnu-tools-for-stm32.10.3-2021.10.linux64_1.0.100.202210260954/tools/bin/../lib/gcc/arm-none-eabi/10.3.1/thumb/v6-m/nofp/crtn.o
 *(.fini)
 .fini          0x000000000800c118        0x4 /home/bartosz/program/STM32CubeIDE_1.11.0/plugins/com.st.stm32cube.ide.mcu.externaltools.gnu-tools-for-stm32.10.3-2021.10.linux64_1.0.100.202210260954/tools/bin/../lib/gcc/arm-none-eabi/10.3.1/thumb/v6-m/nofp/crti.o
                0x000000000800c118                _fini
 .fini          0x000000000800c11c        0x8 /home/bartosz/program/STM32CubeIDE_1.11.0/plugins/com.st.stm32cube.ide.mcu.externaltools.gnu-tools-for-stm32.10.3-2021.10.linux64_1.0.100.202210260954/tools/bin/../lib/gcc/arm-none-eabi/10.3.1/thumb/v6-m/nofp/crtn.o
                0x000000000800c124                . = ALIGN (0x4)
                0x000000000800c124                _etext = .

.vfp11_veneer   0x000000000800c124        0x0
 .vfp11_veneer  0x000000000800c124        0x0 linker stubs

.v4_bx          0x000000000800c124        0x0
 .v4_bx         0x000000000800c124        0x0 linker stubs

.iplt           0x000000000800c124        0x0
 .iplt          0x000000000800c124        0x0 /home/bartosz/program/STM32CubeIDE_1.11.0/plugins/com.st.stm32cube.ide.mcu.externaltools.gnu-tools-for-stm32.10.3-2021.10.linux64_1.0.100.202210260954/tools/bin/../lib/gcc/arm-none-eabi/10.3.1/thumb/v6-m/nofp/crtbegin.o

.rodata         0x000000000800c128     0x4420
                0x000000000800c128                . = ALIGN (0x4)
 *(.rodata)
 .rodata        0x000000000800c128       0x80 /home/bartosz/program/STM32CubeIDE_1.11.0/plugins/com.st.stm32cube.ide.mcu.externaltools.gnu-tools-for-stm32.10.3-2021.10.linux64_1.0.100.202210260954/tools/bin/../lib/gcc/arm-none-eabi/10.3.1/thumb/v6-m/nofp/libgcc.a(divsf3.o)
 .rodata        0x000000000800c1a8       0x40 /home/bartosz/program/STM32CubeIDE_1.11.0/plugins/com.st.stm32cube.ide.mcu.externaltools.gnu-tools-for-stm32.10.3-2021.10.linux64_1.0.100.202210260954/tools/bin/../lib/gcc/arm-none-eabi/10.3.1/thumb/v6-m/nofp/libgcc.a(mulsf3.o)
 .rodata        0x000000000800c1e8       0x40 /home/bartosz/program/STM32CubeIDE_1.11.0/plugins/com.st.stm32cube.ide.mcu.externaltools.gnu-tools-for-stm32.10.3-2021.10.linux64_1.0.100.202210260954/tools/bin/../lib/gcc/arm-none-eabi/10.3.1/thumb/v6-m/nofp/libgcc.a(divdf3.o)
 .rodata        0x000000000800c228       0x40 /home/bartosz/program/STM32CubeIDE_1.11.0/plugins/com.st.stm32cube.ide.mcu.externaltools.gnu-tools-for-stm32.10.3-2021.10.linux64_1.0.100.202210260954/tools/bin/../lib/gcc/arm-none-eabi/10.3.1/thumb/v6-m/nofp/libgcc.a(muldf3.o)
 *(.rodata*)
 .rodata.EPD_1IN54_V2_ReadBusy.str1.1
                0x000000000800c268       0x32 ./Src/Display_EPD/EPD_1in54_V2.o
 .rodata.Paint_SetPixel.str1.1
                0x000000000800c29a       0x25 ./Src/Display_GUI/GUI_Paint.o
 .rodata.Paint_DrawPoint.str1.1
                0x000000000800c2bf       0x88 ./Src/Display_GUI/GUI_Paint.o
 .rodata.Paint_DrawLine.str1.1
                0x000000000800c347       0x3e ./Src/Display_GUI/GUI_Paint.o
 .rodata.Paint_DrawRectangle.str1.1
                0x000000000800c385       0x2f ./Src/Display_GUI/GUI_Paint.o
 .rodata.Paint_DrawCircle.str1.1
                0x000000000800c3b4       0x40 ./Src/Display_GUI/GUI_Paint.o
 .rodata.Paint_DrawChar.str1.1
                0x000000000800c3f4       0x3e ./Src/Display_GUI/GUI_Paint.o
 .rodata.Paint_DrawString_EN.str1.1
                0x000000000800c432       0x43 ./Src/Display_GUI/GUI_Paint.o
 .rodata.Paint_DrawNum.str1.1
                0x000000000800c475       0x3c ./Src/Display_GUI/GUI_Paint.o
 .rodata.Font12_Table
                0x000000000800c4b1      0x474 ./Src/Fonts/font12.o
                0x000000000800c4b1                Font12_Table
 .rodata.Font16_Table
                0x000000000800c925      0xbe0 ./Src/Fonts/font16.o
                0x000000000800c925                Font16_Table
 .rodata.Font20_Table
                0x000000000800d505      0xed8 ./Src/Fonts/font20.o
                0x000000000800d505                Font20_Table
 .rodata.Font24_Table
                0x000000000800e3dd     0x1ab8 ./Src/Fonts/font24.o
                0x000000000800e3dd                Font24_Table
 .rodata.Font8_Table
                0x000000000800fe95      0x2f8 ./Src/Fonts/font8.o
                0x000000000800fe95                Font8_Table
 *fill*         0x000000000801018d        0x3 
 .rodata.AHBPrescTable
                0x0000000008010190       0x40 ./Src/system_stm32g0xx.o
                0x0000000008010190                AHBPrescTable
 .rodata.interfaceInit.str1.1
                0x00000000080101d0       0x68 ./Src/chrono/interface.o
 .rodata.interfaceSettingsDraw.str1.1
                0x0000000008010238        0x9 ./Src/chrono/interface.o
 .rodata.interfaceDrawMain.str1.1
                0x0000000008010241       0x25 ./Src/chrono/interface.o
                                         0x27 (size before relaxing)
 *fill*         0x0000000008010266        0x2 
 .rodata._global_impure_ptr
                0x0000000008010268        0x4 /home/bartosz/program/STM32CubeIDE_1.11.0/plugins/com.st.stm32cube.ide.mcu.externaltools.gnu-tools-for-stm32.10.3-2021.10.linux64_1.0.100.202210260954/tools/bin/../lib/gcc/arm-none-eabi/10.3.1/../../../../arm-none-eabi/lib/thumb/v6-m/nofp/libc_nano.a(lib_a-impure.o)
                0x0000000008010268                _global_impure_ptr
 .rodata.__sf_fake_stderr
                0x000000000801026c       0x20 /home/bartosz/program/STM32CubeIDE_1.11.0/plugins/com.st.stm32cube.ide.mcu.externaltools.gnu-tools-for-stm32.10.3-2021.10.linux64_1.0.100.202210260954/tools/bin/../lib/gcc/arm-none-eabi/10.3.1/../../../../arm-none-eabi/lib/thumb/v6-m/nofp/libc_nano.a(lib_a-findfp.o)
                0x000000000801026c                __sf_fake_stderr
 .rodata.__sf_fake_stdin
                0x000000000801028c       0x20 /home/bartosz/program/STM32CubeIDE_1.11.0/plugins/com.st.stm32cube.ide.mcu.externaltools.gnu-tools-for-stm32.10.3-2021.10.linux64_1.0.100.202210260954/tools/bin/../lib/gcc/arm-none-eabi/10.3.1/../../../../arm-none-eabi/lib/thumb/v6-m/nofp/libc_nano.a(lib_a-findfp.o)
                0x000000000801028c                __sf_fake_stdin
 .rodata.__sf_fake_stdout
                0x00000000080102ac       0x20 /home/bartosz/program/STM32CubeIDE_1.11.0/plugins/com.st.stm32cube.ide.mcu.externaltools.gnu-tools-for-stm32.10.3-2021.10.linux64_1.0.100.202210260954/tools/bin/../lib/gcc/arm-none-eabi/10.3.1/../../../../arm-none-eabi/lib/thumb/v6-m/nofp/libc_nano.a(lib_a-findfp.o)
                0x00000000080102ac                __sf_fake_stdout
 .rodata._vfprintf_r.str1.1
                0x00000000080102cc       0x11 /home/bartosz/program/STM32CubeIDE_1.11.0/plugins/com.st.stm32cube.ide.mcu.externaltools.gnu-tools-for-stm32.10.3-2021.10.linux64_1.0.100.202210260954/tools/bin/../lib/gcc/arm-none-eabi/10.3.1/../../../../arm-none-eabi/lib/thumb/v6-m/nofp/libc_nano.a(lib_a-nano-vfprintf.o)
 .rodata._printf_i.str1.1
                0x00000000080102dd       0x22 /home/bartosz/program/STM32CubeIDE_1.11.0/plugins/com.st.stm32cube.ide.mcu.externaltools.gnu-tools-for-stm32.10.3-2021.10.linux64_1.0.100.202210260954/tools/bin/../lib/gcc/arm-none-eabi/10.3.1/../../../../arm-none-eabi/lib/thumb/v6-m/nofp/libc_nano.a(lib_a-nano-vfprintf_i.o)
 .rodata.log.str1.1
                0x00000000080102ff       0x22 /home/bartosz/program/STM32CubeIDE_1.11.0/plugins/com.st.stm32cube.ide.mcu.externaltools.gnu-tools-for-stm32.10.3-2021.10.linux64_1.0.100.202210260954/tools/bin/../lib/gcc/arm-none-eabi/10.3.1/../../../../arm-none-eabi/lib/thumb/v6-m/nofp/libm.a(lib_a-w_log.o)
                                          0x1 (size before relaxing)
 *fill*         0x00000000080102ff        0x1 
 .rodata.CSWTCH.8
                0x0000000008010300       0x18 /home/bartosz/program/STM32CubeIDE_1.11.0/plugins/com.st.stm32cube.ide.mcu.externaltools.gnu-tools-for-stm32.10.3-2021.10.linux64_1.0.100.202210260954/tools/bin/../lib/gcc/arm-none-eabi/10.3.1/../../../../arm-none-eabi/lib/thumb/v6-m/nofp/libm.a(lib_a-e_atan2.o)
 .rodata.CSWTCH.9
                0x0000000008010318       0x18 /home/bartosz/program/STM32CubeIDE_1.11.0/plugins/com.st.stm32cube.ide.mcu.externaltools.gnu-tools-for-stm32.10.3-2021.10.linux64_1.0.100.202210260954/tools/bin/../lib/gcc/arm-none-eabi/10.3.1/../../../../arm-none-eabi/lib/thumb/v6-m/nofp/libm.a(lib_a-e_atan2.o)
 .rodata.npio2_hw
                0x0000000008010330       0x80 /home/bartosz/program/STM32CubeIDE_1.11.0/plugins/com.st.stm32cube.ide.mcu.externaltools.gnu-tools-for-stm32.10.3-2021.10.linux64_1.0.100.202210260954/tools/bin/../lib/gcc/arm-none-eabi/10.3.1/../../../../arm-none-eabi/lib/thumb/v6-m/nofp/libm.a(lib_a-e_rem_pio2.o)
 .rodata.two_over_pi
                0x00000000080103b0      0x108 /home/bartosz/program/STM32CubeIDE_1.11.0/plugins/com.st.stm32cube.ide.mcu.externaltools.gnu-tools-for-stm32.10.3-2021.10.linux64_1.0.100.202210260954/tools/bin/../lib/gcc/arm-none-eabi/10.3.1/../../../../arm-none-eabi/lib/thumb/v6-m/nofp/libm.a(lib_a-e_rem_pio2.o)
 .rodata.PIo2   0x00000000080104b8       0x40 /home/bartosz/program/STM32CubeIDE_1.11.0/plugins/com.st.stm32cube.ide.mcu.externaltools.gnu-tools-for-stm32.10.3-2021.10.linux64_1.0.100.202210260954/tools/bin/../lib/gcc/arm-none-eabi/10.3.1/../../../../arm-none-eabi/lib/thumb/v6-m/nofp/libm.a(lib_a-k_rem_pio2.o)
 .rodata.init_jk
                0x00000000080104f8       0x10 /home/bartosz/program/STM32CubeIDE_1.11.0/plugins/com.st.stm32cube.ide.mcu.externaltools.gnu-tools-for-stm32.10.3-2021.10.linux64_1.0.100.202210260954/tools/bin/../lib/gcc/arm-none-eabi/10.3.1/../../../../arm-none-eabi/lib/thumb/v6-m/nofp/libm.a(lib_a-k_rem_pio2.o)
 .rodata.atanhi
                0x0000000008010508       0x20 /home/bartosz/program/STM32CubeIDE_1.11.0/plugins/com.st.stm32cube.ide.mcu.externaltools.gnu-tools-for-stm32.10.3-2021.10.linux64_1.0.100.202210260954/tools/bin/../lib/gcc/arm-none-eabi/10.3.1/../../../../arm-none-eabi/lib/thumb/v6-m/nofp/libm.a(lib_a-s_atan.o)
 .rodata.atanlo
                0x0000000008010528       0x20 /home/bartosz/program/STM32CubeIDE_1.11.0/plugins/com.st.stm32cube.ide.mcu.externaltools.gnu-tools-for-stm32.10.3-2021.10.linux64_1.0.100.202210260954/tools/bin/../lib/gcc/arm-none-eabi/10.3.1/../../../../arm-none-eabi/lib/thumb/v6-m/nofp/libm.a(lib_a-s_atan.o)
                0x0000000008010548                . = ALIGN (0x4)

.ARM.extab      0x0000000008010548        0x0
                0x0000000008010548                . = ALIGN (0x4)
 *(.ARM.extab* .gnu.linkonce.armextab.*)
                0x0000000008010548                . = ALIGN (0x4)

.ARM            0x0000000008010548        0x8
                0x0000000008010548                . = ALIGN (0x4)
                0x0000000008010548                __exidx_start = .
 *(.ARM.exidx*)
 .ARM.exidx     0x0000000008010548        0x8 /home/bartosz/program/STM32CubeIDE_1.11.0/plugins/com.st.stm32cube.ide.mcu.externaltools.gnu-tools-for-stm32.10.3-2021.10.linux64_1.0.100.202210260954/tools/bin/../lib/gcc/arm-none-eabi/10.3.1/thumb/v6-m/nofp/libgcc.a(_divdi3.o)
                0x0000000008010550                __exidx_end = .
                0x0000000008010550                . = ALIGN (0x4)

.rel.dyn        0x0000000008010550        0x0
 .rel.iplt      0x0000000008010550        0x0 /home/bartosz/program/STM32CubeIDE_1.11.0/plugins/com.st.stm32cube.ide.mcu.externaltools.gnu-tools-for-stm32.10.3-2021.10.linux64_1.0.100.202210260954/tools/bin/../lib/gcc/arm-none-eabi/10.3.1/thumb/v6-m/nofp/crtbegin.o

.preinit_array  0x0000000008010550        0x0
                0x0000000008010550                . = ALIGN (0x4)
                0x0000000008010550                PROVIDE (__preinit_array_start = .)
 *(.preinit_array*)
                0x0000000008010550                PROVIDE (__preinit_array_end = .)
                0x0000000008010550                . = ALIGN (0x4)

.init_array     0x0000000008010550        0x4
                0x0000000008010550                . = ALIGN (0x4)
                0x0000000008010550                PROVIDE (__init_array_start = .)
 *(SORT_BY_NAME(.init_array.*))
 *(.init_array*)
 .init_array    0x0000000008010550        0x4 /home/bartosz/program/STM32CubeIDE_1.11.0/plugins/com.st.stm32cube.ide.mcu.externaltools.gnu-tools-for-stm32.10.3-2021.10.linux64_1.0.100.202210260954/tools/bin/../lib/gcc/arm-none-eabi/10.3.1/thumb/v6-m/nofp/crtbegin.o
                0x0000000008010554                PROVIDE (__init_array_end = .)
                0x0000000008010554                . = ALIGN (0x4)

.fini_array     0x0000000008010554        0x4
                0x0000000008010554                . = ALIGN (0x4)
                [!provide]                        PROVIDE (__fini_array_start = .)
 *(SORT_BY_NAME(.fini_array.*))
 *(.fini_array*)
 .fini_array    0x0000000008010554        0x4 /home/bartosz/program/STM32CubeIDE_1.11.0/plugins/com.st.stm32cube.ide.mcu.externaltools.gnu-tools-for-stm32.10.3-2021.10.linux64_1.0.100.202210260954/tools/bin/../lib/gcc/arm-none-eabi/10.3.1/thumb/v6-m/nofp/crtbegin.o
                [!provide]                        PROVIDE (__fini_array_end = .)
                0x0000000008010558                . = ALIGN (0x4)
                0x0000000008010558                _sidata = LOADADDR (.data)

.data           0x0000000020000000       0x98 load address 0x0000000008010558
                0x0000000020000000                . = ALIGN (0x4)
                0x0000000020000000                _sdata = .
 *(.data)
 *(.data*)
 .data.uwTickFreq
                0x0000000020000000        0x1 ./Drivers/STM32G0xx_HAL_Driver/Src/stm32g0xx_hal.o
                0x0000000020000000                uwTickFreq
 *fill*         0x0000000020000001        0x3 
 .data.uwTickPrio