stm32g0xx_ll_rcc.h:1365:26:LL_RCC_HSI_IsReady	0	static
stm32g0xx_ll_rcc.h:1561:26:LL_RCC_LSE_IsReady	0	static
stm32g0xx_ll_rcc.h:2531:26:LL_RCC_PLL_IsReady	0	static
stm32g0xx_ll_rcc.c:1047:17:RCC_GetHCLKClockFreq	0	static
stm32g0xx_ll_rcc.c:1058:17:RCC_GetPCLK1ClockFreq	0	static
stm32g0xx_ll_rcc.c:1016:17:RCC_GetSystemClockFreq	8	static
stm32g0xx_ll_rcc.c:1098:17:RCC_PLL_GetFreqDomain_ADC	8	static
stm32g0xx_ll_rcc.c:1284:17:RCC_PLL_GetFreqDomain_TIM1	16	static
stm32g0xx_ll_rcc.c:168:13:LL_RCC_DeInit	8	static
stm32g0xx_ll_rcc.c:236:6:LL_RCC_GetSystemClocksFreq	8	static
stm32g0xx_ll_rcc.c:257:10:LL_RCC_GetUSARTClockFreq	8	static
stm32g0xx_ll_rcc.c:369:10:LL_RCC_GetI2CClockFreq	8	static
stm32g0xx_ll_rcc.c:437:10:LL_RCC_GetI2SClockFreq	8	static
stm32g0xx_ll_rcc.c:515:10:LL_RCC_GetLPUARTClockFreq	8	static
stm32g0xx_ll_rcc.c:599:10:LL_RCC_GetLPTIMClockFreq	8	static
stm32g0xx_ll_rcc.c:686:10:LL_RCC_GetTIMClockFreq	8	static
stm32g0xx_ll_rcc.c:798:10:LL_RCC_GetCECClockFreq	8	static
stm32g0xx_ll_rcc.c:878:10:LL_RCC_GetADCClockFreq	8	static
stm32g0xx_ll_rcc.c:915:10:LL_RCC_GetRTCClockFreq	8	static
