stm32g0xx_ll_rcc.h:1363:26:LL_RCC_HSI_IsReady	0	static
stm32g0xx_ll_rcc.h:1559:26:LL_RCC_LSE_IsReady	0	static
stm32g0xx_ll_rcc.h:2529:26:LL_RCC_PLL_IsReady	0	static
stm32g0xx_ll_rcc.c:1069:17:RCC_GetHCLKClockFreq	0	static
stm32g0xx_ll_rcc.c:1080:17:RCC_GetPCLK1ClockFreq	0	static
stm32g0xx_ll_rcc.c:1120:17:RCC_PLL_GetFreqDomain_ADC	8	static
stm32g0xx_ll_rcc.c:1306:17:RCC_PLL_GetFreqDomain_TIM1	16	static
stm32g0xx_ll_rcc.c:1038:17:RCC_GetSystemClockFreq	8	static
stm32g0xx_ll_rcc.c:166:13:LL_RCC_DeInit	8	static
stm32g0xx_ll_rcc.c:234:6:LL_RCC_GetSystemClocksFreq	8	static
stm32g0xx_ll_rcc.c:255:10:LL_RCC_GetUSARTClockFreq	8	static
stm32g0xx_ll_rcc.c:367:10:LL_RCC_GetI2CClockFreq	8	static
stm32g0xx_ll_rcc.c:435:10:LL_RCC_GetI2SClockFreq	8	static
stm32g0xx_ll_rcc.c:519:10:LL_RCC_GetLPUARTClockFreq	8	static
stm32g0xx_ll_rcc.c:603:10:LL_RCC_GetLPTIMClockFreq	8	static
stm32g0xx_ll_rcc.c:690:10:LL_RCC_GetTIMClockFreq	16	static
stm32g0xx_ll_rcc.c:811:10:LL_RCC_GetCECClockFreq	8	static
stm32g0xx_ll_rcc.c:894:10:LL_RCC_GetADCClockFreq	8	static
stm32g0xx_ll_rcc.c:934:10:LL_RCC_GetRTCClockFreq	8	static
