stm32g0xx_ll_adc.h:3660:22:LL_ADC_SetAnalogWDMonitChannels	12	static
stm32g0xx_ll_adc.h:4420:26:LL_ADC_REG_IsConversionOngoing	0	static
stm32g0xx_hal_adc.c:852:13:HAL_ADC_MspInit	0	static
stm32g0xx_hal_adc.c:378:19:HAL_ADC_Init	40	static
stm32g0xx_hal_adc.c:869:13:HAL_ADC_MspDeInit	0	static
stm32g0xx_hal_adc.c:1254:19:HAL_ADC_PollForConversion	24	static
stm32g0xx_hal_adc.c:1384:19:HAL_ADC_PollForEvent	24	static
stm32g0xx_hal_adc.c:1829:10:HAL_ADC_GetValue	0	static
stm32g0xx_hal_adc.c:2056:13:HAL_ADC_ConvCpltCallback	0	static
stm32g0xx_hal_adc.c:2071:13:HAL_ADC_ConvHalfCpltCallback	0	static
stm32g0xx_hal_adc.c:2920:13:ADC_DMAHalfConvCplt	8	static
stm32g0xx_hal_adc.c:2086:13:HAL_ADC_LevelOutOfWindowCallback	0	static
stm32g0xx_hal_adc.c:2108:13:HAL_ADC_ErrorCallback	0	static
stm32g0xx_hal_adc.c:2938:13:ADC_DMAError	8	static
stm32g0xx_hal_adc.c:2842:13:ADC_DMAConvCplt	8	static
stm32g0xx_hal_adc.c:1846:6:HAL_ADC_IRQHandler	24	static
stm32g0xx_hal_adc.c:2154:19:HAL_ADC_ConfigChannel	48	static
stm32g0xx_hal_adc.c:2594:10:HAL_ADC_GetState	0	static
stm32g0xx_hal_adc.c:2608:10:HAL_ADC_GetError	0	static
stm32g0xx_hal_adc.c:2635:19:ADC_ConversionStop	16	static
stm32g0xx_hal_adc.c:2689:19:ADC_Enable	32	static
stm32g0xx_hal_adc.c:1136:19:HAL_ADC_Start	16	static
stm32g0xx_hal_adc.c:1514:19:HAL_ADC_Start_IT	16	static
stm32g0xx_hal_adc.c:1652:19:HAL_ADC_Start_DMA	24	static
stm32g0xx_hal_adc.c:2780:19:ADC_Disable	16	static
stm32g0xx_hal_adc.c:726:19:HAL_ADC_DeInit	16	static
stm32g0xx_hal_adc.c:1203:19:HAL_ADC_Stop	16	static
stm32g0xx_hal_adc.c:1605:19:HAL_ADC_Stop_IT	16	static
stm32g0xx_hal_adc.c:1748:19:HAL_ADC_Stop_DMA	16	static
stm32g0xx_hal_adc.c:2361:19:HAL_ADC_AnalogWDGConfig	32	static
