../Src/EEPROM_Emul/eeprom_emul.c:1915:22:GetPageState	32	static
../Src/EEPROM_Emul/eeprom_emul.c:1771:18:SetPageState	24	static
../Src/EEPROM_Emul/eeprom_emul.c:625:11:EE_Format	32	static
../Src/EEPROM_Emul/eeprom_emul.c:929:11:EE_CleanUp	32	static
../Src/EEPROM_Emul/eeprom_emul.c:1270:17:FindPage	40	static
../Src/EEPROM_Emul/eeprom_emul.c:1001:11:EE_CleanUp_IT	32	static
../Src/EEPROM_Emul/eeprom_emul.c:1061:11:EE_DeleteCorruptedFlashAddress	8	static
../Src/EEPROM_Emul/eeprom_emul.c:1070:13:EE_EndOfCleanup_UserCallback	0	static
../Src/EEPROM_Emul/eeprom_emul.c:2008:6:ConfigureCrc	8	static
../Src/EEPROM_Emul/eeprom_emul.c:2039:10:CalculateCrc	8	static
../Src/EEPROM_Emul/eeprom_emul.c:1096:18:ReadVariable	40	static
../Src/EEPROM_Emul/eeprom_emul.c:736:11:EE_ReadVariable32bits	16	static
../Src/EEPROM_Emul/eeprom_emul.c:765:11:EE_ReadVariable16bits	16	static
../Src/EEPROM_Emul/eeprom_emul.c:793:11:EE_ReadVariable8bits	16	static
../Src/EEPROM_Emul/eeprom_emul.c:1682:18:VerifyPagesFullWriteVariable	32	static
../Src/EEPROM_Emul/eeprom_emul.c:1421:18:PagesTransfer	56	static
../Src/EEPROM_Emul/eeprom_emul.c:197:11:EE_Init	56	static
../Src/EEPROM_Emul/eeprom_emul.c:1200:18:WriteVariable	16	static
../Src/EEPROM_Emul/eeprom_emul.c:849:11:EE_WriteVariable32bits	8	static
../Src/EEPROM_Emul/eeprom_emul.c:877:11:EE_WriteVariable16bits	8	static
../Src/EEPROM_Emul/eeprom_emul.c:904:11:EE_WriteVariable8bits	8	static
