../Src/Display_GUI/GUI_Paint.c:92:6:Paint_NewImage	12	static
../Src/Display_GUI/GUI_Paint.c:124:6:Paint_SelectImage	0	static
../Src/Display_GUI/GUI_Paint.c:133:6:Paint_SetRotate	8	static
../Src/Display_GUI/GUI_Paint.c:143:6:Paint_SetScale	8	static
../Src/Display_GUI/GUI_Paint.c:170:6:Paint_SetMirroring	8	static
../Src/Display_GUI/GUI_Paint.c:191:6:Paint_SetPixel	16	static
../Src/Display_GUI/GUI_Paint.c:269:6:Paint_Clear	12	static
../Src/Display_GUI/GUI_Paint.c:296:6:Paint_ClearWindows	32	static
../Src/Display_GUI/GUI_Paint.c:315:6:Paint_DrawPoint	48	static
../Src/Display_GUI/GUI_Paint.c:357:6:Paint_DrawLine	80	static
../Src/Display_GUI/GUI_Paint.c:416:6:Paint_DrawPointer	88	static
../Src/Display_GUI/GUI_Paint.c:438:6:Paint_DrawRectangle	56	static
../Src/Display_GUI/GUI_Paint.c:475:6:Paint_DrawCircle	80	static
../Src/Display_GUI/GUI_Paint.c:559:6:Paint_DrawChar	48	static
../Src/Display_GUI/GUI_Paint.c:611:6:Paint_DrawString_EN	48	static
../Src/Display_GUI/GUI_Paint.c:655:6:Paint_DrawString_CN	48	static
../Src/Display_GUI/GUI_Paint.c:758:6:Paint_DrawNum	560	static
../Src/Display_GUI/GUI_Paint.c:799:6:Paint_DrawTime	80	static
../Src/Display_GUI/GUI_Paint.c:832:6:Paint_DrawBitMap	16	static
../Src/Display_GUI/GUI_Paint.c:920:6:Paint_DrawBitMap_Block	20	static
