stm32g0xx_ll_exti.h:335:22:LL_EXTI_EnableIT_0_31	16	static
stm32g0xx_ll_exti.h:357:22:LL_EXTI_EnableIT_32_63	16	static
stm32g0xx_ll_exti.h:403:22:LL_EXTI_DisableIT_0_31	16	static
stm32g0xx_ll_exti.h:425:22:LL_EXTI_DisableIT_32_63	16	static
stm32g0xx_ll_exti.h:543:22:LL_EXTI_EnableEvent_0_31	16	static
stm32g0xx_ll_exti.h:563:22:LL_EXTI_EnableEvent_32_63	16	static
stm32g0xx_ll_exti.h:605:22:LL_EXTI_DisableEvent_0_31	16	static
stm32g0xx_ll_exti.h:624:22:LL_EXTI_DisableEvent_32_63	16	static
stm32g0xx_ll_exti.h:733:22:LL_EXTI_EnableRisingTrig_0_31	16	static
stm32g0xx_ll_exti.h:795:22:LL_EXTI_DisableRisingTrig_0_31	16	static
stm32g0xx_ll_exti.h:912:22:LL_EXTI_EnableFallingTrig_0_31	16	static
stm32g0xx_ll_exti.h:972:22:LL_EXTI_DisableFallingTrig_0_31	16	static
stm32g0xx_ll_exti.c:81:10:LL_EXTI_DeInit	8	static
stm32g0xx_ll_exti.c:144:10:LL_EXTI_Init	24	static
stm32g0xx_ll_exti.c:264:6:LL_EXTI_StructInit	16	static
