stm32g0xx_ll_adc.h:1677:22:LL_ADC_SetCommonClock	16	static
stm32g0xx_ll_adc.h:2336:22:LL_ADC_REG_SetTriggerSource	16	static
stm32g0xx_ll_adc.h:2494:26:LL_ADC_REG_GetSequencerConfigurable	16	static
stm32g0xx_ll_adc.h:2566:22:LL_ADC_REG_SetSequencerLength	16	static
stm32g0xx_ll_adc.h:4283:22:LL_ADC_Disable	16	static
stm32g0xx_ll_adc.h:4302:26:LL_ADC_IsEnabled	16	static
stm32g0xx_ll_adc.h:4313:26:LL_ADC_IsDisableOngoing	16	static
stm32g0xx_ll_adc.h:4410:22:LL_ADC_REG_StopConversion	16	static
stm32g0xx_ll_adc.h:4426:26:LL_ADC_REG_IsConversionOngoing	16	static
stm32g0xx_ll_adc.h:4437:26:LL_ADC_REG_IsStopConversionOngoing	16	static
stm32g0xx_ll_adc.h:4560:26:LL_ADC_IsActiveFlag_CCRDY	16	static
stm32g0xx_ll_adc.h:4673:22:LL_ADC_ClearFlag_CCRDY	16	static
stm32g0xx_ll_bus.h:1019:22:LL_APB2_GRP1_ForceReset	16	static
stm32g0xx_ll_bus.h:1049:22:LL_APB2_GRP1_ReleaseReset	16	static
stm32g0xx_ll_adc.c:241:13:LL_ADC_CommonDeInit	16	static
stm32g0xx_ll_adc.c:270:13:LL_ADC_CommonInit	24	static
stm32g0xx_ll_adc.c:307:6:LL_ADC_CommonStructInit	16	static
stm32g0xx_ll_adc.c:331:13:LL_ADC_DeInit	24	static
stm32g0xx_ll_adc.c:541:13:LL_ADC_Init	24	static
stm32g0xx_ll_adc.c:594:6:LL_ADC_StructInit	16	static
stm32g0xx_ll_adc.c:645:13:LL_ADC_REG_Init	24	static
stm32g0xx_ll_adc.c:753:6:LL_ADC_REG_StructInit	16	static
