stm32g0xx_ll_rcc.h:1256:22:LL_RCC_HSE_EnableBypass	8	static
stm32g0xx_ll_rcc.h:1266:22:LL_RCC_HSE_DisableBypass	8	static
stm32g0xx_ll_rcc.h:1276:22:LL_RCC_HSE_Enable	8	static
stm32g0xx_ll_rcc.h:1296:26:LL_RCC_HSE_IsReady	8	static
stm32g0xx_ll_rcc.h:1345:22:LL_RCC_HSI_Enable	8	static
stm32g0xx_ll_rcc.h:1365:26:LL_RCC_HSI_IsReady	8	static
stm32g0xx_ll_rcc.h:1686:22:LL_RCC_SetSysClkSource	16	static
stm32g0xx_ll_rcc.h:1701:26:LL_RCC_GetSysClkSource	8	static
stm32g0xx_ll_rcc.h:1721:22:LL_RCC_SetAHBPrescaler	16	static
stm32g0xx_ll_rcc.h:1737:22:LL_RCC_SetAPB1Prescaler	16	static
stm32g0xx_ll_rcc.h:2510:22:LL_RCC_PLL_Enable	8	static
stm32g0xx_ll_rcc.h:2531:26:LL_RCC_PLL_IsReady	8	static
stm32g0xx_ll_rcc.h:2568:22:LL_RCC_PLL_ConfigDomain_SYS	24	static
stm32g0xx_ll_rcc.h:3355:22:LL_RCC_PLL_EnableDomain_SYS	8	static
stm32g0xx_ll_utils.h:296:22:LL_InitTick	16	static
stm32g0xx_ll_system.h:1971:22:LL_FLASH_SetLatency	16	static
stm32g0xx_ll_system.h:1984:26:LL_FLASH_GetLatency	8	static
stm32g0xx_ll_utils.c:154:6:LL_Init1msTick	16	static
stm32g0xx_ll_utils.c:170:6:LL_mDelay	24	static
stm32g0xx_ll_utils.c:236:6:LL_SetSystemCoreClock	16	static
stm32g0xx_ll_utils.c:258:13:LL_PLL_ConfigSystemClock_HSI	32	static
stm32g0xx_ll_utils.c:316:13:LL_PLL_ConfigSystemClock_HSE	40	static
stm32g0xx_ll_utils.c:377:13:LL_SetFlashLatency	32	static
stm32g0xx_ll_utils.c:454:17:UTILS_GetPLLOutputFrequency	24	static
stm32g0xx_ll_utils.c:485:20:UTILS_PLL_IsBusy	16	static
stm32g0xx_ll_utils.c:508:20:UTILS_EnablePLLAndSwitchSystem	32	static
