stm32g0xx_ll_rcc.h:1296:26:LL_RCC_HSE_IsReady	8	static
stm32g0xx_ll_rcc.h:1345:22:LL_RCC_HSI_Enable	8	static
stm32g0xx_ll_rcc.h:1365:26:LL_RCC_HSI_IsReady	8	static
stm32g0xx_ll_rcc.h:1391:22:LL_RCC_HSI_SetCalibTrimming	16	static
stm32g0xx_ll_rcc.h:1561:26:LL_RCC_LSE_IsReady	8	static
stm32g0xx_ll_rcc.h:1609:26:LL_RCC_LSI_IsReady	8	static
stm32g0xx_ll_rcc.h:1701:26:LL_RCC_GetSysClkSource	8	static
stm32g0xx_ll_rcc.h:1776:26:LL_RCC_GetAHBPrescaler	8	static
stm32g0xx_ll_rcc.h:1791:26:LL_RCC_GetAPB1Prescaler	8	static
stm32g0xx_ll_rcc.h:2175:26:LL_RCC_GetUSARTClockSource	16	static
stm32g0xx_ll_rcc.h:2199:26:LL_RCC_GetLPUARTClockSource	16	static
stm32g0xx_ll_rcc.h:2220:26:LL_RCC_GetI2CClockSource	16	static
stm32g0xx_ll_rcc.h:2240:26:LL_RCC_GetTIMClockSource	16	static
stm32g0xx_ll_rcc.h:2264:26:LL_RCC_GetLPTIMClockSource	16	static
stm32g0xx_ll_rcc.h:2280:26:LL_RCC_GetCECClockSource	16	static
stm32g0xx_ll_rcc.h:2362:26:LL_RCC_GetADCClockSource	16	static
stm32g0xx_ll_rcc.h:2401:26:LL_RCC_GetI2SClockSource	16	static
stm32g0xx_ll_rcc.h:2441:26:LL_RCC_GetRTCClockSource	8	static
stm32g0xx_ll_rcc.h:2531:26:LL_RCC_PLL_IsReady	8	static
stm32g0xx_ll_rcc.h:2991:26:LL_RCC_PLL_GetN	8	static
stm32g0xx_ll_rcc.h:3033:26:LL_RCC_PLL_GetP	8	static
stm32g0xx_ll_rcc.h:3052:26:LL_RCC_PLL_GetQ	8	static
stm32g0xx_ll_rcc.h:3071:26:LL_RCC_PLL_GetR	8	static
stm32g0xx_ll_rcc.h:3097:26:LL_RCC_PLL_GetMainSource	8	static
stm32g0xx_ll_rcc.h:3115:26:LL_RCC_PLL_GetDivider	8	static
stm32g0xx_ll_rcc.c:168:13:LL_RCC_DeInit	8	static
stm32g0xx_ll_rcc.c:236:6:LL_RCC_GetSystemClocksFreq	16	static
stm32g0xx_ll_rcc.c:257:10:LL_RCC_GetUSARTClockFreq	24	static
stm32g0xx_ll_rcc.c:369:10:LL_RCC_GetI2CClockFreq	24	static
stm32g0xx_ll_rcc.c:437:10:LL_RCC_GetI2SClockFreq	24	static
stm32g0xx_ll_rcc.c:515:10:LL_RCC_GetLPUARTClockFreq	24	static
stm32g0xx_ll_rcc.c:599:10:LL_RCC_GetLPTIMClockFreq	24	static
stm32g0xx_ll_rcc.c:686:10:LL_RCC_GetTIMClockFreq	24	static
stm32g0xx_ll_rcc.c:798:10:LL_RCC_GetCECClockFreq	24	static
stm32g0xx_ll_rcc.c:878:10:LL_RCC_GetADCClockFreq	24	static
stm32g0xx_ll_rcc.c:915:10:LL_RCC_GetRTCClockFreq	16	static
stm32g0xx_ll_rcc.c:1016:17:RCC_GetSystemClockFreq	16	static
stm32g0xx_ll_rcc.c:1047:17:RCC_GetHCLKClockFreq	16	static
stm32g0xx_ll_rcc.c:1058:17:RCC_GetPCLK1ClockFreq	16	static
stm32g0xx_ll_rcc.c:1067:17:RCC_PLL_GetFreqDomain_SYS	24	static
stm32g0xx_ll_rcc.c:1098:17:RCC_PLL_GetFreqDomain_ADC	24	static
stm32g0xx_ll_rcc.c:1159:17:RCC_PLL_GetFreqDomain_I2S1	24	static
stm32g0xx_ll_rcc.c:1284:17:RCC_PLL_GetFreqDomain_TIM1	24	static
stm32g0xx_ll_rcc.c:1316:17:RCC_PLL_GetFreqDomain_TIM15	24	static
