../Drivers/STM32G0xx_HAL_Driver/Src/stm32g0xx_hal_rtc.c:700:13:HAL_RTC_MspInit	0	static
../Drivers/STM32G0xx_HAL_Driver/Src/stm32g0xx_hal_rtc.c:715:13:HAL_RTC_MspDeInit	0	static
../Drivers/STM32G0xx_HAL_Driver/Src/stm32g0xx_hal_rtc.c:1408:19:HAL_RTC_DeactivateAlarm	32	static
../Drivers/STM32G0xx_HAL_Driver/Src/stm32g0xx_hal_rtc.c:1612:13:HAL_RTC_AlarmAEventCallback	0	static
../Drivers/STM32G0xx_HAL_Driver/Src/stm32g0xx_hal_rtc.c:1563:6:HAL_RTC_AlarmIRQHandler	8	static
../Drivers/STM32G0xx_HAL_Driver/Src/stm32g0xx_hal_rtc.c:1628:19:HAL_RTC_PollForAlarmAEvent	24	static
../Drivers/STM32G0xx_HAL_Driver/Src/stm32g0xx_hal_rtc.c:1687:19:HAL_RTC_WaitForSynchro	24	static
../Drivers/STM32G0xx_HAL_Driver/Src/stm32g0xx_hal_rtc.c:1731:21:HAL_RTC_GetState	0	static
../Drivers/STM32G0xx_HAL_Driver/Src/stm32g0xx_hal_rtc.c:1754:19:RTC_EnterInitMode	32	static
../Drivers/STM32G0xx_HAL_Driver/Src/stm32g0xx_hal_rtc.c:1785:19:RTC_ExitInitMode	16	static
../Drivers/STM32G0xx_HAL_Driver/Src/stm32g0xx_hal_rtc.c:242:19:HAL_RTC_Init	16	static
../Drivers/STM32G0xx_HAL_Driver/Src/stm32g0xx_hal_rtc.c:358:19:HAL_RTC_DeInit	24	static
../Drivers/STM32G0xx_HAL_Driver/Src/stm32g0xx_hal_rtc.c:1822:9:RTC_ByteToBcd2	0	static
../Drivers/STM32G0xx_HAL_Driver/Src/stm32g0xx_hal_rtc.c:753:19:HAL_RTC_SetTime	40	static
../Drivers/STM32G0xx_HAL_Driver/Src/stm32g0xx_hal_rtc.c:907:19:HAL_RTC_SetDate	40	static
../Drivers/STM32G0xx_HAL_Driver/Src/stm32g0xx_hal_rtc.c:1045:19:HAL_RTC_SetAlarm	40	static
../Drivers/STM32G0xx_HAL_Driver/Src/stm32g0xx_hal_rtc.c:1227:19:HAL_RTC_SetAlarm_IT	40	static
../Drivers/STM32G0xx_HAL_Driver/Src/stm32g0xx_hal_rtc.c:1841:9:RTC_Bcd2ToByte	0	static
../Drivers/STM32G0xx_HAL_Driver/Src/stm32g0xx_hal_rtc.c:863:19:HAL_RTC_GetTime	16	static
../Drivers/STM32G0xx_HAL_Driver/Src/stm32g0xx_hal_rtc.c:991:19:HAL_RTC_GetDate	16	static
../Drivers/STM32G0xx_HAL_Driver/Src/stm32g0xx_hal_rtc.c:1502:19:HAL_RTC_GetAlarm	32	static
../Drivers/STM32G0xx_HAL_Driver/Src/stm32g0xx_hal_rtc.c:1854:6:HAL_RTC_DST_Add1Hour	0	static
../Drivers/STM32G0xx_HAL_Driver/Src/stm32g0xx_hal_rtc.c:1867:6:HAL_RTC_DST_Sub1Hour	0	static
../Drivers/STM32G0xx_HAL_Driver/Src/stm32g0xx_hal_rtc.c:1880:6:HAL_RTC_DST_SetStoreOperation	0	static
../Drivers/STM32G0xx_HAL_Driver/Src/stm32g0xx_hal_rtc.c:1892:6:HAL_RTC_DST_ClearStoreOperation	0	static
../Drivers/STM32G0xx_HAL_Driver/Src/stm32g0xx_hal_rtc.c:1904:10:HAL_RTC_DST_ReadStoreOperation	0	static
