../Drivers/STM32G0xx_HAL_Driver/Src/stm32g0xx_hal_rtc_ex.c:169:19:HAL_RTCEx_SetTimeStamp	12	static
../Drivers/STM32G0xx_HAL_Driver/Src/stm32g0xx_hal_rtc_ex.c:228:19:HAL_RTCEx_SetTimeStamp_IT	12	static
../Drivers/STM32G0xx_HAL_Driver/Src/stm32g0xx_hal_rtc_ex.c:279:19:HAL_RTCEx_DeactivateTimeStamp	8	static
../Drivers/STM32G0xx_HAL_Driver/Src/stm32g0xx_hal_rtc_ex.c:317:19:HAL_RTCEx_SetInternalTimeStamp	8	static
../Drivers/STM32G0xx_HAL_Driver/Src/stm32g0xx_hal_rtc_ex.c:347:19:HAL_RTCEx_DeactivateInternalTimeStamp	8	static
../Drivers/STM32G0xx_HAL_Driver/Src/stm32g0xx_hal_rtc_ex.c:382:19:HAL_RTCEx_GetTimeStamp	32	static
../Drivers/STM32G0xx_HAL_Driver/Src/stm32g0xx_hal_rtc_ex.c:432:13:HAL_RTCEx_TimeStampEventCallback	0	static
../Drivers/STM32G0xx_HAL_Driver/Src/stm32g0xx_hal_rtc_ex.c:448:6:HAL_RTCEx_TimeStampIRQHandler	16	static
../Drivers/STM32G0xx_HAL_Driver/Src/stm32g0xx_hal_rtc_ex.c:476:19:HAL_RTCEx_PollForTimeStampEvent	24	static
../Drivers/STM32G0xx_HAL_Driver/Src/stm32g0xx_hal_rtc_ex.c:534:19:HAL_RTCEx_SetWakeUpTimer	40	static
../Drivers/STM32G0xx_HAL_Driver/Src/stm32g0xx_hal_rtc_ex.c:606:19:HAL_RTCEx_SetWakeUpTimer_IT	40	static
../Drivers/STM32G0xx_HAL_Driver/Src/stm32g0xx_hal_rtc_ex.c:685:19:HAL_RTCEx_DeactivateWakeUpTimer	32	static
../Drivers/STM32G0xx_HAL_Driver/Src/stm32g0xx_hal_rtc_ex.c:737:10:HAL_RTCEx_GetWakeUpTimer	0	static
../Drivers/STM32G0xx_HAL_Driver/Src/stm32g0xx_hal_rtc_ex.c:774:13:HAL_RTCEx_WakeUpTimerEventCallback	0	static
../Drivers/STM32G0xx_HAL_Driver/Src/stm32g0xx_hal_rtc_ex.c:748:6:HAL_RTCEx_WakeUpTimerIRQHandler	8	static
../Drivers/STM32G0xx_HAL_Driver/Src/stm32g0xx_hal_rtc_ex.c:791:19:HAL_RTCEx_PollForWakeUpTimerEvent	24	static
../Drivers/STM32G0xx_HAL_Driver/Src/stm32g0xx_hal_rtc_ex.c:868:19:HAL_RTCEx_SetSmoothCalib	40	static
../Drivers/STM32G0xx_HAL_Driver/Src/stm32g0xx_hal_rtc_ex.c:936:19:HAL_RTCEx_SetSynchroShift	40	static
../Drivers/STM32G0xx_HAL_Driver/Src/stm32g0xx_hal_rtc_ex.c:1029:19:HAL_RTCEx_SetCalibrationOutPut	12	static
../Drivers/STM32G0xx_HAL_Driver/Src/stm32g0xx_hal_rtc_ex.c:1067:19:HAL_RTCEx_DeactivateCalibrationOutPut	8	static
../Drivers/STM32G0xx_HAL_Driver/Src/stm32g0xx_hal_rtc_ex.c:1096:19:HAL_RTCEx_SetRefClock	16	static
../Drivers/STM32G0xx_HAL_Driver/Src/stm32g0xx_hal_rtc_ex.c:1138:19:HAL_RTCEx_DeactivateRefClock	16	static
../Drivers/STM32G0xx_HAL_Driver/Src/stm32g0xx_hal_rtc_ex.c:1182:19:HAL_RTCEx_EnableBypassShadow	8	static
../Drivers/STM32G0xx_HAL_Driver/Src/stm32g0xx_hal_rtc_ex.c:1214:19:HAL_RTCEx_DisableBypassShadow	8	static
../Drivers/STM32G0xx_HAL_Driver/Src/stm32g0xx_hal_rtc_ex.c:1263:13:HAL_RTCEx_AlarmBEventCallback	0	static
../Drivers/STM32G0xx_HAL_Driver/Src/stm32g0xx_hal_rtc_ex.c:1279:19:HAL_RTCEx_PollForAlarmBEvent	24	static
../Drivers/STM32G0xx_HAL_Driver/Src/stm32g0xx_hal_rtc_ex.c:1342:19:HAL_RTCEx_SetTamper	20	static
../Drivers/STM32G0xx_HAL_Driver/Src/stm32g0xx_hal_rtc_ex.c:1405:19:HAL_RTCEx_SetTamper_IT	20	static
../Drivers/STM32G0xx_HAL_Driver/Src/stm32g0xx_hal_rtc_ex.c:1478:19:HAL_RTCEx_DeactivateTamper	8	static
../Drivers/STM32G0xx_HAL_Driver/Src/stm32g0xx_hal_rtc_ex.c:1509:19:HAL_RTCEx_PollForTamperEvent	24	static
../Drivers/STM32G0xx_HAL_Driver/Src/stm32g0xx_hal_rtc_ex.c:1543:19:HAL_RTCEx_SetInternalTamper	12	static
../Drivers/STM32G0xx_HAL_Driver/Src/stm32g0xx_hal_rtc_ex.c:1576:19:HAL_RTCEx_SetInternalTamper_IT	12	static
../Drivers/STM32G0xx_HAL_Driver/Src/stm32g0xx_hal_rtc_ex.c:1615:19:HAL_RTCEx_DeactivateInternalTamper	0	static
../Drivers/STM32G0xx_HAL_Driver/Src/stm32g0xx_hal_rtc_ex.c:1640:19:HAL_RTCEx_PollForInternalTamperEvent	8	static
../Drivers/STM32G0xx_HAL_Driver/Src/stm32g0xx_hal_rtc_ex.c:1779:13:HAL_RTCEx_Tamper1EventCallback	0	static
../Drivers/STM32G0xx_HAL_Driver/Src/stm32g0xx_hal_rtc_ex.c:1795:13:HAL_RTCEx_Tamper2EventCallback	0	static
../Drivers/STM32G0xx_HAL_Driver/Src/stm32g0xx_hal_rtc_ex.c:1827:13:HAL_RTCEx_InternalTamper3EventCallback	0	static
../Drivers/STM32G0xx_HAL_Driver/Src/stm32g0xx_hal_rtc_ex.c:1843:13:HAL_RTCEx_InternalTamper4EventCallback	0	static
../Drivers/STM32G0xx_HAL_Driver/Src/stm32g0xx_hal_rtc_ex.c:1859:13:HAL_RTCEx_InternalTamper5EventCallback	0	static
../Drivers/STM32G0xx_HAL_Driver/Src/stm32g0xx_hal_rtc_ex.c:1875:13:HAL_RTCEx_InternalTamper6EventCallback	0	static
../Drivers/STM32G0xx_HAL_Driver/Src/stm32g0xx_hal_rtc_ex.c:1673:6:HAL_RTCEx_TamperIRQHandler	16	static
../Drivers/STM32G0xx_HAL_Driver/Src/stm32g0xx_hal_rtc_ex.c:1921:6:HAL_RTCEx_BKUPWrite	0	static
../Drivers/STM32G0xx_HAL_Driver/Src/stm32g0xx_hal_rtc_ex.c:1946:10:HAL_RTCEx_BKUPRead	0	static
