Archive member included to satisfy reference by file (symbol)

/opt/st/stm32cubeide_1.8.0/plugins/com.st.stm32cube.ide.mcu.externaltools.gnu-tools-for-stm32.9-2020-q2-update.linux64_2.0.0.202105311346/tools/bin/../lib/gcc/arm-none-eabi/9.3.1/../../../../arm-none-eabi/lib/thumb/v6-m/nofp/libc_nano.a(lib_a-errno.o)
                              ./Src/syscalls.o (__errno)
/opt/st/stm32cubeide_1.8.0/plugins/com.st.stm32cube.ide.mcu.externaltools.gnu-tools-for-stm32.9-2020-q2-update.linux64_2.0.0.202105311346/tools/bin/../lib/gcc/arm-none-eabi/9.3.1/../../../../arm-none-eabi/lib/thumb/v6-m/nofp/libc_nano.a(lib_a-exit.o)
                              /opt/st/stm32cubeide_1.8.0/plugins/com.st.stm32cube.ide.mcu.externaltools.gnu-tools-for-stm32.9-2020-q2-update.linux64_2.0.0.202105311346/tools/bin/../lib/gcc/arm-none-eabi/9.3.1/../../../../arm-none-eabi/lib/thumb/v6-m/nofp/crt0.o (exit)
/opt/st/stm32cubeide_1.8.0/plugins/com.st.stm32cube.ide.mcu.externaltools.gnu-tools-for-stm32.9-2020-q2-update.linux64_2.0.0.202105311346/tools/bin/../lib/gcc/arm-none-eabi/9.3.1/../../../../arm-none-eabi/lib/thumb/v6-m/nofp/libc_nano.a(lib_a-impure.o)
                              /opt/st/stm32cubeide_1.8.0/plugins/com.st.stm32cube.ide.mcu.externaltools.gnu-tools-for-stm32.9-2020-q2-update.linux64_2.0.0.202105311346/tools/bin/../lib/gcc/arm-none-eabi/9.3.1/../../../../arm-none-eabi/lib/thumb/v6-m/nofp/libc_nano.a(lib_a-exit.o) (_global_impure_ptr)
/opt/st/stm32cubeide_1.8.0/plugins/com.st.stm32cube.ide.mcu.externaltools.gnu-tools-for-stm32.9-2020-q2-update.linux64_2.0.0.202105311346/tools/bin/../lib/gcc/arm-none-eabi/9.3.1/../../../../arm-none-eabi/lib/thumb/v6-m/nofp/libc_nano.a(lib_a-init.o)
                              /opt/st/stm32cubeide_1.8.0/plugins/com.st.stm32cube.ide.mcu.externaltools.gnu-tools-for-stm32.9-2020-q2-update.linux64_2.0.0.202105311346/tools/bin/../lib/gcc/arm-none-eabi/9.3.1/../../../../arm-none-eabi/lib/thumb/v6-m/nofp/crt0.o (__libc_init_array)
/opt/st/stm32cubeide_1.8.0/plugins/com.st.stm32cube.ide.mcu.externaltools.gnu-tools-for-stm32.9-2020-q2-update.linux64_2.0.0.202105311346/tools/bin/../lib/gcc/arm-none-eabi/9.3.1/../../../../arm-none-eabi/lib/thumb/v6-m/nofp/libc_nano.a(lib_a-malloc.o)
                              ./Src/chrono/interface.o (malloc)
/opt/st/stm32cubeide_1.8.0/plugins/com.st.stm32cube.ide.mcu.externaltools.gnu-tools-for-stm32.9-2020-q2-update.linux64_2.0.0.202105311346/tools/bin/../lib/gcc/arm-none-eabi/9.3.1/../../../../arm-none-eabi/lib/thumb/v6-m/nofp/libc_nano.a(lib_a-memcpy-stub.o)
                              ./Src/Display_GUI/GUI_Paint.o (memcpy)
/opt/st/stm32cubeide_1.8.0/plugins/com.st.stm32cube.ide.mcu.externaltools.gnu-tools-for-stm32.9-2020-q2-update.linux64_2.0.0.202105311346/tools/bin/../lib/gcc/arm-none-eabi/9.3.1/../../../../arm-none-eabi/lib/thumb/v6-m/nofp/libc_nano.a(lib_a-memset.o)
                              /opt/st/stm32cubeide_1.8.0/plugins/com.st.stm32cube.ide.mcu.externaltools.gnu-tools-for-stm32.9-2020-q2-update.linux64_2.0.0.202105311346/tools/bin/../lib/gcc/arm-none-eabi/9.3.1/../../../../arm-none-eabi/lib/thumb/v6-m/nofp/crt0.o (memset)
/opt/st/stm32cubeide_1.8.0/plugins/com.st.stm32cube.ide.mcu.externaltools.gnu-tools-for-stm32.9-2020-q2-update.linux64_2.0.0.202105311346/tools/bin/../lib/gcc/arm-none-eabi/9.3.1/../../../../arm-none-eabi/lib/thumb/v6-m/nofp/libc_nano.a(lib_a-nano-freer.o)
                              /opt/st/stm32cubeide_1.8.0/plugins/com.st.stm32cube.ide.mcu.externaltools.gnu-tools-for-stm32.9-2020-q2-update.linux64_2.0.0.202105311346/tools/bin/../lib/gcc/arm-none-eabi/9.3.1/../../../../arm-none-eabi/lib/thumb/v6-m/nofp/libc_nano.a(lib_a-malloc.o) (_free_r)
/opt/st/stm32cubeide_1.8.0/plugins/com.st.stm32cube.ide.mcu.externaltools.gnu-tools-for-stm32.9-2020-q2-update.linux64_2.0.0.202105311346/tools/bin/../lib/gcc/arm-none-eabi/9.3.1/../../../../arm-none-eabi/lib/thumb/v6-m/nofp/libc_nano.a(lib_a-nano-mallocr.o)
                              /opt/st/stm32cubeide_1.8.0/plugins/com.st.stm32cube.ide.mcu.externaltools.gnu-tools-for-stm32.9-2020-q2-update.linux64_2.0.0.202105311346/tools/bin/../lib/gcc/arm-none-eabi/9.3.1/../../../../arm-none-eabi/lib/thumb/v6-m/nofp/libc_nano.a(lib_a-malloc.o) (_malloc_r)
/opt/st/stm32cubeide_1.8.0/plugins/com.st.stm32cube.ide.mcu.externaltools.gnu-tools-for-stm32.9-2020-q2-update.linux64_2.0.0.202105311346/tools/bin/../lib/gcc/arm-none-eabi/9.3.1/../../../../arm-none-eabi/lib/thumb/v6-m/nofp/libc_nano.a(lib_a-printf.o)
                              ./Src/Display_GUI/GUI_Paint.o (printf)
/opt/st/stm32cubeide_1.8.0/plugins/com.st.stm32cube.ide.mcu.externaltools.gnu-tools-for-stm32.9-2020-q2-update.linux64_2.0.0.202105311346/tools/bin/../lib/gcc/arm-none-eabi/9.3.1/../../../../arm-none-eabi/lib/thumb/v6-m/nofp/libc_nano.a(lib_a-puts.o)
                              ./Src/Display_EPD/EPD_1in54_V2.o (puts)
[...]
Memory Configuration

Name             Origin             Length             Attributes
RAM              0x0000000020000000 0x0000000000009000 xrw
FLASH            0x0000000008000000 0x0000000000020000 xr
*default*        0x0000000000000000 0xffffffffffffffff

Linker script and memory map

LOAD /opt/st/stm32cubeide_1.8.0/plugins/com.st.stm32cube.ide.mcu.externaltools.gnu-tools-for-stm32.9-2020-q2-update.linux64_2.0.0.202105311346/tools/bin/../lib/gcc/arm-none-eabi/9.3.1/thumb/v6-m/nofp/crti.o
LOAD /opt/st/stm32cubeide_1.8.0/plugins/com.st.stm32cube.ide.mcu.externaltools.gnu-tools-for-stm32.9-2020-q2-update.linux64_2.0.0.202105311346/tools/bin/../lib/gcc/arm-none-eabi/9.3.1/thumb/v6-m/nofp/crtbegin.o
LOAD /opt/st/stm32cubeide_1.8.0/plugins/com.st.stm32cube.ide.mcu.externaltools.gnu-tools-for-stm32.9-2020-q2-update.linux64_2.0.0.202105311346/tools/bin/../lib/gcc/arm-none-eabi/9.3.1/../../../../arm-none-eabi/lib/thumb/v6-m/nofp/crt0.o
LOAD ./Drivers/STM32G0xx_HAL_Driver/Src/stm32g0xx_hal.o
LOAD ./Drivers/STM32G0xx_HAL_Driver/Src/stm32g0xx_hal_adc.o
LOAD ./Drivers/STM32G0xx_HAL_Driver/Src/stm32g0xx_hal_adc_ex.o
LOAD ./Drivers/STM32G0xx_HAL_Driver/Src/stm32g0xx_hal_cortex.o
LOAD ./Drivers/STM32G0xx_HAL_Driver/Src/stm32g0xx_hal_dma.o
LOAD ./Drivers/STM32G0xx_HAL_Driver/Src/stm32g0xx_hal_dma_ex.o
LOAD ./Drivers/STM32G0xx_HAL_Driver/Src/stm32g0xx_hal_exti.o
LOAD ./Drivers/STM32G0xx_HAL_Driver/Src/stm32g0xx_hal_flash.o
LOAD ./Drivers/STM32G0xx_HAL_Driver/Src/stm32g0xx_hal_flash_ex.o
LOAD ./Drivers/STM32G0xx_HAL_Driver/Src/stm32g0xx_hal_gpio.o
LOAD ./Drivers/STM32G0xx_HAL_Driver/Src/stm32g0xx_hal_i2c.o
LOAD ./Drivers/STM32G0xx_HAL_Driver/Src/stm32g0xx_hal_i2c_ex.o
LOAD ./Drivers/STM32G0xx_HAL_Driver/Src/stm32g0xx_hal_pwr.o
LOAD ./Drivers/STM32G0xx_HAL_Driver/Src/stm32g0xx_hal_pwr_ex.o
LOAD ./Drivers/STM32G0xx_HAL_Driver/Src/stm32g0xx_hal_rcc.o
LOAD ./Drivers/STM32G0xx_HAL_Driver/Src/stm32g0xx_hal_rcc_ex.o
LOAD ./Drivers/STM32G0xx_HAL_Driver/Src/stm32g0xx_hal_rtc.o
LOAD ./Drivers/STM32G0xx_HAL_Driver/Src/stm32g0xx_hal_rtc_ex.o
LOAD ./Drivers/STM32G0xx_HAL_Driver/Src/stm32g0xx_hal_spi.o
LOAD ./Drivers/STM32G0xx_HAL_Driver/Src/stm32g0xx_hal_spi_ex.o
LOAD ./Drivers/STM32G0xx_HAL_Driver/Src/stm32g0xx_hal_tim.o
LOAD ./Drivers/STM32G0xx_HAL_Driver/Src/stm32g0xx_hal_tim_ex.o
LOAD ./Drivers/STM32G0xx_HAL_Driver/Src/stm32g0xx_ll_adc.o
LOAD ./Drivers/STM32G0xx_HAL_Driver/Src/stm32g0xx_ll_crc.o
LOAD ./Drivers/STM32G0xx_HAL_Driver/Src/stm32g0xx_ll_dma.o
LOAD ./Drivers/STM32G0xx_HAL_Driver/Src/stm32g0xx_ll_exti.o
LOAD ./Drivers/STM32G0xx_HAL_Driver/Src/stm32g0xx_ll_gpio.o
LOAD ./Drivers/STM32G0xx_HAL_Driver/Src/stm32g0xx_ll_rcc.o
LOAD ./Drivers/STM32G0xx_HAL_Driver/Src/stm32g0xx_ll_utils.o
LOAD ./Src/Display_Config/DEV_Config.o
LOAD ./Src/Display_EPD/EPD_1in54_V2.o
LOAD ./Src/Display_GUI/GUI_Paint.o
LOAD ./Src/EEPROM_Emul/eeprom_emul.o
LOAD ./Src/Flash_Interface/flash_interface.o
LOAD ./Src/Fonts/font12.o
LOAD ./Src/Fonts/font12CN.o
LOAD ./Src/Fonts/font16.o
LOAD ./Src/Fonts/font20.o
LOAD ./Src/Fonts/font24.o
LOAD ./Src/Fonts/font24CN.o
LOAD ./Src/Fonts/font8.o
LOAD ./Src/adc.o
LOAD ./Src/crc.o
LOAD ./Src/gpio.o
LOAD ./Src/i2c.o
LOAD ./Src/main.o
LOAD ./Src/rtc.o
LOAD ./Src/spi.o
LOAD ./Src/stm32g0xx_hal_msp.o
LOAD ./Src/stm32g0xx_it.o
LOAD ./Src/syscalls.o
LOAD ./Src/sysmem.o
LOAD ./Src/system_stm32g0xx.o
LOAD ./Src/tim.o
LOAD ./Src/bd_libs/adc_bd.o
LOAD ./Src/bd_libs/backup_bd.o
LOAD ./Src/bd_libs/bme280_bd.o
LOAD ./Src/bd_libs/forecast_bd.o
LOAD ./Src/bd_libs/lis3mdl_bd.o
LOAD ./Src/bd_libs/rtc_bd.o
LOAD ./Src/chrono/battery.o
LOAD ./Src/chrono/interface.o
LOAD ./Src/chrono/sleep.o
LOAD ./Src/chrono/timers.o
LOAD ./Src/chrono/touch.o
LOAD ./Src/chrono/watch.o
LOAD ./Startup/startup_stm32g071kbtx.o
START GROUP
LOAD /opt/st/stm32cubeide_1.8.0/plugins/com.st.stm32cube.ide.mcu.externaltools.gnu-tools-for-stm32.9-2020-q2-update.linux64_2.0.0.202105311346/tools/bin/../lib/gcc/arm-none-eabi/9.3.1/../../../../arm-none-eabi/lib/thumb/v6-m/nofp/libc_nano.a
LOAD /opt/st/stm32cubeide_1.8.0/plugins/com.st.stm32cube.ide.mcu.externaltools.gnu-tools-for-stm32.9-2020-q2-update.linux64_2.0.0.202105311346/tools/bin/../lib/gcc/arm-none-eabi/9.3.1/../../../../arm-none-eabi/lib/thumb/v6-m/nofp/libm.a
END GROUP
START GROUP
LOAD /opt/st/stm32cubeide_1.8.0/plugins/com.st.stm32cube.ide.mcu.externaltools.gnu-tools-for-stm32.9-2020-q2-update.linux64_2.0.0.202105311346/tools/bin/../lib/gcc/arm-none-eabi/9.3.1/thumb/v6-m/nofp/libgcc.a
LOAD /opt/st/stm32cubeide_1.8.0/plugins/com.st.stm32cube.ide.mcu.externaltools.gnu-tools-for-stm32.9-2020-q2-update.linux64_2.0.0.202105311346/tools/bin/../lib/gcc/arm-none-eabi/9.3.1/../../../../arm-none-eabi/lib/thumb/v6-m/nofp/libc_nano.a
END GROUP
START GROUP
LOAD /opt/st/stm32cubeide_1.8.0/plugins/com.st.stm32cube.ide.mcu.externaltools.gnu-tools-for-stm32.9-2020-q2-update.linux64_2.0.0.202105311346/tools/bin/../lib/gcc/arm-none-eabi/9.3.1/thumb/v6-m/nofp/libgcc.a
LOAD /opt/st/stm32cubeide_1.8.0/plugins/com.st.stm32cube.ide.mcu.externaltools.gnu-tools-for-stm32.9-2020-q2-update.linux64_2.0.0.202105311346/tools/bin/../lib/gcc/arm-none-eabi/9.3.1/../../../../arm-none-eabi/lib/thumb/v6-m/nofp/libc_nano.a
LOAD /opt/st/stm32cubeide_1.8.0/plugins/com.st.stm32cube.ide.mcu.externaltools.gnu-tools-for-stm32.9-2020-q2-update.linux64_2.0.0.202105311346/tools/bin/../lib/gcc/arm-none-eabi/9.3.1/../../../../arm-none-eabi/lib/thumb/v6-m/nofp/libnosys.a
END GROUP
START GROUP
LOAD /opt/st/stm32cubeide_1.8.0/plugins/com.st.stm32cube.ide.mcu.externaltools.gnu-tools-for-stm32.9-2020-q2-update.linux64_2.0.0.202105311346/tools/bin/../lib/gcc/arm-none-eabi/9.3.1/thumb/v6-m/nofp/libgcc.a
LOAD /opt/st/stm32cubeide_1.8.0/plugins/com.st.stm32cube.ide.mcu.externaltools.gnu-tools-for-stm32.9-2020-q2-update.linux64_2.0.0.202105311346/tools/bin/../lib/gcc/arm-none-eabi/9.3.1/../../../../arm-none-eabi/lib/thumb/v6-m/nofp/libc_nano.a
LOAD /opt/st/stm32cubeide_1.8.0/plugins/com.st.stm32cube.ide.mcu.externaltools.gnu-tools-for-stm32.9-2020-q2-update.linux64_2.0.0.202105311346/tools/bin/../lib/gcc/arm-none-eabi/9.3.1/../../../../arm-none-eabi/lib/thumb/v6-m/nofp/libnosys.a
END GROUP
LOAD /opt/st/stm32cubeide_1.8.0/plugins/com.st.stm32cube.ide.mcu.externaltools.gnu-tools-for-stm32.9-2020-q2-update.linux64_2.0.0.202105311346/tools/bin/../lib/gcc/arm-none-eabi/9.3.1/thumb/v6-m/nofp/crtend.o
LOAD /opt/st/stm32cubeide_1.8.0/plugins/com.st.stm32cube.ide.mcu.externaltools.gnu-tools-for-stm32.9-2020-q2-update.linux64_2.0.0.202105311346/tools/bin/../lib/gcc/arm-none-eabi/9.3.1/thumb/v6-m/nofp/crtn.o
                0x0000000020009000                _estack = (ORIGIN (RAM) + LENGTH (RAM))
                0x0000000000000200                _Min_Heap_Size = 0x200
                0x0000000000000400                _Min_Stack_Size = 0x400

.isr_vector     0x0000000008000000       0xbc
                0x0000000008000000                . = ALIGN (0x4)
 *(.isr_vector)
 .isr_vector    0x0000000008000000       0xbc ./Startup/startup_stm32g071kbtx.o
                0x0000000008000000                g_pfnVectors
                0x00000000080000bc                . = ALIGN (0x4)

.text           0x00000000080000bc     0xbf9c
                0x00000000080000bc                . = ALIGN (0x4)
 *(.text)
 .text          0x00000000080000bc       0x48 /opt/st/stm32cubeide_1.8.0/plugins/com.st.stm32cube.ide.mcu.externaltools.gnu-tools-for-stm32.9-2020-q2-update.linux64_2.0.0.202105311346/tools/bin/../lib/gcc/arm-none-eabi/9.3.1/thumb/v6-m/nofp/crtbegin.o
 .text          0x0000000008000104       0x14 /opt/st/stm32cubeide_1.8.0/plugins/com.st.stm32cube.ide.mcu.externaltools.gnu-tools-for-stm32.9-2020-q2-update.linux64_2.0.0.202105311346/tools/bin/../lib/gcc/arm-none-eabi/9.3.1/thumb/v6-m/nofp/libgcc.a(_thumb1_case_sqi.o)
                0x0000000008000104                __gnu_thumb1_case_sqi
 .text          0x0000000008000118       0x14 /opt/st/stm32cubeide_1.8.0/plugins/com.st.stm32cube.ide.mcu.externaltools.gnu-tools-for-stm32.9-2020-q2-update.linux64_2.0.0.202105311346/tools/bin/../lib/gcc/arm-none-eabi/9.3.1/thumb/v6-m/nofp/libgcc.a(_thumb1_case_uqi.o)
                0x0000000008000118                __gnu_thumb1_case_uqi
 .text          0x000000000800012c       0x14 /opt/st/stm32cubeide_1.8.0/plugins/com.st.stm32cube.ide.mcu.externaltools.gnu-tools-for-stm32.9-2020-q2-update.linux64_2.0.0.202105311346/tools/bin/../lib/gcc/arm-none-eabi/9.3.1/thumb/v6-m/nofp/libgcc.a(_thumb1_case_shi.o)
                0x000000000800012c                __gnu_thumb1_case_shi
 .text          0x0000000008000140      0x114 /opt/st/stm32cubeide_1.8.0/plugins/com.st.stm32cube.ide.mcu.externaltools.gnu-tools-for-stm32.9-2020-q2-update.linux64_2.0.0.202105311346/tools/bin/../lib/gcc/arm-none-eabi/9.3.1/thumb/v6-m/nofp/libgcc.a(_udivsi3.o)
                0x0000000008000140                __udivsi3
                0x0000000008000140                __aeabi_uidiv
                0x000000000800024c                __aeabi_uidivmod
 .text          0x0000000008000254      0x1d4 /opt/st/stm32cubeide_1.8.0/plugins/com.st.stm32cube.ide.mcu.externaltools.gnu-tools-for-stm32.9-2020-q2-update.linux64_2.0.0.202105311346/tools/bin/../lib/gcc/arm-none-eabi/9.3.1/thumb/v6-m/nofp/libgcc.a(_divsi3.o)
                0x0000000008000254                __aeabi_idiv
                0x0000000008000254                __divsi3
                0x0000000008000420                __aeabi_idivmod
 .text          0x0000000008000428        0x4 /opt/st/stm32cubeide_1.8.0/plugins/com.st.stm32cube.ide.mcu.externaltools.gnu-tools-for-stm32.9-2020-q2-update.linux64_2.0.0.202105311346/tools/bin/../lib/gcc/arm-none-eabi/9.3.1/thumb/v6-m/nofp/libgcc.a(_dvmd_tls.o)
                0x0000000008000428                __aeabi_ldiv0
                0x0000000008000428                __aeabi_idiv0
 .text          0x000000000800042c       0x7c /opt/st/stm32cubeide_1.8.0/plugins/com.st.stm32cube.ide.mcu.externaltools.gnu-tools-for-stm32.9-2020-q2-update.linux64_2.0.0.202105311346/tools/bin/../lib/gcc/arm-none-eabi/9.3.1/thumb/v6-m/nofp/libgcc.a(_arm_cmpdf2.o)
                0x000000000800042c                __aeabi_cdrcmple
                0x000000000800043c                __aeabi_cdcmple
                0x000000000800043c                __aeabi_cdcmpeq
                0x000000000800044c                __aeabi_dcmpeq
                0x0000000008000458                __aeabi_dcmplt
                0x000000000800046c                __aeabi_dcmple
                0x0000000008000480                __aeabi_dcmpgt
                0x0000000008000494                __aeabi_dcmpge
 .text          0x00000000080004a8       0x48 /opt/st/stm32cubeide_1.8.0/plugins/com.st.stm32cube.ide.mcu.externaltools.gnu-tools-for-stm32.9-2020-q2-update.linux64_2.0.0.202105311346/tools/bin/../lib/gcc/arm-none-eabi/9.3.1/thumb/v6-m/nofp/libgcc.a(_aeabi_ldivmod.o)
                0x00000000080004a8                __aeabi_ldivmod
 .text          0x00000000080004f0       0x50 /opt/st/stm32cubeide_1.8.0/plugins/com.st.stm32cube.ide.mcu.externaltools.gnu-tools-for-stm32.9-2020-q2-update.linux64_2.0.0.202105311346/tools/bin/../lib/gcc/arm-none-eabi/9.3.1/thumb/v6-m/nofp/libgcc.a(_muldi3.o)
                0x00000000080004f0                __aeabi_lmul
                0x00000000080004f0                __muldi3
 .text          0x0000000008000540       0x30 /opt/st/stm32cubeide_1.8.0/plugins/com.st.stm32cube.ide.mcu.externaltools.gnu-tools-for-stm32.9-2020-q2-update.linux64_2.0.0.202105311346/tools/bin/../lib/gcc/arm-none-eabi/9.3.1/thumb/v6-m/nofp/libgcc.a(_fixunssfsi.o)
                0x0000000008000540                __aeabi_f2uiz
                0x0000000008000540                __fixunssfsi
 .text          0x0000000008000570       0x3c /opt/st/stm32cubeide_1.8.0/plugins/com.st.stm32cube.ide.mcu.externaltools.gnu-tools-for-stm32.9-2020-q2-update.linux64_2.0.0.202105311346/tools/bin/../lib/gcc/arm-none-eabi/9.3.1/thumb/v6-m/nofp/libgcc.a(_fixunsdfsi.o)
                0x0000000008000570                __fixunsdfsi
                0x0000000008000570                __aeabi_d2uiz
 .text          0x00000000080005ac       0x3c /opt/st/stm32cubeide_1.8.0/plugins/com.st.stm32cube.ide.mcu.externaltools.gnu-tools-for-stm32.9-2020-q2-update.linux64_2.0.0.202105311346/tools/bin/../lib/gcc/arm-none-eabi/9.3.1/thumb/v6-m/nofp/libgcc.a(bpabi.o)
                0x00000000080005ac                __gnu_ldivmod_helper
 .text          0x00000000080005e8      0x338 /opt/st/stm32cubeide_1.8.0/plugins/com.st.stm32cube.ide.mcu.externaltools.gnu-tools-for-stm32.9-2020-q2-update.linux64_2.0.0.202105311346/tools/bin/../lib/gcc/arm-none-eabi/9.3.1/thumb/v6-m/nofp/libgcc.a(addsf3.o)
                0x00000000080005e8                __aeabi_fadd
 .text          0x0000000008000920      0x218 /opt/st/stm32cubeide_1.8.0/plugins/com.st.stm32cube.ide.mcu.externaltools.gnu-tools-for-stm32.9-2020-q2-update.linux64_2.0.0.202105311346/tools/bin/../lib/gcc/arm-none-eabi/9.3.1/thumb/v6-m/nofp/libgcc.a(divsf3.o)
                0x0000000008000920                __aeabi_fdiv
 .text          0x0000000008000b38      0x234 /opt/st/stm32cubeide_1.8.0/plugins/com.st.stm32cube.ide.mcu.externaltools.gnu-tools-for-stm32.9-2020-q2-update.linux64_2.0.0.202105311346/tools/bin/../lib/gcc/arm-none-eabi/9.3.1/thumb/v6-m/nofp/libgcc.a(mulsf3.o)
                0x0000000008000b38                __aeabi_fmul
 .text          0x0000000008000d6c      0x390 /opt/st/stm32cubeide_1.8.0/plugins/com.st.stm32cube.ide.mcu.externaltools.gnu-tools-for-stm32.9-2020-q2-update.linux64_2.0.0.202105311346/tools/bin/../lib/gcc/arm-none-eabi/9.3.1/thumb/v6-m/nofp/libgcc.a(subsf3.o)
                0x0000000008000d6c                __aeabi_fsub
 .text          0x00000000080010fc       0x40 /opt/st/stm32cubeide_1.8.0/plugins/com.st.stm32cube.ide.mcu.externaltools.gnu-tools-for-stm32.9-2020-q2-update.linux64_2.0.0.202105311346/tools/bin/../lib/gcc/arm-none-eabi/9.3.1/thumb/v6-m/nofp/libgcc.a(fixsfsi.o)
                0x00000000080010fc                __aeabi_f2iz
 .text          0x000000000800113c       0x8c /opt/st/stm32cubeide_1.8.0/plugins/com.st.stm32cube.ide.mcu.externaltools.gnu-tools-for-stm32.9-2020-q2-update.linux64_2.0.0.202105311346/tools/bin/../lib/gcc/arm-none-eabi/9.3.1/thumb/v6-m/nofp/libgcc.a(floatsisf.o)
                0x000000000800113c                __aeabi_i2f
 .text          0x00000000080011c8       0x78 /opt/st/stm32cubeide_1.8.0/plugins/com.st.stm32cube.ide.mcu.externaltools.gnu-tools-for-stm32.9-2020-q2-update.linux64_2.0.0.202105311346/tools/bin/../lib/gcc/arm-none-eabi/9.3.1/thumb/v6-m/nofp/libgcc.a(floatunsisf.o)
                0x00000000080011c8                __aeabi_ui2f
 .text          0x0000000008001240      0x6d4 /opt/st/stm32cubeide_1.8.0/plugins/com.st.stm32cube.ide.mcu.externaltools.gnu-tools-for-stm32.9-2020-q2-update.linux64_2.0.0.202105311346/tools/bin/../lib/gcc/arm-none-eabi/9.3.1/thumb/v6-m/nofp/libgcc.a(adddf3.o)
                0x0000000008001240                __aeabi_dadd
 .text          0x0000000008001914      0x5d0 /opt/st/stm32cubeide_1.8.0/plugins/com.st.stm32cube.ide.mcu.externaltools.gnu-tools-for-stm32.9-2020-q2-update.linux64_2.0.0.202105311346/tools/bin/../lib/gcc/arm-none-eabi/9.3.1/thumb/v6-m/nofp/libgcc.a(divdf3.o)
                0x0000000008001914                __aeabi_ddiv
 .text          0x0000000008001ee4       0x78 /opt/st/stm32cubeide_1.8.0/plugins/com.st.stm32cube.ide.mcu.externaltools.gnu-tools-for-stm32.9-2020-q2-update.linux64_2.0.0.202105311346/tools/bin/../lib/gcc/arm-none-eabi/9.3.1/thumb/v6-m/nofp/libgcc.a(eqdf2.o)
                0x0000000008001ee4                __eqdf2
                0x0000000008001ee4                __nedf2
 .text          0x0000000008001f5c       0xe4 /opt/st/stm32cubeide_1.8.0/plugins/com.st.stm32cube.ide.mcu.externaltools.gnu-tools-for-stm32.9-2020-q2-update.linux64_2.0.0.202105311346/tools/bin/../lib/gcc/arm-none-eabi/9.3.1/thumb/v6-m/nofp/libgcc.a(gedf2.o)
                0x0000000008001f5c                __gtdf2
                0x0000000008001f5c                __gedf2
 .text          0x0000000008002040       0xe0 /opt/st/stm32cubeide_1.8.0/plugins/com.st.stm32cube.ide.mcu.externaltools.gnu-tools-for-stm32.9-2020-q2-update.linux64_2.0.0.202105311346/tools/bin/../lib/gcc/arm-none-eabi/9.3.1/thumb/v6-m/nofp/libgcc.a(ledf2.o)
                0x0000000008002040                __ltdf2
                0x0000000008002040                __ledf2
 .text          0x0000000008002120      0x4d8 /opt/st/stm32cubeide_1.8.0/plugins/com.st.stm32cube.ide.mcu.externaltools.gnu-tools-for-stm32.9-2020-q2-update.linux64_2.0.0.202105311346/tools/bin/../lib/gcc/arm-none-eabi/9.3.1/thumb/v6-m/nofp/libgcc.a(muldf3.o)
                0x0000000008002120                __aeabi_dmul
 .text          0x00000000080025f8      0x724 /opt/st/stm32cubeide_1.8.0/plugins/com.st.stm32cube.ide.mcu.externaltools.gnu-tools-for-stm32.9-2020-q2-update.linux64_2.0.0.202105311346/tools/bin/../lib/gcc/arm-none-eabi/9.3.1/thumb/v6-m/nofp/libgcc.a(subdf3.o)
                0x00000000080025f8                __aeabi_dsub
 .text          0x0000000008002d1c       0x3c /opt/st/stm32cubeide_1.8.0/plugins/com.st.stm32cube.ide.mcu.externaltools.gnu-tools-for-stm32.9-2020-q2-update.linux64_2.0.0.202105311346/tools/bin/../lib/gcc/arm-none-eabi/9.3.1/thumb/v6-m/nofp/libgcc.a(unorddf2.o)
                0x0000000008002d1c                __aeabi_dcmpun
 .text          0x0000000008002d58       0x6c /opt/st/stm32cubeide_1.8.0/plugins/com.st.stm32cube.ide.mcu.externaltools.gnu-tools-for-stm32.9-2020-q2-update.linux64_2.0.0.202105311346/tools/bin/../lib/gcc/arm-none-eabi/9.3.1/thumb/v6-m/nofp/libgcc.a(fixdfsi.o)
                0x0000000008002d58                __aeabi_d2iz
 .text          0x0000000008002dc4       0x60 /opt/st/stm32cubeide_1.8.0/plugins/com.st.stm32cube.ide.mcu.externaltools.gnu-tools-for-stm32.9-2020-q2-update.linux64_2.0.0.202105311346/tools/bin/../lib/gcc/arm-none-eabi/9.3.1/thumb/v6-m/nofp/libgcc.a(floatsidf.o)
                0x0000000008002dc4                __aeabi_i2d
 .text          0x0000000008002e24       0x4c /opt/st/stm32cubeide_1.8.0/plugins/com.st.stm32cube.ide.mcu.externaltools.gnu-tools-for-stm32.9-2020-q2-update.linux64_2.0.0.202105311346/tools/bin/../lib/gcc/arm-none-eabi/9.3.1/thumb/v6-m/nofp/libgcc.a(floatunsidf.o)
                0x0000000008002e24                __aeabi_ui2d
 .text          0x0000000008002e70       0x90 /opt/st/stm32cubeide_1.8.0/plugins/com.st.stm32cube.ide.mcu.externaltools.gnu-tools-for-stm32.9-2020-q2-update.linux64_2.0.0.202105311346/tools/bin/../lib/gcc/arm-none-eabi/9.3.1/thumb/v6-m/nofp/libgcc.a(extendsfdf2.o)
                0x0000000008002e70                __aeabi_f2d
 .text          0x0000000008002f00      0x110 /opt/st/stm32cubeide_1.8.0/plugins/com.st.stm32cube.ide.mcu.externaltools.gnu-tools-for-stm32.9-2020-q2-update.linux64_2.0.0.202105311346/tools/bin/../lib/gcc/arm-none-eabi/9.3.1/thumb/v6-m/nofp/libgcc.a(truncdfsf2.o)
                0x0000000008002f00                __aeabi_d2f
 .text          0x0000000008003010       0x74 /opt/st/stm32cubeide_1.8.0/plugins/com.st.stm32cube.ide.mcu.externaltools.gnu-tools-for-stm32.9-2020-q2-update.linux64_2.0.0.202105311346/tools/bin/../lib/gcc/arm-none-eabi/9.3.1/thumb/v6-m/nofp/libgcc.a(_arm_cmpsf2.o)
                0x0000000008003010                __aeabi_cfrcmple
                0x0000000008003018                __aeabi_cfcmple
                0x0000000008003018                __aeabi_cfcmpeq
                0x0000000008003028                __aeabi_fcmpeq
                0x0000000008003034                __aeabi_fcmplt
                0x0000000008003048                __aeabi_fcmple
                0x000000000800305c                __aeabi_fcmpgt
                0x0000000008003070                __aeabi_fcmpge
 .text          0x0000000008003084       0x3c /opt/st/stm32cubeide_1.8.0/plugins/com.st.stm32cube.ide.mcu.externaltools.gnu-tools-for-stm32.9-2020-q2-update.linux64_2.0.0.202105311346/tools/bin/../lib/gcc/arm-none-eabi/9.3.1/thumb/v6-m/nofp/libgcc.a(_clzsi2.o)
                0x0000000008003084                __clzsi2
 .text          0x00000000080030c0      0x1cc /opt/st/stm32cubeide_1.8.0/plugins/com.st.stm32cube.ide.mcu.externaltools.gnu-tools-for-stm32.9-2020-q2-update.linux64_2.0.0.202105311346/tools/bin/../lib/gcc/arm-none-eabi/9.3.1/thumb/v6-m/nofp/libgcc.a(_divdi3.o)
                0x00000000080030c0                __divdi3
 .text          0x000000000800328c       0x50 /opt/st/stm32cubeide_1.8.0/plugins/com.st.stm32cube.ide.mcu.externaltools.gnu-tools-for-stm32.9-2020-q2-update.linux64_2.0.0.202105311346/tools/bin/../lib/gcc/arm-none-eabi/9.3.1/thumb/v6-m/nofp/libgcc.a(eqsf2.o)
                0x000000000800328c                __nesf2
                0x000000000800328c                __eqsf2
 .text          0x00000000080032dc       0x98 /opt/st/stm32cubeide_1.8.0/plugins/com.st.stm32cube.ide.mcu.externaltools.gnu-tools-for-stm32.9-2020-q2-update.linux64_2.0.0.202105311346/tools/bin/../lib/gcc/arm-none-eabi/9.3.1/thumb/v6-m/nofp/libgcc.a(gesf2.o)
                0x00000000080032dc                __gtsf2
                0x00000000080032dc                __gesf2
 .text          0x0000000008003374       0x94 /opt/st/stm32cubeide_1.8.0/plugins/com.st.stm32cube.ide.mcu.externaltools.gnu-tools-for-stm32.9-2020-q2-update.linux64_2.0.0.202105311346/tools/bin/../lib/gcc/arm-none-eabi/9.3.1/thumb/v6-m/nofp/libgcc.a(lesf2.o)
                0x0000000008003374                __lesf2
                0x0000000008003374                __ltsf2
 .text          0x0000000008003408       0x18 /opt/st/stm32cubeide_1.8.0/plugins/com.st.stm32cube.ide.mcu.externaltools.gnu-tools-for-stm32.9-2020-q2-update.linux64_2.0.0.202105311346/tools/bin/../lib/gcc/arm-none-eabi/9.3.1/thumb/v6-m/nofp/libgcc.a(_clzdi2.o)
                0x0000000008003408                __clzdi2
 *(.text*)
 .text.HAL_InitTick
                0x0000000008003420       0x50 ./Drivers/STM32G0xx_HAL_Driver/Src/stm32g0xx_hal.o
                0x0000000008003420                HAL_InitTick
 .text.HAL_Init
                0x0000000008003470       0x28 ./Drivers/STM32G0xx_HAL_Driver/Src/stm32g0xx_hal.o
                0x0000000008003470                HAL_Init
 .text.HAL_IncTick
                0x0000000008003498       0x18 ./Drivers/STM32G0xx_HAL_Driver/Src/stm32g0xx_hal.o
                0x0000000008003498                HAL_IncTick
 .text.HAL_GetTick
                0x00000000080034b0        0xc ./Drivers/STM32G0xx_HAL_Driver/Src/stm32g0xx_hal.o
                0x00000000080034b0                HAL_GetTick
 .text.HAL_Delay
                0x00000000080034bc       0x24 ./Drivers/STM32G0xx_HAL_Driver/Src/stm32g0xx_hal.o
                0x00000000080034bc                HAL_Delay
 .text.HAL_SuspendTick
                0x00000000080034e0       0x10 ./Drivers/STM32G0xx_HAL_Driver/Src/stm32g0xx_hal.o
                0x00000000080034e0                HAL_SuspendTick
 .text.HAL_ResumeTick
                0x00000000080034f0       0x10 ./Drivers/STM32G0xx_HAL_Driver/Src/stm32g0xx_hal.o
                0x00000000080034f0                HAL_ResumeTick
 .text.HAL_SYSCFG_StrobeDBattpinsConfig
                0x0000000008003500       0x18 ./Drivers/STM32G0xx_HAL_Driver/Src/stm32g0xx_hal.o
                0x0000000008003500                HAL_SYSCFG_StrobeDBattpinsConfig
 .text.LL_ADC_REG_IsConversionOngoing
                0x0000000008003518        0x8 ./Drivers/STM32G0xx_HAL_Driver/Src/stm32g0xx_hal_adc.o
 .text.HAL_ADC_Init
                0x0000000008003520      0x270 ./Drivers/STM32G0xx_HAL_Driver/Src/stm32g0xx_hal_adc.o
                0x0000000008003520                HAL_ADC_Init
 .text.HAL_ADC_PollForConversion
                0x0000000008003790       0xc4 ./Drivers/STM32G0xx_HAL_Driver/Src/stm32g0xx_hal_adc.o
                0x0000000008003790                HAL_ADC_PollForConversion
 .text.HAL_ADC_GetValue
                0x0000000008003854        0x6 ./Drivers/STM32G0xx_HAL_Driver/Src/stm32g0xx_hal_adc.o
                0x0000000008003854                HAL_ADC_GetValue
 *fill*         0x000000000800385a        0x2 
 .text.HAL_ADC_ConfigChannel
                0x000000000800385c      0x24c ./Drivers/STM32G0xx_HAL_Driver/Src/stm32g0xx_hal_adc.o
                0x000000000800385c                HAL_ADC_ConfigChannel
 .text.ADC_Enable
                0x0000000008003aa8       0xb8 ./Drivers/STM32G0xx_HAL_Driver/Src/stm32g0xx_hal_adc.o
                0x0000000008003aa8                ADC_Enable
 .text.HAL_ADC_Start
                0x0000000008003b60       0x5c ./Drivers/STM32G0xx_HAL_Driver/Src/stm32g0xx_hal_adc.o
                0x0000000008003b60                HAL_ADC_Start
 .text.ADC_Disable
                0x0000000008003bbc       0x78 ./Drivers/STM32G0xx_HAL_Driver/Src/stm32g0xx_hal_adc.o
                0x0000000008003bbc                ADC_Disable
 .text.HAL_ADCEx_Calibration_Start
                0x0000000008003c34       0x9c ./Drivers/STM32G0xx_HAL_Driver/Src/stm32g0xx_hal_adc_ex.o
                0x0000000008003c34                HAL_ADCEx_Calibration_Start
 .text.HAL_NVIC_SetPriority
                0x0000000008003cd0       0x54 ./Drivers/STM32G0xx_HAL_Driver/Src/stm32g0xx_hal_cortex.o
                0x0000000008003cd0                HAL_NVIC_SetPriority
 .text.HAL_NVIC_EnableIRQ
                0x0000000008003d24       0x18 ./Drivers/STM32G0xx_HAL_Driver/Src/stm32g0xx_hal_cortex.o
                0x0000000008003d24                HAL_NVIC_EnableIRQ
 .text.HAL_SYSTICK_Config
                0x0000000008003d3c       0x34 ./Drivers/STM32G0xx_HAL_Driver/Src/stm32g0xx_hal_cortex.o
                0x0000000008003d3c                HAL_SYSTICK_Config
 .text.HAL_GPIO_Init
                0x0000000008003d70      0x15c ./Drivers/STM32G0xx_HAL_Driver/Src/stm32g0xx_hal_gpio.o
                0x0000000008003d70                HAL_GPIO_Init
 .text.HAL_GPIO_ReadPin
                0x0000000008003ecc        0xc ./Drivers/STM32G0xx_HAL_Driver/Src/stm32g0xx_hal_gpio.o
                0x0000000008003ecc                HAL_GPIO_ReadPin
 .text.HAL_GPIO_WritePin
                0x0000000008003ed8        0xc ./Drivers/STM32G0xx_HAL_Driver/Src/stm32g0xx_hal_gpio.o
                0x0000000008003ed8                HAL_GPIO_WritePin
 .text.HAL_GPIO_EXTI_Rising_Callback
                0x0000000008003ee4        0x2 ./Drivers/STM32G0xx_HAL_Driver/Src/stm32g0xx_hal_gpio.o
                0x0000000008003ee4                HAL_GPIO_EXTI_Rising_Callback
 *fill*         0x0000000008003ee6        0x2 
 .text.HAL_GPIO_EXTI_IRQHandler
                0x0000000008003ee8       0x28 ./Drivers/STM32G0xx_HAL_Driver/Src/stm32g0xx_hal_gpio.o
                0x0000000008003ee8                HAL_GPIO_EXTI_IRQHandler
 .text.I2C_Flush_TXDR
                0x0000000008003f10       0x1c ./Drivers/STM32G0xx_HAL_Driver/Src/stm32g0xx_hal_i2c.o
 .text.I2C_TransferConfig
                0x0000000008003f2c       0x28 ./Drivers/STM32G0xx_HAL_Driver/Src/stm32g0xx_hal_i2c.o
 .text.I2C_IsAcknowledgeFailed
                0x0000000008003f54       0x88 ./Drivers/STM32G0xx_HAL_Driver/Src/stm32g0xx_hal_i2c.o
 .text.I2C_WaitOnTXISFlagUntilTimeout
                0x0000000008003fdc       0x54 ./Drivers/STM32G0xx_HAL_Driver/Src/stm32g0xx_hal_i2c.o
 .text.I2C_WaitOnSTOPFlagUntilTimeout
                0x0000000008004030       0x50 ./Drivers/STM32G0xx_HAL_Driver/Src/stm32g0xx_hal_i2c.o
 .text.I2C_WaitOnFlagUntilTimeout
                0x0000000008004080       0x50 ./Drivers/STM32G0xx_HAL_Driver/Src/stm32g0xx_hal_i2c.o
 .text.I2C_RequestMemoryWrite
                0x00000000080040d0       0x68 ./Drivers/STM32G0xx_HAL_Driver/Src/stm32g0xx_hal_i2c.o
 .text.I2C_RequestMemoryRead
                0x0000000008004138       0x64 ./Drivers/STM32G0xx_HAL_Driver/Src/stm32g0xx_hal_i2c.o
 .text.HAL_I2C_Init
                0x000000000800419c       0xac ./Drivers/STM32G0xx_HAL_Driver/Src/stm32g0xx_hal_i2c.o
                0x000000000800419c                HAL_I2C_Init
 .text.HAL_I2C_Mem_Write
                0x0000000008004248      0x174 ./Drivers/STM32G0xx_HAL_Driver/Src/stm32g0xx_hal_i2c.o
                0x0000000008004248                HAL_I2C_Mem_Write
 .text.HAL_I2C_Mem_Read
                0x00000000080043bc      0x188 ./Drivers/STM32G0xx_HAL_Driver/Src/stm32g0xx_hal_i2c.o
                0x00000000080043bc                HAL_I2C_Mem_Read
 .text.HAL_I2CEx_ConfigAnalogFilter
                0x0000000008004544       0x4c ./Drivers/STM32G0xx_HAL_Driver/Src/stm32g0xx_hal_i2c_ex.o
                0x0000000008004544                HAL_I2CEx_ConfigAnalogFilter
 .text.HAL_I2CEx_ConfigDigitalFilter
                0x0000000008004590       0x48 ./Drivers/STM32G0xx_HAL_Driver/Src/stm32g0xx_hal_i2c_ex.o
                0x0000000008004590                HAL_I2CEx_ConfigDigitalFilter
 .text.HAL_PWR_EnableBkUpAccess
                0x00000000080045d8       0x14 ./Drivers/STM32G0xx_HAL_Driver/Src/stm32g0xx_hal_pwr.o
                0x00000000080045d8                HAL_PWR_EnableBkUpAccess
 .text.HAL_PWR_EnterSTOPMode
                0x00000000080045ec       0x44 ./Drivers/STM32G0xx_HAL_Driver/Src/stm32g0xx_hal_pwr.o
                0x00000000080045ec                HAL_PWR_EnterSTOPMode
 .text.HAL_PWREx_ControlVoltageScaling
                0x0000000008004630       0x58 ./Drivers/STM32G0xx_HAL_Driver/Src/stm32g0xx_hal_pwr_ex.o
                0x0000000008004630                HAL_PWREx_ControlVoltageScaling
 .text.HAL_RCC_OscConfig
                0x0000000008004688      0x44c ./Drivers/STM32G0xx_HAL_Driver/Src/stm32g0xx_hal_rcc.o
                0x0000000008004688                HAL_RCC_OscConfig
 .text.HAL_RCC_GetSysClockFreq
                0x0000000008004ad4       0x88 ./Drivers/STM32G0xx_HAL_Driver/Src/stm32g0xx_hal_rcc.o
                0x0000000008004ad4                HAL_RCC_GetSysClockFreq
 .text.HAL_RCC_ClockConfig
                0x0000000008004b5c      0x15c ./Drivers/STM32G0xx_HAL_Driver/Src/stm32g0xx_hal_rcc.o
                0x0000000008004b5c                HAL_RCC_ClockConfig
 .text.HAL_RCCEx_PeriphCLKConfig
                0x0000000008004cb8      0x20c ./Drivers/STM32G0xx_HAL_Driver/Src/stm32g0xx_hal_rcc_ex.o
                0x0000000008004cb8                HAL_RCCEx_PeriphCLKConfig
 .text.HAL_RTC_WaitForSynchro
                0x0000000008004ec4       0x34 ./Drivers/STM32G0xx_HAL_Driver/Src/stm32g0xx_hal_rtc.o
                0x0000000008004ec4                HAL_RTC_WaitForSynchro
 .text.RTC_EnterInitMode
                0x0000000008004ef8       0x48 ./Drivers/STM32G0xx_HAL_Driver/Src/stm32g0xx_hal_rtc.o
                0x0000000008004ef8                RTC_EnterInitMode
 .text.RTC_ExitInitMode
                0x0000000008004f40       0x48 ./Drivers/STM32G0xx_HAL_Driver/Src/stm32g0xx_hal_rtc.o
                0x0000000008004f40                RTC_ExitInitMode
 .text.HAL_RTC_Init
                0x0000000008004f88       0xa0 ./Drivers/STM32G0xx_HAL_Driver/Src/stm32g0xx_hal_rtc.o
                0x0000000008004f88                HAL_RTC_Init
 .text.RTC_ByteToBcd2
                0x0000000008005028       0x16 ./Drivers/STM32G0xx_HAL_Driver/Src/stm32g0xx_hal_rtc.o
                0x0000000008005028                RTC_ByteToBcd2
 *fill*         0x000000000800503e        0x2 
 .text.HAL_RTC_SetTime
                0x0000000008005040       0xd4 ./Drivers/STM32G0xx_HAL_Driver/Src/stm32g0xx_hal_rtc.o
                0x0000000008005040                HAL_RTC_SetTime
 .text.HAL_RTC_SetDate
                0x0000000008005114       0xac ./Drivers/STM32G0xx_HAL_Driver/Src/stm32g0xx_hal_rtc.o
                0x0000000008005114                HAL_RTC_SetDate
 .text.RTC_Bcd2ToByte
                0x00000000080051c0       0x12 ./Drivers/STM32G0xx_HAL_Driver/Src/stm32g0xx_hal_rtc.o
                0x00000000080051c0                RTC_Bcd2ToByte
 *fill*         0x00000000080051d2        0x2 
 .text.HAL_RTC_GetTime
                0x00000000080051d4       0x50 ./Drivers/STM32G0xx_HAL_Driver/Src/stm32g0xx_hal_rtc.o
                0x00000000080051d4                HAL_RTC_GetTime
 .text.HAL_RTC_GetDate
                0x0000000008005224       0x44 ./Drivers/STM32G0xx_HAL_Driver/Src/stm32g0xx_hal_rtc.o
                0x0000000008005224                HAL_RTC_GetDate
 .text.HAL_RTCEx_SetWakeUpTimer_IT
                0x0000000008005268       0xcc ./Drivers/STM32G0xx_HAL_Driver/Src/stm32g0xx_hal_rtc_ex.o
                0x0000000008005268                HAL_RTCEx_SetWakeUpTimer_IT
 .text.HAL_RTCEx_WakeUpTimerEventCallback
                0x0000000008005334        0x2 ./Drivers/STM32G0xx_HAL_Driver/Src/stm32g0xx_hal_rtc_ex.o
                0x0000000008005334                HAL_RTCEx_WakeUpTimerEventCallback
 .text.HAL_RTCEx_WakeUpTimerIRQHandler
                0x0000000008005336       0x20 ./Drivers/STM32G0xx_HAL_Driver/Src/stm32g0xx_hal_rtc_ex.o
                0x0000000008005336                HAL_RTCEx_WakeUpTimerIRQHandler
 *fill*         0x0000000008005356        0x2 
 .text.SPI_WaitFlagStateUntilTimeout.constprop.0
                0x0000000008005358       0xb8 ./Drivers/STM32G0xx_HAL_Driver/Src/stm32g0xx_hal_spi.o
 .text.SPI_WaitFifoStateUntilTimeout.constprop.0
                0x0000000008005410       0xd8 ./Drivers/STM32G0xx_HAL_Driver/Src/stm32g0xx_hal_spi.o
 .text.SPI_EndRxTxTransaction
                0x00000000080054e8       0x46 ./Drivers/STM32G0xx_HAL_Driver/Src/stm32g0xx_hal_spi.o
 *fill*         0x000000000800552e        0x2 
 .text.HAL_SPI_Init
                0x0000000008005530       0xf0 ./Drivers/STM32G0xx_HAL_Driver/Src/stm32g0xx_hal_spi.o
                0x0000000008005530                HAL_SPI_Init
 .text.HAL_SPI_Transmit
                0x0000000008005620      0x17a ./Drivers/STM32G0xx_HAL_Driver/Src/stm32g0xx_hal_spi.o
                0x0000000008005620                HAL_SPI_Transmit
 *fill*         0x000000000800579a        0x2 
 .text.HAL_TIM_Base_Start_IT
                0x000000000800579c       0x6c ./Drivers/STM32G0xx_HAL_Driver/Src/stm32g0xx_hal_tim.o
                0x000000000800579c                HAL_TIM_Base_Start_IT
 .text.HAL_TIM_OC_DelayElapsedCallback
                0x0000000008005808        0x2 ./Drivers/STM32G0xx_HAL_Driver/Src/stm32g0xx_hal_tim.o
                0x0000000008005808                HAL_TIM_OC_DelayElapsedCallback
 .text.HAL_TIM_IC_CaptureCallback
                0x000000000800580a        0x2 ./Drivers/STM32G0xx_HAL_Driver/Src/stm32g0xx_hal_tim.o
                0x000000000800580a                HAL_TIM_IC_CaptureCallback
 .text.HAL_TIM_PWM_PulseFinishedCallback
                0x000000000800580c        0x2 ./Drivers/STM32G0xx_HAL_Driver/Src/stm32g0xx_hal_tim.o
                0x000000000800580c                HAL_TIM_PWM_PulseFinishedCallback
 .text.HAL_TIM_TriggerCallback
                0x000000000800580e        0x2 ./Drivers/STM32G0xx_HAL_Driver/Src/stm32g0xx_hal_tim.o
                0x000000000800580e                HAL_TIM_TriggerCallback
 .text.HAL_TIM_IRQHandler
                0x0000000008005810      0x168 ./Drivers/STM32G0xx_HAL_Driver/Src/stm32g0xx_hal_tim.o
                0x0000000008005810                HAL_TIM_IRQHandler
 .text.TIM_Base_SetConfig
                0x0000000008005978       0xa0 ./Drivers/STM32G0xx_HAL_Driver/Src/stm32g0xx_hal_tim.o
                0x0000000008005978                TIM_Base_SetConfig
 .text.HAL_TIM_Base_Init
                0x0000000008005a18       0x54 ./Drivers/STM32G0xx_HAL_Driver/Src/stm32g0xx_hal_tim.o
                0x0000000008005a18                HAL_TIM_Base_Init
 .text.TIM_ETR_SetConfig
                0x0000000008005a6c       0x18 ./Drivers/STM32G0xx_HAL_Driver/Src/stm32g0xx_hal_tim.o
                0x0000000008005a6c                TIM_ETR_SetConfig
 .text.HAL_TIM_ConfigClockSource
                0x0000000008005a84      0x128 ./Drivers/STM32G0xx_HAL_Driver/Src/stm32g0xx_hal_tim.o
                0x0000000008005a84                HAL_TIM_ConfigClockSource
 .text.HAL_TIMEx_MasterConfigSynchronization
                0x0000000008005bac       0x74 ./Drivers/STM32G0xx_HAL_Driver/Src/stm32g0xx_hal_tim_ex.o
                0x0000000008005bac                HAL_TIMEx_MasterConfigSynchronization
 .text.HAL_TIMEx_CommutCallback
                0x0000000008005c20        0x2 ./Drivers/STM32G0xx_HAL_Driver/Src/stm32g0xx_hal_tim_ex.o
                0x0000000008005c20                HAL_TIMEx_CommutCallback
 .text.HAL_TIMEx_BreakCallback
                0x0000000008005c22        0x2 ./Drivers/STM32G0xx_HAL_Driver/Src/stm32g0xx_hal_tim_ex.o
                0x0000000008005c22                HAL_TIMEx_BreakCallback
 .text.HAL_TIMEx_Break2Callback
                0x0000000008005c24        0x2 ./Drivers/STM32G0xx_HAL_Driver/Src/stm32g0xx_hal_tim_ex.o
                0x0000000008005c24                HAL_TIMEx_Break2Callback
 *fill*         0x0000000008005c26        0x2 
 .text.DEV_SPI_WriteByte
                0x0000000008005c28       0x1c ./Src/Display_Config/DEV_Config.o
                0x0000000008005c28                DEV_SPI_WriteByte
 .text.DEV_Module_Init
                0x0000000008005c44       0x2e ./Src/Display_Config/DEV_Config.o
                0x0000000008005c44                DEV_Module_Init
 .text.EPD_1IN54_V2_SendCommand
                0x0000000008005c72       0x34 ./Src/Display_EPD/EPD_1in54_V2.o
 .text.EPD_1IN54_V2_SendData
                0x0000000008005ca6       0x34 ./Src/Display_EPD/EPD_1in54_V2.o
 *fill*         0x0000000008005cda        0x2 
 .text.EPD_1IN54_V2_ReadBusy
                0x0000000008005cdc       0x34 ./Src/Display_EPD/EPD_1in54_V2.o
 .text.EPD_1IN54_V2_TurnOnDisplay
                0x0000000008005d10       0x1a ./Src/Display_EPD/EPD_1in54_V2.o
 .text.EPD_1IN54_V2_TurnOnDisplayPart
                0x0000000008005d2a       0x1a ./Src/Display_EPD/EPD_1in54_V2.o
 .text.EPD_1IN54_V2_Init
                0x0000000008005d44       0xea ./Src/Display_EPD/EPD_1in54_V2.o
                0x0000000008005d44                EPD_1IN54_V2_Init
 .text.EPD_1IN54_V2_Clear
                0x0000000008005e2e       0x2a ./Src/Display_EPD/EPD_1in54_V2.o
                0x0000000008005e2e                EPD_1IN54_V2_Clear
 .text.EPD_1IN54_V2_Display
                0x0000000008005e58       0x34 ./Src/Display_EPD/EPD_1in54_V2.o
                0x0000000008005e58                EPD_1IN54_V2_Display
 .text.EPD_1IN54_V2_DisplayPartBaseImage
                0x0000000008005e8c       0x54 ./Src/Display_EPD/EPD_1in54_V2.o
                0x0000000008005e8c                EPD_1IN54_V2_DisplayPartBaseImage
 .text.EPD_1IN54_V2_DisplayPart
                0x0000000008005ee0       0x68 ./Src/Display_EPD/EPD_1in54_V2.o
                0x0000000008005ee0                EPD_1IN54_V2_DisplayPart
 .text.EPD_1IN54_V2_Sleep
                0x0000000008005f48       0x16 ./Src/Display_EPD/EPD_1in54_V2.o
                0x0000000008005f48                EPD_1IN54_V2_Sleep
 *fill*         0x0000000008005f5e        0x2 
 .text.Paint_NewImage
                0x0000000008005f60       0x40 ./Src/Display_GUI/GUI_Paint.o
                0x0000000008005f60                Paint_NewImage
 .text.Paint_SelectImage
                0x0000000008005fa0        0xc ./Src/Display_GUI/GUI_Paint.o
                0x0000000008005fa0                Paint_SelectImage
 .text.Paint_SetPixel
                0x0000000008005fac      0x11c ./Src/Display_GUI/GUI_Paint.o
                0x0000000008005fac                Paint_SetPixel
 .text.Paint_Clear
                0x00000000080060c8       0x68 ./Src/Display_GUI/GUI_Paint.o
                0x00000000080060c8                Paint_Clear
 .text.Paint_DrawPoint
                0x0000000008006130       0xf0 ./Src/Display_GUI/GUI_Paint.o
                0x0000000008006130                Paint_DrawPoint
 .text.Paint_DrawLine
                0x0000000008006220      0x100 ./Src/Display_GUI/GUI_Paint.o
                0x0000000008006220                Paint_DrawLine
 .text.Paint_DrawPointer
                0x0000000008006320       0xea ./Src/Display_GUI/GUI_Paint.o
                0x0000000008006320                Paint_DrawPointer
 *fill*         0x000000000800640a        0x2 
 .text.Paint_DrawRectangle
                0x000000000800640c       0xcc ./Src/Display_GUI/GUI_Paint.o
                0x000000000800640c                Paint_DrawRectangle
 .text.Paint_DrawCircle
                0x00000000080064d8      0x270 ./Src/Display_GUI/GUI_Paint.o
                0x00000000080064d8                Paint_DrawCircle
 .text.Paint_DrawChar
                0x0000000008006748       0xc0 ./Src/Display_GUI/GUI_Paint.o
                0x0000000008006748                Paint_DrawChar
 .text.Paint_DrawString_EN
                0x0000000008006808       0x88 ./Src/Display_GUI/GUI_Paint.o
                0x0000000008006808                Paint_DrawString_EN
 .text.Paint_DrawNum
                0x0000000008006890       0xb4 ./Src/Display_GUI/GUI_Paint.o
                0x0000000008006890                Paint_DrawNum
 .text.MX_ADC1_Init
                0x0000000008006944       0x80 ./Src/adc.o
                0x0000000008006944                MX_ADC1_Init
 .text.HAL_ADC_MspInit
                0x00000000080069c4       0x80 ./Src/adc.o
                0x00000000080069c4                HAL_ADC_MspInit
 .text.MX_CRC_Init
                0x0000000008006a44       0x4c ./Src/crc.o
                0x0000000008006a44                MX_CRC_Init
 .text.MX_GPIO_Init
                0x0000000008006a90       0xd8 ./Src/gpio.o
                0x0000000008006a90                MX_GPIO_Init
 .text.MX_I2C1_Init
                0x0000000008006b68       0x5c ./Src/i2c.o
                0x0000000008006b68                MX_I2C1_Init
 .text.HAL_I2C_MspInit
                0x0000000008006bc4       0x8c ./Src/i2c.o
                0x0000000008006bc4                HAL_I2C_MspInit
 .text.SystemClock_Config
                0x0000000008006c50       0x90 ./Src/main.o
                0x0000000008006c50                SystemClock_Config
 .text.startup.main
                0x0000000008006ce0      0x130 ./Src/main.o
                0x0000000008006ce0                main
 .text.Error_Handler
                0x0000000008006e10        0x4 ./Src/main.o
                0x0000000008006e10                Error_Handler
 .text.MX_RTC_Init
                0x0000000008006e14       0x9c ./Src/rtc.o
                0x0000000008006e14                MX_RTC_Init
 .text.HAL_RTC_MspInit
                0x0000000008006eb0       0x6c ./Src/rtc.o
                0x0000000008006eb0                HAL_RTC_MspInit
 .text.MX_SPI1_Init
                0x0000000008006f1c       0x4c ./Src/spi.o
                0x0000000008006f1c                MX_SPI1_Init
 .text.HAL_SPI_MspInit
                0x0000000008006f68       0x88 ./Src/spi.o
                0x0000000008006f68                HAL_SPI_MspInit
 .text.HAL_MspInit
                0x0000000008006ff0       0x34 ./Src/stm32g0xx_hal_msp.o
                0x0000000008006ff0                HAL_MspInit
 .text.NMI_Handler
                0x0000000008007024        0x2 ./Src/stm32g0xx_it.o
                0x0000000008007024                NMI_Handler
 .text.HardFault_Handler
                0x0000000008007026        0x2 ./Src/stm32g0xx_it.o
                0x0000000008007026                HardFault_Handler
 .text.SVC_Handler
                0x0000000008007028        0x2 ./Src/stm32g0xx_it.o
                0x0000000008007028                SVC_Handler
 .text.PendSV_Handler
                0x000000000800702a        0x2 ./Src/stm32g0xx_it.o
                0x000000000800702a                PendSV_Handler
 .text.SysTick_Handler
                0x000000000800702c        0x8 ./Src/stm32g0xx_it.o
                0x000000000800702c                SysTick_Handler
 .text.RTC_TAMP_IRQHandler
                0x0000000008007034       0x10 ./Src/stm32g0xx_it.o
                0x0000000008007034                RTC_TAMP_IRQHandler
 .text.EXTI2_3_IRQHandler
                0x0000000008007044       0x10 ./Src/stm32g0xx_it.o
                0x0000000008007044                EXTI2_3_IRQHandler
 .text.EXTI4_15_IRQHandler
                0x0000000008007054        0xa ./Src/stm32g0xx_it.o
                0x0000000008007054                EXTI4_15_IRQHandler
 *fill*         0x000000000800705e        0x2 
 .text.TIM3_IRQHandler
                0x0000000008007060       0x10 ./Src/stm32g0xx_it.o
                0x0000000008007060                TIM3_IRQHandler
 .text.TIM6_DAC_LPTIM1_IRQHandler
                0x0000000008007070       0x10 ./Src/stm32g0xx_it.o
                0x0000000008007070                TIM6_DAC_LPTIM1_IRQHandler
 .text._read    0x0000000008007080       0x1a ./Src/syscalls.o
                0x0000000008007080                _read
 .text._write   0x000000000800709a       0x1a ./Src/syscalls.o
                0x000000000800709a                _write
 .text._close   0x00000000080070b4        0x6 ./Src/syscalls.o
                0x00000000080070b4                _close
 .text._fstat   0x00000000080070ba        0xa ./Src/syscalls.o
                0x00000000080070ba                _fstat
 .text._isatty  0x00000000080070c4        0x4 ./Src/syscalls.o
                0x00000000080070c4                _isatty
 .text._lseek   0x00000000080070c8        0x4 ./Src/syscalls.o
                0x00000000080070c8                _lseek
 .text._sbrk    0x00000000080070cc       0x40 ./Src/sysmem.o
                0x00000000080070cc                _sbrk
 .text.SystemInit
                0x000000000800710c        0x2 ./Src/system_stm32g0xx.o
                0x000000000800710c                SystemInit
 *fill*         0x000000000800710e        0x2 
 .text.MX_TIM3_Init
                0x0000000008007110       0x7c ./Src/tim.o
                0x0000000008007110                MX_TIM3_Init
 .text.MX_TIM6_Init
                0x000000000800718c       0x54 ./Src/tim.o
                0x000000000800718c                MX_TIM6_Init
 .text.HAL_TIM_Base_MspInit
                0x00000000080071e0       0x60 ./Src/tim.o
                0x00000000080071e0                HAL_TIM_Base_MspInit
 .text.bme280Init
                0x0000000008007240      0x170 ./Src/bd_libs/bme280_bd.o
                0x0000000008007240                bme280Init
 .text.bme280ChangeValue
                0x00000000080073b0       0x50 ./Src/bd_libs/bme280_bd.o
                0x00000000080073b0                bme280ChangeValue
 .text._BME280_compensate_T_int32
                0x0000000008007400       0x30 ./Src/bd_libs/bme280_bd.o
                0x0000000008007400                _BME280_compensate_T_int32
 .text._BME280_compensate_P_int64
                0x0000000008007430      0x15c ./Src/bd_libs/bme280_bd.o
                0x0000000008007430                _BME280_compensate_P_int64
 .text._BME280_compensate_H_int32
                0x000000000800758c       0x84 ./Src/bd_libs/bme280_bd.o
                0x000000000800758c                _BME280_compensate_H_int32
 .text.bme280Read
                0x0000000008007610      0x160 ./Src/bd_libs/bme280_bd.o
                0x0000000008007610                bme280Read
 .text.forecastInit
                0x0000000008007770       0x14 ./Src/bd_libs/forecast_bd.o
                0x0000000008007770                forecastInit
 .text.forecastAppendActual
                0x0000000008007784       0x32 ./Src/bd_libs/forecast_bd.o
                0x0000000008007784                forecastAppendActual
 .text.lis3mdlInit
                0x00000000080077b6       0x6c ./Src/bd_libs/lis3mdl_bd.o
                0x00000000080077b6                lis3mdlInit
 .text.lis3mdlGetCalibrationSample
                0x0000000008007822       0x32 ./Src/bd_libs/lis3mdl_bd.o
                0x0000000008007822                lis3mdlGetCalibrationSample
 .text.findMax  0x0000000008007854       0x28 ./Src/bd_libs/lis3mdl_bd.o
                0x0000000008007854                findMax
 .text.findMin  0x000000000800787c       0x28 ./Src/bd_libs/lis3mdl_bd.o
                0x000000000800787c                findMin
 .text.lis3mdlRead
                0x00000000080078a4      0x1c0 ./Src/bd_libs/lis3mdl_bd.o
                0x00000000080078a4                lis3mdlRead
 .text.rtcInit  0x0000000008007a64       0x1c ./Src/bd_libs/rtc_bd.o
                0x0000000008007a64                rtcInit
 .text.rtcGetTime
                0x0000000008007a80      0x258 ./Src/bd_libs/rtc_bd.o
                0x0000000008007a80                rtcGetTime
 .text.rtcSetTime
                0x0000000008007cd8       0x40 ./Src/bd_libs/rtc_bd.o
                0x0000000008007cd8                rtcSetTime
 .text.rtcStartChrono
                0x0000000008007d18       0x64 ./Src/bd_libs/rtc_bd.o
                0x0000000008007d18                rtcStartChrono
 .text.rtcStopChrono
                0x0000000008007d7c       0x98 ./Src/bd_libs/rtc_bd.o
                0x0000000008007d7c                rtcStopChrono
 .text.rtcResumeChrono
                0x0000000008007e14        0x8 ./Src/bd_libs/rtc_bd.o
                0x0000000008007e14                rtcResumeChrono
 .text.rtcResetChrono
                0x0000000008007e1c       0x14 ./Src/bd_libs/rtc_bd.o
                0x0000000008007e1c                rtcResetChrono
 .text.rtcChangeValue
                0x0000000008007e30       0xf2 ./Src/bd_libs/rtc_bd.o
                0x0000000008007e30                rtcChangeValue
 *fill*         0x0000000008007f22        0x2 
 .text.batteryCheckInit
                0x0000000008007f24       0x10 ./Src/chrono/battery.o
                0x0000000008007f24                batteryCheckInit
 .text.batteryReadState
                0x0000000008007f34       0x3c ./Src/chrono/battery.o
                0x0000000008007f34                batteryReadState
 .text.interfaceSettingsInit
                0x0000000008007f70       0x5a ./Src/chrono/interface.o
                0x0000000008007f70                interfaceSettingsInit
 .text.interfaceUpdateModeSwitch
                0x0000000008007fca       0x34 ./Src/chrono/interface.o
                0x0000000008007fca                interfaceUpdateModeSwitch
 *fill*         0x0000000008007ffe        0x2 
 .text.interfaceInit
                0x0000000008008000       0xfc ./Src/chrono/interface.o
                0x0000000008008000                interfaceInit
 .text.interfaceBurn
                0x00000000080080fc       0x24 ./Src/chrono/interface.o
                0x00000000080080fc                interfaceBurn
 .text.interfaceClear
                0x0000000008008120        0xe ./Src/chrono/interface.o
                0x0000000008008120                interfaceClear
 .text.interfaceSettingsClear
                0x000000000800812e        0xc ./Src/chrono/interface.o
                0x000000000800812e                interfaceSettingsClear
 *fill*         0x000000000800813a        0x2 
 .text.interfaceSettingsDraw
                0x000000000800813c      0x3cc ./Src/chrono/interface.o
                0x000000000800813c                interfaceSettingsDraw
 .text.interfaceDrawIcon
                0x0000000008008508      0x2d4 ./Src/chrono/interface.o
                0x0000000008008508                interfaceDrawIcon
 .text.interfaceDrawDialer
                0x00000000080087dc      0x1d0 ./Src/chrono/interface.o
                0x00000000080087dc                interfaceDrawDialer
 .text.interfaceDrawMain
                0x00000000080089ac      0xae0 ./Src/chrono/interface.o
                0x00000000080089ac                interfaceDrawMain
 .text.goodNight
                0x000000000800948c       0x38 ./Src/chrono/sleep.o
                0x000000000800948c                goodNight
 .text.HAL_TIM_PeriodElapsedCallback
                0x00000000080094c4       0x4c ./Src/chrono/timers.o
                0x00000000080094c4                HAL_TIM_PeriodElapsedCallback
 .text.timersInit
                0x0000000008009510       0x10 ./Src/chrono/timers.o
                0x0000000008009510                timersInit
 .text.touchRead
                0x0000000008009520       0x2e ./Src/chrono/touch.o
                0x0000000008009520                touchRead
 *fill*         0x000000000800954e        0x2 
 .text.HAL_GPIO_EXTI_Falling_Callback
                0x0000000008009550       0xcc ./Src/chrono/touch.o
                0x0000000008009550                HAL_GPIO_EXTI_Falling_Callback
 .text.watchInit
                0x000000000800961c       0x10 ./Src/chrono/watch.o
                0x000000000800961c                watchInit
 .text.watchSwitchMode
                0x000000000800962c        0x8 ./Src/chrono/watch.o
                0x000000000800962c                watchSwitchMode
 .text.watchSwitchSettingsItem
                0x0000000008009634       0x12 ./Src/chrono/watch.o
                0x0000000008009634                watchSwitchSettingsItem
 *fill*         0x0000000008009646        0x2 
 .text.Reset_Handler
                0x0000000008009648       0x50 ./Startup/startup_stm32g071kbtx.o
                0x0000000008009648                Reset_Handler
 .text.Default_Handler
                0x0000000008009698        0x2 ./Startup/startup_stm32g071kbtx.o
                0x0000000008009698                USART3_4_LPUART1_IRQHandler
                0x0000000008009698                TIM1_CC_IRQHandler
                0x0000000008009698                ADC1_COMP_IRQHandler
                0x0000000008009698                PVD_IRQHandler
                0x0000000008009698                I2C1_IRQHandler
                0x0000000008009698                TIM7_LPTIM2_IRQHandler
                0x0000000008009698                SPI1_IRQHandler
                0x0000000008009698                I2C2_IRQHandler
                0x0000000008009698                TIM17_IRQHandler
                0x0000000008009698                TIM16_IRQHandler
                0x0000000008009698                RCC_IRQHandler
                0x0000000008009698                DMA1_Channel1_IRQHandler
                0x0000000008009698                Default_Handler
                0x0000000008009698                CEC_IRQHandler
                0x0000000008009698                TIM14_IRQHandler
                0x0000000008009698                TIM15_IRQHandler
                0x0000000008009698                EXTI0_1_IRQHandler
                0x0000000008009698                SPI2_IRQHandler
                0x0000000008009698                WWDG_IRQHandler
                0x0000000008009698                TIM2_IRQHandler
                0x0000000008009698                DMA1_Ch4_7_DMAMUX1_OVR_IRQHandler
                0x0000000008009698                DMA1_Channel2_3_IRQHandler
                0x0000000008009698                UCPD1_2_IRQHandler
                0x0000000008009698                USART2_IRQHandler
                0x0000000008009698                FLASH_IRQHandler
                0x0000000008009698                USART1_IRQHandler
                0x0000000008009698                TIM1_BRK_UP_TRG_COM_IRQHandler
 *fill*         0x000000000800969a        0x2 
 .text.__errno  0x000000000800969c        0xc /opt/st/stm32cubeide_1.8.0/plugins/com.st.stm32cube.ide.mcu.externaltools.gnu-tools-for-stm32.9-2020-q2-update.linux64_2.0.0.202105311346/tools/bin/../lib/gcc/arm-none-eabi/9.3.1/../../../../arm-none-eabi/lib/thumb/v6-m/nofp/libc_nano.a(lib_a-errno.o)
                0x000000000800969c                __errno
 .text.__libc_init_array
                0x00000000080096a8       0x48 /opt/st/stm32cubeide_1.8.0/plugins/com.st.stm32cube.ide.mcu.externaltools.gnu-tools-for-stm32.9-2020-q2-update.linux64_2.0.0.202105311346/tools/bin/../lib/gcc/arm-none-eabi/9.3.1/../../../../arm-none-eabi/lib/thumb/v6-m/nofp/libc_nano.a(lib_a-init.o)
                0x00000000080096a8                __libc_init_array
 .text.malloc   0x00000000080096f0       0x14 /opt/st/stm32cubeide_1.8.0/plugins/com.st.stm32cube.ide.mcu.externaltools.gnu-tools-for-stm32.9-2020-q2-update.linux64_2.0.0.202105311346/tools/bin/../lib/gcc/arm-none-eabi/9.3.1/../../../../arm-none-eabi/lib/thumb/v6-m/nofp/libc_nano.a(lib_a-malloc.o)
                0x00000000080096f0                malloc
 .text.memset   0x0000000008009704       0x10 /opt/st/stm32cubeide_1.8.0/plugins/com.st.stm32cube.ide.mcu.externaltools.gnu-tools-for-stm32.9-2020-q2-update.linux64_2.0.0.202105311346/tools/bin/../lib/gcc/arm-none-eabi/9.3.1/../../../../arm-none-eabi/lib/thumb/v6-m/nofp/libc_nano.a(lib_a-memset.o)
                0x0000000008009704                memset
 .text._free_r  0x0000000008009714       0x94 /opt/st/stm32cubeide_1.8.0/plugins/com.st.stm32cube.ide.mcu.externaltools.gnu-tools-for-stm32.9-2020-q2-update.linux64_2.0.0.202105311346/tools/bin/../lib/gcc/arm-none-eabi/9.3.1/../../../../arm-none-eabi/lib/thumb/v6-m/nofp/libc_nano.a(lib_a-nano-freer.o)
                0x0000000008009714                _free_r
 .text._malloc_r
                0x00000000080097a8       0xbc /opt/st/stm32cubeide_1.8.0/plugins/com.st.stm32cube.ide.mcu.externaltools.gnu-tools-for-stm32.9-2020-q2-update.linux64_2.0.0.202105311346/tools/bin/../lib/gcc/arm-none-eabi/9.3.1/../../../../arm-none-eabi/lib/thumb/v6-m/nofp/libc_nano.a(lib_a-nano-mallocr.o)
                0x00000000080097a8                _malloc_r
 .text.printf   0x0000000008009864       0x34 /opt/st/stm32cubeide_1.8.0/plugins/com.st.stm32cube.ide.mcu.externaltools.gnu-tools-for-stm32.9-2020-q2-update.linux64_2.0.0.202105311346/tools/bin/../lib/gcc/arm-none-eabi/9.3.1/../../../../arm-none-eabi/lib/thumb/v6-m/nofp/libc_nano.a(lib_a-printf.o)
                0x0000000008009864                printf
                0x0000000008009864                iprintf
 .text._puts_r  0x0000000008009898       0xe4 /opt/st/stm32cubeide_1.8.0/plugins/com.st.stm32cube.ide.mcu.externaltools.gnu-tools-for-stm32.9-2020-q2-update.linux64_2.0.0.202105311346/tools/bin/../lib/gcc/arm-none-eabi/9.3.1/../../../../arm-none-eabi/lib/thumb/v6-m/nofp/libc_nano.a(lib_a-puts.o)
                0x0000000008009898                _puts_r
 .text.puts     0x000000000800997c       0x14 /opt/st/stm32cubeide_1.8.0/plugins/com.st.stm32cube.ide.mcu.externaltools.gnu-tools-for-stm32.9-2020-q2-update.linux64_2.0.0.202105311346/tools/bin/../lib/gcc/arm-none-eabi/9.3.1/../../../../arm-none-eabi/lib/thumb/v6-m/nofp/libc_nano.a(lib_a-puts.o)
                0x000000000800997c                puts
 .text._sbrk_r  0x0000000008009990       0x24 /opt/st/stm32cubeide_1.8.0/plugins/com.st.stm32cube.ide.mcu.externaltools.gnu-tools-for-stm32.9-2020-q2-update.linux64_2.0.0.202105311346/tools/bin/../lib/gcc/arm-none-eabi/9.3.1/../../../../arm-none-eabi/lib/thumb/v6-m/nofp/libc_nano.a(lib_a-sbrkr.o)
                0x0000000008009990                _sbrk_r
 .text.__swbuf_r
                0x00000000080099b4       0xac /opt/st/stm32cubeide_1.8.0/plugins/com.st.stm32cube.ide.mcu.externaltools.gnu-tools-for-stm32.9-2020-q2-update.linux64_2.0.0.202105311346/tools/bin/../lib/gcc/arm-none-eabi/9.3.1/../../../../arm-none-eabi/lib/thumb/v6-m/nofp/libc_nano.a(lib_a-wbuf.o)
                0x00000000080099b4                __swbuf_r
 .text.__swsetup_r
                0x0000000008009a60       0xf0 /opt/st/stm32cubeide_1.8.0/plugins/com.st.stm32cube.ide.mcu.externaltools.gnu-tools-for-stm32.9-2020-q2-update.linux64_2.0.0.202105311346/tools/bin/../lib/gcc/arm-none-eabi/9.3.1/../../../../arm-none-eabi/lib/thumb/v6-m/nofp/libc_nano.a(lib_a-wsetup.o)
                0x0000000008009a60                __swsetup_r
 .text.__sflush_r
                0x0000000008009b50      0x118 /opt/st/stm32cubeide_1.8.0/plugins/com.st.stm32cube.ide.mcu.externaltools.gnu-tools-for-stm32.9-2020-q2-update.linux64_2.0.0.202105311346/tools/bin/../lib/gcc/arm-none-eabi/9.3.1/../../../../arm-none-eabi/lib/thumb/v6-m/nofp/libc_nano.a(lib_a-fflush.o)
                0x0000000008009b50                __sflush_r
 .text._fflush_r
                0x0000000008009c68       0x80 /opt/st/stm32cubeide_1.8.0/plugins/com.st.stm32cube.ide.mcu.externaltools.gnu-tools-for-stm32.9-2020-q2-update.linux64_2.0.0.202105311346/tools/bin/../lib/gcc/arm-none-eabi/9.3.1/../../../../arm-none-eabi/lib/thumb/v6-m/nofp/libc_nano.a(lib_a-fflush.o)
                0x0000000008009c68                _fflush_r
 .text.std      0x0000000008009ce8       0x48 /opt/st/stm32cubeide_1.8.0/plugins/com.st.stm32cube.ide.mcu.externaltools.gnu-tools-for-stm32.9-2020-q2-update.linux64_2.0.0.202105311346/tools/bin/../lib/gcc/arm-none-eabi/9.3.1/../../../../arm-none-eabi/lib/thumb/v6-m/nofp/libc_nano.a(lib_a-findfp.o)
 .text._cleanup_r
                0x0000000008009d30       0x10 /opt/st/stm32cubeide_1.8.0/plugins/com.st.stm32cube.ide.mcu.externaltools.gnu-tools-for-stm32.9-2020-q2-update.linux64_2.0.0.202105311346/tools/bin/../lib/gcc/arm-none-eabi/9.3.1/../../../../arm-none-eabi/lib/thumb/v6-m/nofp/libc_nano.a(lib_a-findfp.o)
                0x0000000008009d30                _cleanup_r
 .text.__sfmoreglue
                0x0000000008009d40       0x2c /opt/st/stm32cubeide_1.8.0/plugins/com.st.stm32cube.ide.mcu.externaltools.gnu-tools-for-stm32.9-2020-q2-update.linux64_2.0.0.202105311346/tools/bin/../lib/gcc/arm-none-eabi/9.3.1/../../../../arm-none-eabi/lib/thumb/v6-m/nofp/libc_nano.a(lib_a-findfp.o)
                0x0000000008009d40                __sfmoreglue
 .text.__sfp_lock_acquire
                0x0000000008009d6c       0x10 /opt/st/stm32cubeide_1.8.0/plugins/com.st.stm32cube.ide.mcu.externaltools.gnu-tools-for-stm32.9-2020-q2-update.linux64_2.0.0.202105311346/tools/bin/../lib/gcc/arm-none-eabi/9.3.1/../../../../arm-none-eabi/lib/thumb/v6-m/nofp/libc_nano.a(lib_a-findfp.o)
                0x0000000008009d6c                __sfp_lock_acquire
 .text.__sfp_lock_release
                0x0000000008009d7c       0x10 /opt/st/stm32cubeide_1.8.0/plugins/com.st.stm32cube.ide.mcu.externaltools.gnu-tools-for-stm32.9-2020-q2-update.linux64_2.0.0.202105311346/tools/bin/../lib/gcc/arm-none-eabi/9.3.1/../../../../arm-none-eabi/lib/thumb/v6-m/nofp/libc_nano.a(lib_a-findfp.o)
                0x0000000008009d7c                __sfp_lock_release
 .text.__sinit_lock_acquire
                0x0000000008009d8c       0x10 /opt/st/stm32cubeide_1.8.0/plugins/com.st.stm32cube.ide.mcu.externaltools.gnu-tools-for-stm32.9-2020-q2-update.linux64_2.0.0.202105311346/tools/bin/../lib/gcc/arm-none-eabi/9.3.1/../../../../arm-none-eabi/lib/thumb/v6-m/nofp/libc_nano.a(lib_a-findfp.o)
                0x0000000008009d8c                __sinit_lock_acquire
 .text.__sinit_lock_release
                0x0000000008009d9c       0x10 /opt/st/stm32cubeide_1.8.0/plugins/com.st.stm32cube.ide.mcu.externaltools.gnu-tools-for-stm32.9-2020-q2-update.linux64_2.0.0.202105311346/tools/bin/../lib/gcc/arm-none-eabi/9.3.1/../../../../arm-none-eabi/lib/thumb/v6-m/nofp/libc_nano.a(lib_a-findfp.o)
                0x0000000008009d9c                __sinit_lock_release
 .text.__sinit  0x0000000008009dac       0x70 /opt/st/stm32cubeide_1.8.0/plugins/com.st.stm32cube.ide.mcu.externaltools.gnu-tools-for-stm32.9-2020-q2-update.linux64_2.0.0.202105311346/tools/bin/../lib/gcc/arm-none-eabi/9.3.1/../../../../arm-none-eabi/lib/thumb/v6-m/nofp/libc_nano.a(lib_a-findfp.o)
                0x0000000008009dac                __sinit
 .text.__sfp    0x0000000008009e1c       0x90 /opt/st/stm32cubeide_1.8.0/plugins/com.st.stm32cube.ide.mcu.externaltools.gnu-tools-for-stm32.9-2020-q2-update.linux64_2.0.0.202105311346/tools/bin/../lib/gcc/arm-none-eabi/9.3.1/../../../../arm-none-eabi/lib/thumb/v6-m/nofp/libc_nano.a(lib_a-findfp.o)
                0x0000000008009e1c                __sfp
 .text._fwalk_reent
                0x0000000008009eac       0x40 /opt/st/stm32cubeide_1.8.0/plugins/com.st.stm32cube.ide.mcu.externaltools.gnu-tools-for-stm32.9-2020-q2-update.linux64_2.0.0.202105311346/tools/bin/../lib/gcc/arm-none-eabi/9.3.1/../../../../arm-none-eabi/lib/thumb/v6-m/nofp/libc_nano.a(lib_a-fwalk.o)
                0x0000000008009eac                _fwalk_reent
 .text.__retarget_lock_init_recursive
                0x0000000008009eec        0x2 /opt/st/stm32cubeide_1.8.0/plugins/com.st.stm32cube.ide.mcu.externaltools.gnu-tools-for-stm32.9-2020-q2-update.linux64_2.0.0.202105311346/tools/bin/../lib/gcc/arm-none-eabi/9.3.1/../../../../arm-none-eabi/lib/thumb/v6-m/nofp/libc_nano.a(lib_a-lock.o)
                0x0000000008009eec                __retarget_lock_init_recursive
 .text.__retarget_lock_acquire_recursive
                0x0000000008009eee        0x2 /opt/st/stm32cubeide_1.8.0/plugins/com.st.stm32cube.ide.mcu.externaltools.gnu-tools-for-stm32.9-2020-q2-update.linux64_2.0.0.202105311346/tools/bin/../lib/gcc/arm-none-eabi/9.3.1/../../../../arm-none-eabi/lib/thumb/v6-m/nofp/libc_nano.a(lib_a-lock.o)
                0x0000000008009eee                __retarget_lock_acquire_recursive
 .text.__retarget_lock_release_recursive
                0x0000000008009ef0        0x2 /opt/st/stm32cubeide_1.8.0/plugins/com.st.stm32cube.ide.mcu.externaltools.gnu-tools-for-stm32.9-2020-q2-update.linux64_2.0.0.202105311346/tools/bin/../lib/gcc/arm-none-eabi/9.3.1/../../../../arm-none-eabi/lib/thumb/v6-m/nofp/libc_nano.a(lib_a-lock.o)
                0x0000000008009ef0                __retarget_lock_release_recursive
 *fill*         0x0000000008009ef2        0x2 
 .text.__swhatbuf_r
                0x0000000008009ef4       0x50 /opt/st/stm32cubeide_1.8.0/plugins/com.st.stm32cube.ide.mcu.externaltools.gnu-tools-for-stm32.9-2020-q2-update.linux64_2.0.0.202105311346/tools/bin/../lib/gcc/arm-none-eabi/9.3.1/../../../../arm-none-eabi/lib/thumb/v6-m/nofp/libc_nano.a(lib_a-makebuf.o)
                0x0000000008009ef4                __swhatbuf_r
 .text.__smakebuf_r
                0x0000000008009f44       0x88 /opt/st/stm32cubeide_1.8.0/plugins/com.st.stm32cube.ide.mcu.externaltools.gnu-tools-for-stm32.9-2020-q2-update.linux64_2.0.0.202105311346/tools/bin/../lib/gcc/arm-none-eabi/9.3.1/../../../../arm-none-eabi/lib/thumb/v6-m/nofp/libc_nano.a(lib_a-makebuf.o)
                0x0000000008009f44                __smakebuf_r
 .text.__malloc_lock
                0x0000000008009fcc       0x10 /opt/st/stm32cubeide_1.8.0/plugins/com.st.stm32cube.ide.mcu.externaltools.gnu-tools-for-stm32.9-2020-q2-update.linux64_2.0.0.202105311346/tools/bin/../lib/gcc/arm-none-eabi/9.3.1/../../../../arm-none-eabi/lib/thumb/v6-m/nofp/libc_nano.a(lib_a-mlock.o)
                0x0000000008009fcc                __malloc_lock
 .text.__malloc_unlock
                0x0000000008009fdc       0x10 /opt/st/stm32cubeide_1.8.0/plugins/com.st.stm32cube.ide.mcu.externaltools.gnu-tools-for-stm32.9-2020-q2-update.linux64_2.0.0.202105311346/tools/bin/../lib/gcc/arm-none-eabi/9.3.1/../../../../arm-none-eabi/lib/thumb/v6-m/nofp/libc_nano.a(lib_a-mlock.o)
                0x0000000008009fdc                __malloc_unlock
 .text.__sfputc_r
                0x0000000008009fec       0x2a /opt/st/stm32cubeide_1.8.0/plugins/com.st.stm32cube.ide.mcu.externaltools.gnu-tools-for-stm32.9-2020-q2-update.linux64_2.0.0.202105311346/tools/bin/../lib/gcc/arm-none-eabi/9.3.1/../../../../arm-none-eabi/lib/thumb/v6-m/nofp/libc_nano.a(lib_a-nano-vfprintf.o)
 .text.__sfputs_r
                0x000000000800a016       0x24 /opt/st/stm32cubeide_1.8.0/plugins/com.st.stm32cube.ide.mcu.externaltools.gnu-tools-for-stm32.9-2020-q2-update.linux64_2.0.0.202105311346/tools/bin/../lib/gcc/arm-none-eabi/9.3.1/../../../../arm-none-eabi/lib/thumb/v6-m/nofp/libc_nano.a(lib_a-nano-vfprintf.o)
                0x000000000800a016                __sfputs_r
 *fill*         0x000000000800a03a        0x2 
 .text._vfprintf_r
                0x000000000800a03c      0x274 /opt/st/stm32cubeide_1.8.0/plugins/com.st.stm32cube.ide.mcu.externaltools.gnu-tools-for-stm32.9-2020-q2-update.linux64_2.0.0.202105311346/tools/bin/../lib/gcc/arm-none-eabi/9.3.1/../../../../arm-none-eabi/lib/thumb/v6-m/nofp/libc_nano.a(lib_a-nano-vfprintf.o)
                0x000000000800a03c                _vfiprintf_r
                0x000000000800a03c                _vfprintf_r
 .text._printf_common
                0x000000000800a2b0       0xde /opt/st/stm32cubeide_1.8.0/plugins/com.st.stm32cube.ide.mcu.externaltools.gnu-tools-for-stm32.9-2020-q2-update.linux64_2.0.0.202105311346/tools/bin/../lib/gcc/arm-none-eabi/9.3.1/../../../../arm-none-eabi/lib/thumb/v6-m/nofp/libc_nano.a(lib_a-nano-vfprintf_i.o)
                0x000000000800a2b0                _printf_common
 *fill*         0x000000000800a38e        0x2 
 .text._printf_i
                0x000000000800a390      0x224 /opt/st/stm32cubeide_1.8.0/plugins/com.st.stm32cube.ide.mcu.externaltools.gnu-tools-for-stm32.9-2020-q2-update.linux64_2.0.0.202105311346/tools/bin/../lib/gcc/arm-none-eabi/9.3.1/../../../../arm-none-eabi/lib/thumb/v6-m/nofp/libc_nano.a(lib_a-nano-vfprintf_i.o)
                0x000000000800a390                _printf_i
 .text.__sread  0x000000000800a5b4       0x28 /opt/st/stm32cubeide_1.8.0/plugins/com.st.stm32cube.ide.mcu.externaltools.gnu-tools-for-stm32.9-2020-q2-update.linux64_2.0.0.202105311346/tools/bin/../lib/gcc/arm-none-eabi/9.3.1/../../../../arm-none-eabi/lib/thumb/v6-m/nofp/libc_nano.a(lib_a-stdio.o)
                0x000000000800a5b4                __sread
 .text.__swrite
                0x000000000800a5dc       0x38 /opt/st/stm32cubeide_1.8.0/plugins/com.st.stm32cube.ide.mcu.externaltools.gnu-tools-for-stm32.9-2020-q2-update.linux64_2.0.0.202105311346/tools/bin/../lib/gcc/arm-none-eabi/9.3.1/../../../../arm-none-eabi/lib/thumb/v6-m/nofp/libc_nano.a(lib_a-stdio.o)
                0x000000000800a5dc                __swrite
 .text.__sseek  0x000000000800a614       0x2c /opt/st/stm32cubeide_1.8.0/plugins/com.st.stm32cube.ide.mcu.externaltools.gnu-tools-for-stm32.9-2020-q2-update.linux64_2.0.0.202105311346/tools/bin/../lib/gcc/arm-none-eabi/9.3.1/../../../../arm-none-eabi/lib/thumb/v6-m/nofp/libc_nano.a(lib_a-stdio.o)
                0x000000000800a614                __sseek
 .text.__sclose
                0x000000000800a640        0xc /opt/st/stm32cubeide_1.8.0/plugins/com.st.stm32cube.ide.mcu.externaltools.gnu-tools-for-stm32.9-2020-q2-update.linux64_2.0.0.202105311346/tools/bin/../lib/gcc/arm-none-eabi/9.3.1/../../../../arm-none-eabi/lib/thumb/v6-m/nofp/libc_nano.a(lib_a-stdio.o)
                0x000000000800a640                __sclose
 .text._write_r
                0x000000000800a64c       0x28 /opt/st/stm32cubeide_1.8.0/plugins/com.st.stm32cube.ide.mcu.externaltools.gnu-tools-for-stm32.9-2020-q2-update.linux64_2.0.0.202105311346/tools/bin/../lib/gcc/arm-none-eabi/9.3.1/../../../../arm-none-eabi/lib/thumb/v6-m/nofp/libc_nano.a(lib_a-writer.o)
                0x000000000800a64c                _write_r
 .text._close_r
                0x000000000800a674       0x24 /opt/st/stm32cubeide_1.8.0/plugins/com.st.stm32cube.ide.mcu.externaltools.gnu-tools-for-stm32.9-2020-q2-update.linux64_2.0.0.202105311346/tools/bin/../lib/gcc/arm-none-eabi/9.3.1/../../../../arm-none-eabi/lib/thumb/v6-m/nofp/libc_nano.a(lib_a-closer.o)
                0x000000000800a674                _close_r
 .text._fstat_r
                0x000000000800a698       0x24 /opt/st/stm32cubeide_1.8.0/plugins/com.st.stm32cube.ide.mcu.externaltools.gnu-tools-for-stm32.9-2020-q2-update.linux64_2.0.0.202105311346/tools/bin/../lib/gcc/arm-none-eabi/9.3.1/../../../../arm-none-eabi/lib/thumb/v6-m/nofp/libc_nano.a(lib_a-fstatr.o)
                0x000000000800a698                _fstat_r
 .text._isatty_r
                0x000000000800a6bc       0x24 /opt/st/stm32cubeide_1.8.0/plugins/com.st.stm32cube.ide.mcu.externaltools.gnu-tools-for-stm32.9-2020-q2-update.linux64_2.0.0.202105311346/tools/bin/../lib/gcc/arm-none-eabi/9.3.1/../../../../arm-none-eabi/lib/thumb/v6-m/nofp/libc_nano.a(lib_a-isattyr.o)
                0x000000000800a6bc                _isatty_r
 .text._lseek_r
                0x000000000800a6e0       0x28 /opt/st/stm32cubeide_1.8.0/plugins/com.st.stm32cube.ide.mcu.externaltools.gnu-tools-for-stm32.9-2020-q2-update.linux64_2.0.0.202105311346/tools/bin/../lib/gcc/arm-none-eabi/9.3.1/../../../../arm-none-eabi/lib/thumb/v6-m/nofp/libc_nano.a(lib_a-lseekr.o)
                0x000000000800a6e0                _lseek_r
 .text.memchr   0x000000000800a708       0x16 /opt/st/stm32cubeide_1.8.0/plugins/com.st.stm32cube.ide.mcu.externaltools.gnu-tools-for-stm32.9-2020-q2-update.linux64_2.0.0.202105311346/tools/bin/../lib/gcc/arm-none-eabi/9.3.1/../../../../arm-none-eabi/lib/thumb/v6-m/nofp/libc_nano.a(lib_a-memchr-stub.o)
                0x000000000800a708                memchr
 *fill*         0x000000000800a71e        0x2 
 .text._read_r  0x000000000800a720       0x28 /opt/st/stm32cubeide_1.8.0/plugins/com.st.stm32cube.ide.mcu.externaltools.gnu-tools-for-stm32.9-2020-q2-update.linux64_2.0.0.202105311346/tools/bin/../lib/gcc/arm-none-eabi/9.3.1/../../../../arm-none-eabi/lib/thumb/v6-m/nofp/libc_nano.a(lib_a-readr.o)
                0x000000000800a720                _read_r
 .text.cos      0x000000000800a748       0x84 /opt/st/stm32cubeide_1.8.0/plugins/com.st.stm32cube.ide.mcu.externaltools.gnu-tools-for-stm32.9-2020-q2-update.linux64_2.0.0.202105311346/tools/bin/../lib/gcc/arm-none-eabi/9.3.1/../../../../arm-none-eabi/lib/thumb/v6-m/nofp/libm.a(lib_a-s_cos.o)
                0x000000000800a748                cos
 .text.sin      0x000000000800a7cc       0x8c /opt/st/stm32cubeide_1.8.0/plugins/com.st.stm32cube.ide.mcu.externaltools.gnu-tools-for-stm32.9-2020-q2-update.linux64_2.0.0.202105311346/tools/bin/../lib/gcc/arm-none-eabi/9.3.1/../../../../arm-none-eabi/lib/thumb/v6-m/nofp/libm.a(lib_a-s_sin.o)
                0x000000000800a7cc                sin
 .text.atan2    0x000000000800a858        0x8 /opt/st/stm32cubeide_1.8.0/plugins/com.st.stm32cube.ide.mcu.externaltools.gnu-tools-for-stm32.9-2020-q2-update.linux64_2.0.0.202105311346/tools/bin/../lib/gcc/arm-none-eabi/9.3.1/../../../../arm-none-eabi/lib/thumb/v6-m/nofp/libm.a(lib_a-w_atan2.o)
                0x000000000800a858                atan2
 .text.log      0x000000000800a860       0x7c /opt/st/stm32cubeide_1.8.0/plugins/com.st.stm32cube.ide.mcu.externaltools.gnu-tools-for-stm32.9-2020-q2-update.linux64_2.0.0.202105311346/tools/bin/../lib/gcc/arm-none-eabi/9.3.1/../../../../arm-none-eabi/lib/thumb/v6-m/nofp/libm.a(lib_a-w_log.o)
                0x000000000800a860                log
 .text.__ieee754_atan2
                0x000000000800a8dc      0x158 /opt/st/stm32cubeide_1.8.0/plugins/com.st.stm32cube.ide.mcu.externaltools.gnu-tools-for-stm32.9-2020-q2-update.linux64_2.0.0.202105311346/tools/bin/../lib/gcc/arm-none-eabi/9.3.1/../../../../arm-none-eabi/lib/thumb/v6-m/nofp/libm.a(lib_a-e_atan2.o)
                0x000000000800a8dc                __ieee754_atan2
 .text.__ieee754_log
                0x000000000800aa34      0x360 /opt/st/stm32cubeide_1.8.0/plugins/com.st.stm32cube.ide.mcu.externaltools.gnu-tools-for-stm32.9-2020-q2-update.linux64_2.0.0.202105311346/tools/bin/../lib/gcc/arm-none-eabi/9.3.1/../../../../arm-none-eabi/lib/thumb/v6-m/nofp/libm.a(lib_a-e_log.o)
                0x000000000800aa34                __ieee754_log
 .text.__ieee754_rem_pio2
                0x000000000800ad94      0x3d8 /opt/st/stm32cubeide_1.8.0/plugins/com.st.stm32cube.ide.mcu.externaltools.gnu-tools-for-stm32.9-2020-q2-update.linux64_2.0.0.202105311346/tools/bin/../lib/gcc/arm-none-eabi/9.3.1/../../../../arm-none-eabi/lib/thumb/v6-m/nofp/libm.a(lib_a-e_rem_pio2.o)
                0x000000000800ad94                __ieee754_rem_pio2
 .text.__kernel_cos
                0x000000000800b16c      0x180 /opt/st/stm32cubeide_1.8.0/plugins/com.st.stm32cube.ide.mcu.externaltools.gnu-tools-for-stm32.9-2020-q2-update.linux64_2.0.0.202105311346/tools/bin/../lib/gcc/arm-none-eabi/9.3.1/../../../../arm-none-eabi/lib/thumb/v6-m/nofp/libm.a(lib_a-k_cos.o)
                0x000000000800b16c                __kernel_cos
 .text.__kernel_rem_pio2
                0x000000000800b2ec      0x6ec /opt/st/stm32cubeide_1.8.0/plugins/com.st.stm32cube.ide.mcu.externaltools.gnu-tools-for-stm32.9-2020-q2-update.linux64_2.0.0.202105311346/tools/bin/../lib/gcc/arm-none-eabi/9.3.1/../../../../arm-none-eabi/lib/thumb/v6-m/nofp/libm.a(lib_a-k_rem_pio2.o)
                0x000000000800b2ec                __kernel_rem_pio2
 .text.__kernel_sin
                0x000000000800b9d8      0x158 /opt/st/stm32cubeide_1.8.0/plugins/com.st.stm32cube.ide.mcu.externaltools.gnu-tools-for-stm32.9-2020-q2-update.linux64_2.0.0.202105311346/tools/bin/../lib/gcc/arm-none-eabi/9.3.1/../../../../arm-none-eabi/lib/thumb/v6-m/nofp/libm.a(lib_a-k_sin.o)
                0x000000000800b9d8                __kernel_sin
 .text.atan     0x000000000800bb30      0x300 /opt/st/stm32cubeide_1.8.0/plugins/com.st.stm32cube.ide.mcu.externaltools.gnu-tools-for-stm32.9-2020-q2-update.linux64_2.0.0.202105311346/tools/bin/../lib/gcc/arm-none-eabi/9.3.1/../../../../arm-none-eabi/lib/thumb/v6-m/nofp/libm.a(lib_a-s_atan.o)
                0x000000000800bb30                atan
 .text.fabs     0x000000000800be30        0x6 /opt/st/stm32cubeide_1.8.0/plugins/com.st.stm32cube.ide.mcu.externaltools.gnu-tools-for-stm32.9-2020-q2-update.linux64_2.0.0.202105311346/tools/bin/../lib/gcc/arm-none-eabi/9.3.1/../../../../arm-none-eabi/lib/thumb/v6-m/nofp/libm.a(lib_a-s_fabs.o)
                0x000000000800be30                fabs
 *fill*         0x000000000800be36        0x2 
 .text.floor    0x000000000800be38      0x114 /opt/st/stm32cubeide_1.8.0/plugins/com.st.stm32cube.ide.mcu.externaltools.gnu-tools-for-stm32.9-2020-q2-update.linux64_2.0.0.202105311346/tools/bin/../lib/gcc/arm-none-eabi/9.3.1/../../../../arm-none-eabi/lib/thumb/v6-m/nofp/libm.a(lib_a-s_floor.o)
                0x000000000800be38                floor
 .text.nan      0x000000000800bf4c        0xc /opt/st/stm32cubeide_1.8.0/plugins/com.st.stm32cube.ide.mcu.externaltools.gnu-tools-for-stm32.9-2020-q2-update.linux64_2.0.0.202105311346/tools/bin/../lib/gcc/arm-none-eabi/9.3.1/../../../../arm-none-eabi/lib/thumb/v6-m/nofp/libm.a(lib_a-s_nan.o)
                0x000000000800bf4c                nan
 .text.scalbn   0x000000000800bf58       0xe8 /opt/st/stm32cubeide_1.8.0/plugins/com.st.stm32cube.ide.mcu.externaltools.gnu-tools-for-stm32.9-2020-q2-update.linux64_2.0.0.202105311346/tools/bin/../lib/gcc/arm-none-eabi/9.3.1/../../../../arm-none-eabi/lib/thumb/v6-m/nofp/libm.a(lib_a-s_scalbn.o)
                0x000000000800bf58                scalbn
 *(.glue_7)
 .glue_7        0x000000000800c040        0x0 linker stubs
 *(.glue_7t)
 .glue_7t       0x000000000800c040        0x0 linker stubs
 *(.eh_frame)
 .eh_frame      0x000000000800c040        0x0 /opt/st/stm32cubeide_1.8.0/plugins/com.st.stm32cube.ide.mcu.externaltools.gnu-tools-for-stm32.9-2020-q2-update.linux64_2.0.0.202105311346/tools/bin/../lib/gcc/arm-none-eabi/9.3.1/thumb/v6-m/nofp/crtbegin.o
 *(.init)
 .init          0x000000000800c040        0x4 /opt/st/stm32cubeide_1.8.0/plugins/com.st.stm32cube.ide.mcu.externaltools.gnu-tools-for-stm32.9-2020-q2-update.linux64_2.0.0.202105311346/tools/bin/../lib/gcc/arm-none-eabi/9.3.1/thumb/v6-m/nofp/crti.o
                0x000000000800c040                _init
 .init          0x000000000800c044        0x8 /opt/st/stm32cubeide_1.8.0/plugins/com.st.stm32cube.ide.mcu.externaltools.gnu-tools-for-stm32.9-2020-q2-update.linux64_2.0.0.202105311346/tools/bin/../lib/gcc/arm-none-eabi/9.3.1/thumb/v6-m/nofp/crtn.o
 *(.fini)
 .fini          0x000000000800c04c        0x4 /opt/st/stm32cubeide_1.8.0/plugins/com.st.stm32cube.ide.mcu.externaltools.gnu-tools-for-stm32.9-2020-q2-update.linux64_2.0.0.202105311346/tools/bin/../lib/gcc/arm-none-eabi/9.3.1/thumb/v6-m/nofp/crti.o
                0x000000000800c04c                _fini
 .fini          0x000000000800c050        0x8 /opt/st/stm32cubeide_1.8.0/plugins/com.st.stm32cube.ide.mcu.externaltools.gnu-tools-for-stm32.9-2020-q2-update.linux64_2.0.0.202105311346/tools/bin/../lib/gcc/arm-none-eabi/9.3.1/thumb/v6-m/nofp/crtn.o
                0x000000000800c058                . = ALIGN (0x4)
                0x000000000800c058                _etext = .

.vfp11_veneer   0x000000000800c058        0x0
 .vfp11_veneer  0x000000000800c058        0x0 linker stubs

.v4_bx          0x000000000800c058        0x0
 .v4_bx         0x000000000800c058        0x0 linker stubs

.iplt           0x000000000800c058        0x0
 .iplt          0x000000000800c058        0x0 /opt/st/stm32cubeide_1.8.0/plugins/com.st.stm32cube.ide.mcu.externaltools.gnu-tools-for-stm32.9-2020-q2-update.linux64_2.0.0.202105311346/tools/bin/../lib/gcc/arm-none-eabi/9.3.1/thumb/v6-m/nofp/crtbegin.o

.rodata         0x000000000800c058     0x4420
                0x000000000800c058                . = ALIGN (0x4)
 *(.rodata)
 .rodata        0x000000000800c058       0x80 /opt/st/stm32cubeide_1.8.0/plugins/com.st.stm32cube.ide.mcu.externaltools.gnu-tools-for-stm32.9-2020-q2-update.linux64_2.0.0.202105311346/tools/bin/../lib/gcc/arm-none-eabi/9.3.1/thumb/v6-m/nofp/libgcc.a(divsf3.o)
 .rodata        0x000000000800c0d8       0x40 /opt/st/stm32cubeide_1.8.0/plugins/com.st.stm32cube.ide.mcu.externaltools.gnu-tools-for-stm32.9-2020-q2-update.linux64_2.0.0.202105311346/tools/bin/../lib/gcc/arm-none-eabi/9.3.1/thumb/v6-m/nofp/libgcc.a(mulsf3.o)
 .rodata        0x000000000800c118       0x40 /opt/st/stm32cubeide_1.8.0/plugins/com.st.stm32cube.ide.mcu.externaltools.gnu-tools-for-stm32.9-2020-q2-update.linux64_2.0.0.202105311346/tools/bin/../lib/gcc/arm-none-eabi/9.3.1/thumb/v6-m/nofp/libgcc.a(divdf3.o)
 .rodata        0x000000000800c158       0x40 /opt/st/stm32cubeide_1.8.0/plugins/com.st.stm32cube.ide.mcu.externaltools.gnu-tools-for-stm32.9-2020-q2-update.linux64_2.0.0.202105311346/tools/bin/../lib/gcc/arm-none-eabi/9.3.1/thumb/v6-m/nofp/libgcc.a(muldf3.o)
 *(.rodata*)
 .rodata.EPD_1IN54_V2_ReadBusy.str1.1
                0x000000000800c198       0x32 ./Src/Display_EPD/EPD_1in54_V2.o
 .rodata.Paint_SetPixel.str1.1
                0x000000000800c1ca       0x25 ./Src/Display_GUI/GUI_Paint.o
 .rodata.Paint_DrawPoint.str1.1
                0x000000000800c1ef       0x88 ./Src/Display_GUI/GUI_Paint.o
 .rodata.Paint_DrawLine.str1.1
                0x000000000800c277       0x3e ./Src/Display_GUI/GUI_Paint.o
 .rodata.Paint_DrawRectangle.str1.1
                0x000000000800c2b5       0x2f ./Src/Display_GUI/GUI_Paint.o
 .rodata.Paint_DrawCircle.str1.1
                0x000000000800c2e4       0x40 ./Src/Display_GUI/GUI_Paint.o
 .rodata.Paint_DrawChar.str1.1
                0x000000000800c324       0x3e ./Src/Display_GUI/GUI_Paint.o
 .rodata.Paint_DrawString_EN.str1.1
                0x000000000800c362       0x43 ./Src/Display_GUI/GUI_Paint.o
 .rodata.Paint_DrawNum.str1.1
                0x000000000800c3a5       0x3c ./Src/Display_GUI/GUI_Paint.o
 .rodata.Font12_Table
                0x000000000800c3e1      0x474 ./Src/Fonts/font12.o
                0x000000000800c3e1                Font12_Table
 .rodata.Font16_Table
                0x000000000800c855      0xbe0 ./Src/Fonts/font16.o
                0x000000000800c855                Font16_Table
 .rodata.Font20_Table
                0x000000000800d435      0xed8 ./Src/Fonts/font20.o
                0x000000000800d435                Font20_Table
 .rodata.Font24_Table
                0x000000000800e30d     0x1ab8 ./Src/Fonts/font24.o
                0x000000000800e30d                Font24_Table
 .rodata.Font8_Table
                0x000000000800fdc5      0x2f8 ./Src/Fonts/font8.o
                0x000000000800fdc5                Font8_Table
 *fill*         0x00000000080100bd        0x3 
 .rodata.AHBPrescTable
                0x00000000080100c0       0x40 ./Src/system_stm32g0xx.o
                0x00000000080100c0                AHBPrescTable
 .rodata.interfaceInit.str1.1
                0x0000000008010100       0x68 ./Src/chrono/interface.o
 .rodata.interfaceSettingsDraw.str1.1
                0x0000000008010168        0xa ./Src/chrono/interface.o
 .rodata.interfaceDrawMain.str1.1
                0x0000000008010172       0x25 ./Src/chrono/interface.o
                                         0x27 (size before relaxing)
 *fill*         0x0000000008010197        0x1 
 .rodata._global_impure_ptr
                0x0000000008010198        0x4 /opt/st/stm32cubeide_1.8.0/plugins/com.st.stm32cube.ide.mcu.externaltools.gnu-tools-for-stm32.9-2020-q2-update.linux64_2.0.0.202105311346/tools/bin/../lib/gcc/arm-none-eabi/9.3.1/../../../../arm-none-eabi/lib/thumb/v6-m/nofp/libc_nano.a(lib_a-impure.o)
                0x0000000008010198                _global_impure_ptr
 .rodata.__sf_fake_stderr
                0x000000000801019c       0x20 /opt/st/stm32cubeide_1.8.0/plugins/com.st.stm32cube.ide.mcu.externaltools.gnu-tools-for-stm32.9-2020-q2-update.linux64_2.0.0.202105311346/tools/bin/../lib/gcc/arm-none-eabi/9.3.1/../../../../arm-none-eabi/lib/thumb/v6-m/nofp/libc_nano.a(lib_a-findfp.o)
                0x000000000801019c                __sf_fake_stderr
 .rodata.__sf_fake_stdin
                0x00000000080101bc       0x20 /opt/st/stm32cubeide_1.8.0/plugins/com.st.stm32cube.ide.mcu.externaltools.gnu-tools-for-stm32.9-2020-q2-update.linux64_2.0.0.202105311346/tools/bin/../lib/gcc/arm-none-eabi/9.3.1/../../../../arm-none-eabi/lib/thumb/v6-m/nofp/libc_nano.a(lib_a-findfp.o)
                0x00000000080101bc                __sf_fake_stdin
 .rodata.__sf_fake_stdout
                0x00000000080101dc       0x20 /opt/st/stm32cubeide_1.8.0/plugins/com.st.stm32cube.ide.mcu.externaltools.gnu-tools-for-stm32.9-2020-q2-update.linux64_2.0.0.202105311346/tools/bin/../lib/gcc/arm-none-eabi/9.3.1/../../../../arm-none-eabi/lib/thumb/v6-m/nofp/libc_nano.a(lib_a-findfp.o)
                0x00000000080101dc                __sf_fake_stdout
 .rodata._vfprintf_r.str1.1
                0x00000000080101fc       0x11 /opt/st/stm32cubeide_1.8.0/plugins/com.st.stm32cube.ide.mcu.externaltools.gnu-tools-for-stm32.9-2020-q2-update.linux64_2.0.0.202105311346/tools/bin/../lib/gcc/arm-none-eabi/9.3.1/../../../../arm-none-eabi/lib/thumb/v6-m/nofp/libc_nano.a(lib_a-nano-vfprintf.o)
 .rodata._printf_i.str1.1
                0x000000000801020d       0x22 /opt/st/stm32cubeide_1.8.0/plugins/com.st.stm32cube.ide.mcu.externaltools.gnu-tools-for-stm32.9-2020-q2-update.linux64_2.0.0.202105311346/tools/bin/../lib/gcc/arm-none-eabi/9.3.1/../../../../arm-none-eabi/lib/thumb/v6-m/nofp/libc_nano.a(lib_a-nano-vfprintf_i.o)
 .rodata.log.str1.1
                0x000000000801022f       0x22 /opt/st/stm32cubeide_1.8.0/plugins/com.st.stm32cube.ide.mcu.externaltools.gnu-tools-for-stm32.9-2020-q2-update.linux64_2.0.0.202105311346/tools/bin/../lib/gcc/arm-none-eabi/9.3.1/../../../../arm-none-eabi/lib/thumb/v6-m/nofp/libm.a(lib_a-w_log.o)
                                          0x1 (size before relaxing)
 *fill*         0x000000000801022f        0x1 
 .rodata.CSWTCH.8
                0x0000000008010230       0x18 /opt/st/stm32cubeide_1.8.0/plugins/com.st.stm32cube.ide.mcu.externaltools.gnu-tools-for-stm32.9-2020-q2-update.linux64_2.0.0.202105311346/tools/bin/../lib/gcc/arm-none-eabi/9.3.1/../../../../arm-none-eabi/lib/thumb/v6-m/nofp/libm.a(lib_a-e_atan2.o)
 .rodata.CSWTCH.9
                0x0000000008010248       0x18 /opt/st/stm32cubeide_1.8.0/plugins/com.st.stm32cube.ide.mcu.externaltools.gnu-tools-for-stm32.9-2020-q2-update.linux64_2.0.0.202105311346/tools/bin/../lib/gcc/arm-none-eabi/9.3.1/../../../../arm-none-eabi/lib/thumb/v6-m/nofp/libm.a(lib_a-e_atan2.o)
 .rodata.npio2_hw
                0x0000000008010260       0x80 /opt/st/stm32cubeide_1.8.0/plugins/com.st.stm32cube.ide.mcu.externaltools.gnu-tools-for-stm32.9-2020-q2-update.linux64_2.0.0.202105311346/tools/bin/../lib/gcc/arm-none-eabi/9.3.1/../../../../arm-none-eabi/lib/thumb/v6-m/nofp/libm.a(lib_a-e_rem_pio2.o)
 .rodata.two_over_pi
                0x00000000080102e0      0x108 /opt/st/stm32cubeide_1.8.0/plugins/com.st.stm32cube.ide.mcu.externaltools.gnu-tools-for-stm32.9-2020-q2-update.linux64_2.0.0.202105311346/tools/bin/../lib/gcc/arm-none-eabi/9.3.1/../../../../arm-none-eabi/lib/thumb/v6-m/nofp/libm.a(lib_a-e_rem_pio2.o)
 .rodata.PIo2   0x00000000080103e8       0x40 /opt/st/stm32cubeide_1.8.0/plugins/com.st.stm32cube.ide.mcu.externaltools.gnu-tools-for-stm32.9-2020-q2-update.linux64_2.0.0.202105311346/tools/bin/../lib/gcc/arm-none-eabi/9.3.1/../../../../arm-none-eabi/lib/thumb/v6-m/nofp/libm.a(lib_a-k_rem_pio2.o)
 .rodata.init_jk
                0x0000000008010428       0x10 /opt/st/stm32cubeide_1.8.0/plugins/com.st.stm32cube.ide.mcu.externaltools.gnu-tools-for-stm32.9-2020-q2-update.linux64_2.0.0.202105311346/tools/bin/../lib/gcc/arm-none-eabi/9.3.1/../../../../arm-none-eabi/lib/thumb/v6-m/nofp/libm.a(lib_a-k_rem_pio2.o)
 .rodata.atanhi
                0x0000000008010438       0x20 /opt/st/stm32cubeide_1.8.0/plugins/com.st.stm32cube.ide.mcu.externaltools.gnu-tools-for-stm32.9-2020-q2-update.linux64_2.0.0.202105311346/tools/bin/../lib/gcc/arm-none-eabi/9.3.1/../../../../arm-none-eabi/lib/thumb/v6-m/nofp/libm.a(lib_a-s_atan.o)
 .rodata.atanlo
                0x0000000008010458       0x20 /opt/st/stm32cubeide_1.8.0/plugins/com.st.stm32cube.ide.mcu.externaltools.gnu-tools-for-stm32.9-2020-q2-update.linux64_2.0.0.202105311346/tools/bin/../lib/gcc/arm-none-eabi/9.3.1/../../../../arm-none-eabi/lib/thumb/v6-m/nofp/libm.a(lib_a-s_atan.o)
                0x0000000008010478                . = ALIGN (0x4)

.ARM.extab      0x0000000008010478        0x0
                0x0000000008010478                . = ALIGN (0x4)
 *(.ARM.extab* .gnu.linkonce.armextab.*)
                0x0000000008010478                . = ALIGN (0x4)

.ARM            0x0000000008010478        0x8
                0x0000000008010478                . = ALIGN (0x4)
                0x0000000008010478                __exidx_start = .
 *(.ARM.exidx*)
 .ARM.exidx     0x0000000008010478        0x8 /opt/st/stm32cubeide_1.8.0/plugins/com.st.stm32cube.ide.mcu.externaltools.gnu-tools-for-stm32.9-2020-q2-update.linux64_2.0.0.202105311346/tools/bin/../lib/gcc/arm-none-eabi/9.3.1/thumb/v6-m/nofp/libgcc.a(_divdi3.o)
                0x0000000008010480                __exidx_end = .
                0x0000000008010480                . = ALIGN (0x4)

.rel.dyn        0x0000000008010480        0x0
 .rel.iplt      0x0000000008010480        0x0 /opt/st/stm32cubeide_1.8.0/plugins/com.st.stm32cube.ide.mcu.externaltools.gnu-tools-for-stm32.9-2020-q2-update.linux64_2.0.0.202105311346/tools/bin/../lib/gcc/arm-none-eabi/9.3.1/thumb/v6-m/nofp/crtbegin.o

.preinit_array  0x0000000008010480        0x0
                0x0000000008010480                . = ALIGN (0x4)
                0x0000000008010480                PROVIDE (__preinit_array_start = .)
 *(.preinit_array*)
                0x0000000008010480                PROVIDE (__preinit_array_end = .)
                0x0000000008010480                . = ALIGN (0x4)

.init_array     0x0000000008010480        0x4
                0x0000000008010480                . = ALIGN (0x4)
                0x0000000008010480                PROVIDE (__init_array_start = .)
 *(SORT_BY_NAME(.init_array.*))
 *(.init_array*)
 .init_array    0x0000000008010480        0x4 /opt/st/stm32cubeide_1.8.0/plugins/com.st.stm32cube.ide.mcu.externaltools.gnu-tools-for-stm32.9-2020-q2-update.linux64_2.0.0.202105311346/tools/bin/../lib/gcc/arm-none-eabi/9.3.1/thumb/v6-m/nofp/crtbegin.o
                0x0000000008010484                PROVIDE (__init_array_end = .)
                0x0000000008010484                . = ALIGN (0x4)

.fini_array     0x0000000008010484        0x4
                0x0000000008010484                . = ALIGN (0x4)
                [!provide]                        PROVIDE (__fini_array_start = .)
 *(SORT_BY_NAME(.fini_array.*))
 *(.fini_array*)
 .fini_array    0x0000000008010484        0x4 /opt/st/stm32cubeide_1.8.0/plugins/com.st.stm32cube.ide.mcu.externaltools.gnu-tools-for-stm32.9-2020-q2-update.linux64_2.0.0.202105311346/tools/bin/../lib/gcc/arm-none-eabi/9.3.1/thumb/v6-m/nofp/crtbegin.o
                [!provide]                        PROVIDE (__fini_array_end = .)
                0x0000000008010488                . = ALIGN (0x4)
                0x0000000008010488                _sidata = LOADADDR (.data)

.data           0x0000000020000000       0x9c load address 0x0000000008010488
                0x0000000020000000                . = ALIGN (0x4)
                0x0000000020000000                _sdata = .
 *(.data)
 *(.data*)
 .data.uwTickFreq
                0x0000000020000000        0x1 ./Drivers/STM32G0xx_HAL_Driver/Src/stm32g0xx_hal.o
                0x0000000020000000                uwTickFreq
 *fill*         0x0000000020000001        0x3 
 .data.uwTickPrio
                0x0000000020000004        0x4 ./Drivers/STM32G0xx_HAL_Driver/Src/stm32g0xx_hal.o
                0x0000000020000004                uwTickPrio
 .data.Font12   0x0000000020000008        0x8 ./Src/Fonts/font12.o
                0x0000000020000008                Font12
 .data.Font16   0x0000000020000010        0x8 ./Src/Fonts/font16.o
                0x0000000020000010                Font16
 .data.Font20   0x0000000020000018        0x8 ./Src/Fonts/font20.o
                0x0000000020000018                Font20
 .data.Font24   0x0000000020000020        0x8 ./Src/Fonts/font24.o
                0x0000000020000020                Font24
 .data.Font8    0x0000000020000028        0x8 ./Src/Fonts/font8.o
                0x0000000020000028                Font8
 .data.SystemCoreClock
                0x0000000020000030        0x4 ./Src/system_stm32g0xx.o
                0x0000000020000030                SystemCoreClock
 .data._impure_ptr
                0x0000000020000034        0x4 /opt/st/stm32cubeide_1.8.0/plugins/com.st.stm32cube.ide.mcu.externaltools.gnu-tools-for-stm32.9-2020-q2-update.linux64_2.0.0.202105311346/tools/bin/../lib/gcc/arm-none-eabi/9.3.1/../../../../arm-none-eabi/lib/thumb/v6-m/nofp/libc_nano.a(lib_a-impure.o)
                0x0000000020000034                _impure_ptr
 .data.impure_data
                0x0000000020000038       0x60 /opt/st/stm32cubeide_1.8.0/plugins/com.st.stm32cube.ide.mcu.externaltools.gnu-tools-for-stm32.9-2020-q2-update.linux64_2.0.0.202105311346/tools/bin/../lib/gcc/arm-none-eabi/9.3.1/../../../../arm-none-eabi/lib/thumb/v6-m/nofp/libc_nano.a(lib_a-impure.o)
 .data.__fdlib_version
                0x0000000020000098        0x1 /opt/st/stm32cubeide_1.8.0/plugins/com.st.stm32cube.ide.mcu.externaltools.gnu-tools-for-stm32.9-2020-q2-update.linux64_2.0.0.202105311346/tools/bin/../lib/gcc/arm-none-eabi/9.3.1/../../../../arm-none-eabi/lib/thumb/v6-m/nofp/libm.a(lib_a-s_lib_ver.o)
                0x0000000020000098                __fdlib_version
 *(.RamFunc)
 *(.RamFunc*)
                0x000000002000009c                . = ALIGN (0x4)
 *fill*         0x0000000020000099        0x3 