Archive member included to satisfy reference by file (symbol)

/opt/st/stm32cubeide_1.8.0/plugins/com.st.stm32cube.ide.mcu.externaltools.gnu-tools-for-stm32.9-2020-q2-update.linux64_2.0.0.202105311346/tools/bin/../lib/gcc/arm-none-eabi/9.3.1/../../../../arm-none-eabi/lib/thumb/v6-m/nofp/libc_nano.a(lib_a-errno.o)
                              ./Src/syscalls.o (__errno)
/opt/st/stm32cubeide_1.8.0/plugins/com.st.stm32cube.ide.mcu.externaltools.gnu-tools-for-stm32.9-2020-q2-update.linux64_2.0.0.202105311346/tools/bin/../lib/gcc/arm-none-eabi/9.3.1/../../../../arm-none-eabi/lib/thumb/v6-m/nofp/libc_nano.a(lib_a-exit.o)
                              /opt/st/stm32cubeide_1.8.0/plugins/com.st.stm32cube.ide.mcu.externaltools.gnu-tools-for-stm32.9-2020-q2-update.linux64_2.0.0.202105311346/tools/bin/../lib/gcc/arm-none-eabi/9.3.1/../../../../arm-none-eabi/lib/thumb/v6-m/nofp/crt0.o (exit)
/opt/st/stm32cubeide_1.8.0/plugins/com.st.stm32cube.ide.mcu.externaltools.gnu-tools-for-stm32.9-2020-q2-update.linux64_2.0.0.202105311346/tools/bin/../lib/gcc/arm-none-eabi/9.3.1/../../../../arm-none-eabi/lib/thumb/v6-m/nofp/libc_nano.a(lib_a-impure.o)
                              /opt/st/stm32cubeide_1.8.0/plugins/com.st.stm32cube.ide.mcu.externaltools.gnu-tools-for-stm32.9-2020-q2-update.linux64_2.0.0.202105311346/tools/bin/../lib/gcc/arm-none-eabi/9.3.1/../../../../arm-none-eabi/lib/thumb/v6-m/nofp/libc_nano.a(lib_a-exit.o) (_global_impure_ptr)
/opt/st/stm32cubeide_1.8.0/plugins/com.st.stm32cube.ide.mcu.externaltools.gnu-tools-for-stm32.9-2020-q2-update.linux64_2.0.0.202105311346/tools/bin/../lib/gcc/arm-none-eabi/9.3.1/../../../../arm-none-eabi/lib/thumb/v6-m/nofp/libc_nano.a(lib_a-init.o)
                              /opt/st/stm32cubeide_1.8.0/plugins/com.st.stm32cube.ide.mcu.externaltools.gnu-tools-for-stm32.9-2020-q2-update.linux64_2.0.0.202105311346/tools/bin/../lib/gcc/arm-none-eabi/9.3.1/../../../../arm-none-eabi/lib/thumb/v6-m/nofp/crt0.o (__libc_init_array)
/opt/st/stm32cubeide_1.8.0/plugins/com.st.stm32cube.ide.mcu.externaltools.gnu-tools-for-stm32.9-2020-q2-update.linux64_2.0.0.202105311346/tools/bin/../lib/gcc/arm-none-eabi/9.3.1/../../../../arm-none-eabi/lib/thumb/v6-m/nofp/libc_nano.a(lib_a-malloc.o)
                              ./Src/interface_bd.o (malloc)
/opt/st/stm32cubeide_1.8.0/plugins/com.st.stm32cube.ide.mcu.externaltools.gnu-tools-for-stm32.9-2020-q2-update.linux64_2.0.0.202105311346/tools/bin/../lib/gcc/arm-none-eabi/9.3.1/../../../../arm-none-eabi/lib/thumb/v6-m/nofp/libc_nano.a(lib_a-memcpy-stub.o)
                              ./Src/Display_GUI/GUI_Paint.o (memcpy)
/opt/st/stm32cubeide_1.8.0/plugins/com.st.stm32cube.ide.mcu.externaltools.gnu-tools-for-stm32.9-2020-q2-update.linux64_2.0.0.202105311346/tools/bin/../lib/gcc/arm-none-eabi/9.3.1/../../../../arm-none-eabi/lib/thumb/v6-m/nofp/libc_nano.a(lib_a-memset.o)
                              /opt/st/stm32cubeide_1.8.0/plugins/com.st.stm32cube.ide.mcu.externaltools.gnu-tools-for-stm32.9-2020-q2-update.linux64_2.0.0.202105311346/tools/bin/../lib/gcc/arm-none-eabi/9.3.1/../../../../arm-none-eabi/lib/thumb/v6-m/nofp/crt0.o (memset)
/opt/st/stm32cubeide_1.8.0/plugins/com.st.stm32cube.ide.mcu.externaltools.gnu-tools-for-stm32.9-2020-q2-update.linux64_2.0.0.202105311346/tools/bin/../lib/gcc/arm-none-eabi/9.3.1/../../../../arm-none-eabi/lib/thumb/v6-m/nofp/libc_nano.a(lib_a-nano-freer.o)
                              /opt/st/stm32cubeide_1.8.0/plugins/com.st.stm32cube.ide.mcu.externaltools.gnu-tools-for-stm32.9-2020-q2-update.linux64_2.0.0.202105311346/tools/bin/../lib/gcc/arm-none-eabi/9.3.1/../../../../arm-none-eabi/lib/thumb/v6-m/nofp/libc_nano.a(lib_a-malloc.o) (_free_r)
/opt/st/stm32cubeide_1.8.0/plugins/com.st.stm32cube.ide.mcu.externaltools.gnu-tools-for-stm32.9-2020-q2-update.linux64_2.0.0.202105311346/tools/bin/../lib/gcc/arm-none-eabi/9.3.1/../../../../arm-none-eabi/lib/thumb/v6-m/nofp/libc_nano.a(lib_a-nano-mallocr.o)
                              /opt/st/stm32cubeide_1.8.0/plugins/com.st.stm32cube.ide.mcu.externaltools.gnu-tools-for-stm32.9-2020-q2-update.linux64_2.0.0.202105311346/tools/bin/../lib/gcc/arm-none-eabi/9.3.1/../../../../arm-none-eabi/lib/thumb/v6-m/nofp/libc_nano.a(lib_a-malloc.o) (_malloc_r)
/opt/st/stm32cubeide_1.8.0/plugins/com.st.stm32cube.ide.mcu.externaltools.gnu-tools-for-stm32.9-2020-q2-update.linux64_2.0.0.202105311346/tools/bin/../lib/gcc/arm-none-eabi/9.3.1/../../../../arm-none-eabi/lib/thumb/v6-m/nofp/libc_nano.a(lib_a-printf.o)
                              ./Src/Display_GUI/GUI_Paint.o (printf)
/opt/st/stm32cubeide_1.8.0/plugins/com.st.stm32cube.ide.mcu.externaltools.gnu-tools-for-stm32.9-2020-q2-update.linux64_2.0.0.202105311346/tools/bin/../lib/gcc/arm-none-eabi/9.3.1/../../../../arm-none-eabi/lib/thumb/v6-m/nofp/libc_nano.a(lib_a-puts.o)
                              ./Src/Display_EPD/EPD_1in54_V2.o (puts)
[...]
Memory Configuration

Name             Origin             Length             Attributes
RAM              0x0000000020000000 0x0000000000009000 xrw
FLASH            0x0000000008000000 0x0000000000020000 xr
*default*        0x0000000000000000 0xffffffffffffffff

Linker script and memory map

LOAD /opt/st/stm32cubeide_1.8.0/plugins/com.st.stm32cube.ide.mcu.externaltools.gnu-tools-for-stm32.9-2020-q2-update.linux64_2.0.0.202105311346/tools/bin/../lib/gcc/arm-none-eabi/9.3.1/thumb/v6-m/nofp/crti.o
LOAD /opt/st/stm32cubeide_1.8.0/plugins/com.st.stm32cube.ide.mcu.externaltools.gnu-tools-for-stm32.9-2020-q2-update.linux64_2.0.0.202105311346/tools/bin/../lib/gcc/arm-none-eabi/9.3.1/thumb/v6-m/nofp/crtbegin.o
LOAD /opt/st/stm32cubeide_1.8.0/plugins/com.st.stm32cube.ide.mcu.externaltools.gnu-tools-for-stm32.9-2020-q2-update.linux64_2.0.0.202105311346/tools/bin/../lib/gcc/arm-none-eabi/9.3.1/../../../../arm-none-eabi/lib/thumb/v6-m/nofp/crt0.o
LOAD ./Drivers/STM32G0xx_HAL_Driver/Src/stm32g0xx_hal.o
LOAD ./Drivers/STM32G0xx_HAL_Driver/Src/stm32g0xx_hal_adc.o
LOAD ./Drivers/STM32G0xx_HAL_Driver/Src/stm32g0xx_hal_adc_ex.o
LOAD ./Drivers/STM32G0xx_HAL_Driver/Src/stm32g0xx_hal_cortex.o
LOAD ./Drivers/STM32G0xx_HAL_Driver/Src/stm32g0xx_hal_dma.o
LOAD ./Drivers/STM32G0xx_HAL_Driver/Src/stm32g0xx_hal_dma_ex.o
LOAD ./Drivers/STM32G0xx_HAL_Driver/Src/stm32g0xx_hal_exti.o
LOAD ./Drivers/STM32G0xx_HAL_Driver/Src/stm32g0xx_hal_flash.o
LOAD ./Drivers/STM32G0xx_HAL_Driver/Src/stm32g0xx_hal_flash_ex.o
LOAD ./Drivers/STM32G0xx_HAL_Driver/Src/stm32g0xx_hal_gpio.o
LOAD ./Drivers/STM32G0xx_HAL_Driver/Src/stm32g0xx_hal_i2c.o
LOAD ./Drivers/STM32G0xx_HAL_Driver/Src/stm32g0xx_hal_i2c_ex.o
LOAD ./Drivers/STM32G0xx_HAL_Driver/Src/stm32g0xx_hal_pwr.o
LOAD ./Drivers/STM32G0xx_HAL_Driver/Src/stm32g0xx_hal_pwr_ex.o
LOAD ./Drivers/STM32G0xx_HAL_Driver/Src/stm32g0xx_hal_rcc.o
LOAD ./Drivers/STM32G0xx_HAL_Driver/Src/stm32g0xx_hal_rcc_ex.o
LOAD ./Drivers/STM32G0xx_HAL_Driver/Src/stm32g0xx_hal_rtc.o
LOAD ./Drivers/STM32G0xx_HAL_Driver/Src/stm32g0xx_hal_rtc_ex.o
LOAD ./Drivers/STM32G0xx_HAL_Driver/Src/stm32g0xx_hal_spi.o
LOAD ./Drivers/STM32G0xx_HAL_Driver/Src/stm32g0xx_hal_spi_ex.o
LOAD ./Drivers/STM32G0xx_HAL_Driver/Src/stm32g0xx_hal_tim.o
LOAD ./Drivers/STM32G0xx_HAL_Driver/Src/stm32g0xx_hal_tim_ex.o
LOAD ./Drivers/STM32G0xx_HAL_Driver/Src/stm32g0xx_ll_adc.o
LOAD ./Drivers/STM32G0xx_HAL_Driver/Src/stm32g0xx_ll_crc.o
LOAD ./Drivers/STM32G0xx_HAL_Driver/Src/stm32g0xx_ll_dma.o
LOAD ./Drivers/STM32G0xx_HAL_Driver/Src/stm32g0xx_ll_exti.o
LOAD ./Drivers/STM32G0xx_HAL_Driver/Src/stm32g0xx_ll_gpio.o
LOAD ./Drivers/STM32G0xx_HAL_Driver/Src/stm32g0xx_ll_rcc.o
LOAD ./Drivers/STM32G0xx_HAL_Driver/Src/stm32g0xx_ll_utils.o
LOAD ./Src/Display_Config/DEV_Config.o
LOAD ./Src/Display_EPD/EPD_1in54_V2.o
LOAD ./Src/Display_GUI/GUI_Paint.o
LOAD ./Src/EEPROM_Emul/eeprom_emul.o
LOAD ./Src/Flash_Interface/flash_interface.o
LOAD ./Src/Fonts/font12.o
LOAD ./Src/Fonts/font12CN.o
LOAD ./Src/Fonts/font16.o
LOAD ./Src/Fonts/font20.o
LOAD ./Src/Fonts/font24.o
LOAD ./Src/Fonts/font24CN.o
LOAD ./Src/Fonts/font8.o
LOAD ./Src/adc.o
LOAD ./Src/adc_bd.o
LOAD ./Src/backup_bd.o
LOAD ./Src/bme280_bd.o
LOAD ./Src/buttons.o
LOAD ./Src/crc.o
LOAD ./Src/gpio.o
LOAD ./Src/i2c.o
LOAD ./Src/interface_bd.o
LOAD ./Src/lis3mdl_bd.o
LOAD ./Src/main.o
LOAD ./Src/rtc.o
LOAD ./Src/rtc_bd.o
LOAD ./Src/sleep.o
LOAD ./Src/spi.o
LOAD ./Src/stm32g0xx_hal_msp.o
LOAD ./Src/stm32g0xx_it.o
LOAD ./Src/syscalls.o
LOAD ./Src/sysmem.o
LOAD ./Src/system_stm32g0xx.o
LOAD ./Src/tim.o
LOAD ./Src/timers.o
LOAD ./Src/watch.o
LOAD ./Startup/startup_stm32g071kbtx.o
START GROUP
LOAD /opt/st/stm32cubeide_1.8.0/plugins/com.st.stm32cube.ide.mcu.externaltools.gnu-tools-for-stm32.9-2020-q2-update.linux64_2.0.0.202105311346/tools/bin/../lib/gcc/arm-none-eabi/9.3.1/../../../../arm-none-eabi/lib/thumb/v6-m/nofp/libc_nano.a
LOAD /opt/st/stm32cubeide_1.8.0/plugins/com.st.stm32cube.ide.mcu.externaltools.gnu-tools-for-stm32.9-2020-q2-update.linux64_2.0.0.202105311346/tools/bin/../lib/gcc/arm-none-eabi/9.3.1/../../../../arm-none-eabi/lib/thumb/v6-m/nofp/libm.a
END GROUP
START GROUP
LOAD /opt/st/stm32cubeide_1.8.0/plugins/com.st.stm32cube.ide.mcu.externaltools.gnu-tools-for-stm32.9-2020-q2-update.linux64_2.0.0.202105311346/tools/bin/../lib/gcc/arm-none-eabi/9.3.1/thumb/v6-m/nofp/libgcc.a
LOAD /opt/st/stm32cubeide_1.8.0/plugins/com.st.stm32cube.ide.mcu.externaltools.gnu-tools-for-stm32.9-2020-q2-update.linux64_2.0.0.202105311346/tools/bin/../lib/gcc/arm-none-eabi/9.3.1/../../../../arm-none-eabi/lib/thumb/v6-m/nofp/libc_nano.a
END GROUP
START GROUP
LOAD /opt/st/stm32cubeide_1.8.0/plugins/com.st.stm32cube.ide.mcu.externaltools.gnu-tools-for-stm32.9-2020-q2-update.linux64_2.0.0.202105311346/tools/bin/../lib/gcc/arm-none-eabi/9.3.1/thumb/v6-m/nofp/libgcc.a
LOAD /opt/st/stm32cubeide_1.8.0/plugins/com.st.stm32cube.ide.mcu.externaltools.gnu-tools-for-stm32.9-2020-q2-update.linux64_2.0.0.202105311346/tools/bin/../lib/gcc/arm-none-eabi/9.3.1/../../../../arm-none-eabi/lib/thumb/v6-m/nofp/libc_nano.a
LOAD /opt/st/stm32cubeide_1.8.0/plugins/com.st.stm32cube.ide.mcu.externaltools.gnu-tools-for-stm32.9-2020-q2-update.linux64_2.0.0.202105311346/tools/bin/../lib/gcc/arm-none-eabi/9.3.1/../../../../arm-none-eabi/lib/thumb/v6-m/nofp/libnosys.a
END GROUP
START GROUP
LOAD /opt/st/stm32cubeide_1.8.0/plugins/com.st.stm32cube.ide.mcu.externaltools.gnu-tools-for-stm32.9-2020-q2-update.linux64_2.0.0.202105311346/tools/bin/../lib/gcc/arm-none-eabi/9.3.1/thumb/v6-m/nofp/libgcc.a
LOAD /opt/st/stm32cubeide_1.8.0/plugins/com.st.stm32cube.ide.mcu.externaltools.gnu-tools-for-stm32.9-2020-q2-update.linux64_2.0.0.202105311346/tools/bin/../lib/gcc/arm-none-eabi/9.3.1/../../../../arm-none-eabi/lib/thumb/v6-m/nofp/libc_nano.a
LOAD /opt/st/stm32cubeide_1.8.0/plugins/com.st.stm32cube.ide.mcu.externaltools.gnu-tools-for-stm32.9-2020-q2-update.linux64_2.0.0.202105311346/tools/bin/../lib/gcc/arm-none-eabi/9.3.1/../../../../arm-none-eabi/lib/thumb/v6-m/nofp/libnosys.a
END GROUP
LOAD /opt/st/stm32cubeide_1.8.0/plugins/com.st.stm32cube.ide.mcu.externaltools.gnu-tools-for-stm32.9-2020-q2-update.linux64_2.0.0.202105311346/tools/bin/../lib/gcc/arm-none-eabi/9.3.1/thumb/v6-m/nofp/crtend.o
LOAD /opt/st/stm32cubeide_1.8.0/plugins/com.st.stm32cube.ide.mcu.externaltools.gnu-tools-for-stm32.9-2020-q2-update.linux64_2.0.0.202105311346/tools/bin/../lib/gcc/arm-none-eabi/9.3.1/thumb/v6-m/nofp/crtn.o
                0x0000000020009000                _estack = (ORIGIN (RAM) + LENGTH (RAM))
                0x0000000000000200                _Min_Heap_Size = 0x200
                0x0000000000000400                _Min_Stack_Size = 0x400

.isr_vector     0x0000000008000000       0xbc
                0x0000000008000000                . = ALIGN (0x4)
 *(.isr_vector)
 .isr_vector    0x0000000008000000       0xbc ./Startup/startup_stm32g071kbtx.o
                0x0000000008000000                g_pfnVectors
                0x00000000080000bc                . = ALIGN (0x4)

.text           0x00000000080000bc     0xb5f0
                0x00000000080000bc                . = ALIGN (0x4)
 *(.text)
 .text          0x00000000080000bc       0x48 /opt/st/stm32cubeide_1.8.0/plugins/com.st.stm32cube.ide.mcu.externaltools.gnu-tools-for-stm32.9-2020-q2-update.linux64_2.0.0.202105311346/tools/bin/../lib/gcc/arm-none-eabi/9.3.1/thumb/v6-m/nofp/crtbegin.o
 .text          0x0000000008000104       0x14 /opt/st/stm32cubeide_1.8.0/plugins/com.st.stm32cube.ide.mcu.externaltools.gnu-tools-for-stm32.9-2020-q2-update.linux64_2.0.0.202105311346/tools/bin/../lib/gcc/arm-none-eabi/9.3.1/thumb/v6-m/nofp/libgcc.a(_thumb1_case_uqi.o)
                0x0000000008000104                __gnu_thumb1_case_uqi
 .text          0x0000000008000118       0x14 /opt/st/stm32cubeide_1.8.0/plugins/com.st.stm32cube.ide.mcu.externaltools.gnu-tools-for-stm32.9-2020-q2-update.linux64_2.0.0.202105311346/tools/bin/../lib/gcc/arm-none-eabi/9.3.1/thumb/v6-m/nofp/libgcc.a(_thumb1_case_shi.o)
                0x0000000008000118                __gnu_thumb1_case_shi
 .text          0x000000000800012c      0x114 /opt/st/stm32cubeide_1.8.0/plugins/com.st.stm32cube.ide.mcu.externaltools.gnu-tools-for-stm32.9-2020-q2-update.linux64_2.0.0.202105311346/tools/bin/../lib/gcc/arm-none-eabi/9.3.1/thumb/v6-m/nofp/libgcc.a(_udivsi3.o)
                0x000000000800012c                __udivsi3
                0x000000000800012c                __aeabi_uidiv
                0x0000000008000238                __aeabi_uidivmod
 .text          0x0000000008000240      0x1d4 /opt/st/stm32cubeide_1.8.0/plugins/com.st.stm32cube.ide.mcu.externaltools.gnu-tools-for-stm32.9-2020-q2-update.linux64_2.0.0.202105311346/tools/bin/../lib/gcc/arm-none-eabi/9.3.1/thumb/v6-m/nofp/libgcc.a(_divsi3.o)
                0x0000000008000240                __aeabi_idiv
                0x0000000008000240                __divsi3
                0x000000000800040c                __aeabi_idivmod
 .text          0x0000000008000414        0x4 /opt/st/stm32cubeide_1.8.0/plugins/com.st.stm32cube.ide.mcu.externaltools.gnu-tools-for-stm32.9-2020-q2-update.linux64_2.0.0.202105311346/tools/bin/../lib/gcc/arm-none-eabi/9.3.1/thumb/v6-m/nofp/libgcc.a(_dvmd_tls.o)
                0x0000000008000414                __aeabi_ldiv0
                0x0000000008000414                __aeabi_idiv0
 .text          0x0000000008000418       0x7c /opt/st/stm32cubeide_1.8.0/plugins/com.st.stm32cube.ide.mcu.externaltools.gnu-tools-for-stm32.9-2020-q2-update.linux64_2.0.0.202105311346/tools/bin/../lib/gcc/arm-none-eabi/9.3.1/thumb/v6-m/nofp/libgcc.a(_arm_cmpdf2.o)
                0x0000000008000418                __aeabi_cdrcmple
                0x0000000008000428                __aeabi_cdcmple
                0x0000000008000428                __aeabi_cdcmpeq
                0x0000000008000438                __aeabi_dcmpeq
                0x0000000008000444                __aeabi_dcmplt
                0x0000000008000458                __aeabi_dcmple
                0x000000000800046c                __aeabi_dcmpgt
                0x0000000008000480                __aeabi_dcmpge
 .text          0x0000000008000494       0x48 /opt/st/stm32cubeide_1.8.0/plugins/com.st.stm32cube.ide.mcu.externaltools.gnu-tools-for-stm32.9-2020-q2-update.linux64_2.0.0.202105311346/tools/bin/../lib/gcc/arm-none-eabi/9.3.1/thumb/v6-m/nofp/libgcc.a(_aeabi_ldivmod.o)
                0x0000000008000494                __aeabi_ldivmod
 .text          0x00000000080004dc       0x50 /opt/st/stm32cubeide_1.8.0/plugins/com.st.stm32cube.ide.mcu.externaltools.gnu-tools-for-stm32.9-2020-q2-update.linux64_2.0.0.202105311346/tools/bin/../lib/gcc/arm-none-eabi/9.3.1/thumb/v6-m/nofp/libgcc.a(_muldi3.o)
                0x00000000080004dc                __aeabi_lmul
                0x00000000080004dc                __muldi3
 .text          0x000000000800052c       0x30 /opt/st/stm32cubeide_1.8.0/plugins/com.st.stm32cube.ide.mcu.externaltools.gnu-tools-for-stm32.9-2020-q2-update.linux64_2.0.0.202105311346/tools/bin/../lib/gcc/arm-none-eabi/9.3.1/thumb/v6-m/nofp/libgcc.a(_fixunssfsi.o)
                0x000000000800052c                __aeabi_f2uiz
                0x000000000800052c                __fixunssfsi
 .text          0x000000000800055c       0x3c /opt/st/stm32cubeide_1.8.0/plugins/com.st.stm32cube.ide.mcu.externaltools.gnu-tools-for-stm32.9-2020-q2-update.linux64_2.0.0.202105311346/tools/bin/../lib/gcc/arm-none-eabi/9.3.1/thumb/v6-m/nofp/libgcc.a(_fixunsdfsi.o)
                0x000000000800055c                __fixunsdfsi
                0x000000000800055c                __aeabi_d2uiz
 .text          0x0000000008000598       0x3c /opt/st/stm32cubeide_1.8.0/plugins/com.st.stm32cube.ide.mcu.externaltools.gnu-tools-for-stm32.9-2020-q2-update.linux64_2.0.0.202105311346/tools/bin/../lib/gcc/arm-none-eabi/9.3.1/thumb/v6-m/nofp/libgcc.a(bpabi.o)
                0x0000000008000598                __gnu_ldivmod_helper
 .text          0x00000000080005d4      0x338 /opt/st/stm32cubeide_1.8.0/plugins/com.st.stm32cube.ide.mcu.externaltools.gnu-tools-for-stm32.9-2020-q2-update.linux64_2.0.0.202105311346/tools/bin/../lib/gcc/arm-none-eabi/9.3.1/thumb/v6-m/nofp/libgcc.a(addsf3.o)
                0x00000000080005d4                __aeabi_fadd
 .text          0x000000000800090c      0x218 /opt/st/stm32cubeide_1.8.0/plugins/com.st.stm32cube.ide.mcu.externaltools.gnu-tools-for-stm32.9-2020-q2-update.linux64_2.0.0.202105311346/tools/bin/../lib/gcc/arm-none-eabi/9.3.1/thumb/v6-m/nofp/libgcc.a(divsf3.o)
                0x000000000800090c                __aeabi_fdiv
 .text          0x0000000008000b24      0x234 /opt/st/stm32cubeide_1.8.0/plugins/com.st.stm32cube.ide.mcu.externaltools.gnu-tools-for-stm32.9-2020-q2-update.linux64_2.0.0.202105311346/tools/bin/../lib/gcc/arm-none-eabi/9.3.1/thumb/v6-m/nofp/libgcc.a(mulsf3.o)
                0x0000000008000b24                __aeabi_fmul
 .text          0x0000000008000d58      0x390 /opt/st/stm32cubeide_1.8.0/plugins/com.st.stm32cube.ide.mcu.externaltools.gnu-tools-for-stm32.9-2020-q2-update.linux64_2.0.0.202105311346/tools/bin/../lib/gcc/arm-none-eabi/9.3.1/thumb/v6-m/nofp/libgcc.a(subsf3.o)
                0x0000000008000d58                __aeabi_fsub
 .text          0x00000000080010e8       0x40 /opt/st/stm32cubeide_1.8.0/plugins/com.st.stm32cube.ide.mcu.externaltools.gnu-tools-for-stm32.9-2020-q2-update.linux64_2.0.0.202105311346/tools/bin/../lib/gcc/arm-none-eabi/9.3.1/thumb/v6-m/nofp/libgcc.a(fixsfsi.o)
                0x00000000080010e8                __aeabi_f2iz
 .text          0x0000000008001128       0x8c /opt/st/stm32cubeide_1.8.0/plugins/com.st.stm32cube.ide.mcu.externaltools.gnu-tools-for-stm32.9-2020-q2-update.linux64_2.0.0.202105311346/tools/bin/../lib/gcc/arm-none-eabi/9.3.1/thumb/v6-m/nofp/libgcc.a(floatsisf.o)
                0x0000000008001128                __aeabi_i2f
 .text          0x00000000080011b4       0x78 /opt/st/stm32cubeide_1.8.0/plugins/com.st.stm32cube.ide.mcu.externaltools.gnu-tools-for-stm32.9-2020-q2-update.linux64_2.0.0.202105311346/tools/bin/../lib/gcc/arm-none-eabi/9.3.1/thumb/v6-m/nofp/libgcc.a(floatunsisf.o)
                0x00000000080011b4                __aeabi_ui2f
 .text          0x000000000800122c      0x6d4 /opt/st/stm32cubeide_1.8.0/plugins/com.st.stm32cube.ide.mcu.externaltools.gnu-tools-for-stm32.9-2020-q2-update.linux64_2.0.0.202105311346/tools/bin/../lib/gcc/arm-none-eabi/9.3.1/thumb/v6-m/nofp/libgcc.a(adddf3.o)
                0x000000000800122c                __aeabi_dadd
 .text          0x0000000008001900      0x5d0 /opt/st/stm32cubeide_1.8.0/plugins/com.st.stm32cube.ide.mcu.externaltools.gnu-tools-for-stm32.9-2020-q2-update.linux64_2.0.0.202105311346/tools/bin/../lib/gcc/arm-none-eabi/9.3.1/thumb/v6-m/nofp/libgcc.a(divdf3.o)
                0x0000000008001900                __aeabi_ddiv
 .text          0x0000000008001ed0       0x78 /opt/st/stm32cubeide_1.8.0/plugins/com.st.stm32cube.ide.mcu.externaltools.gnu-tools-for-stm32.9-2020-q2-update.linux64_2.0.0.202105311346/tools/bin/../lib/gcc/arm-none-eabi/9.3.1/thumb/v6-m/nofp/libgcc.a(eqdf2.o)
                0x0000000008001ed0                __eqdf2
                0x0000000008001ed0                __nedf2
 .text          0x0000000008001f48       0xe4 /opt/st/stm32cubeide_1.8.0/plugins/com.st.stm32cube.ide.mcu.externaltools.gnu-tools-for-stm32.9-2020-q2-update.linux64_2.0.0.202105311346/tools/bin/../lib/gcc/arm-none-eabi/9.3.1/thumb/v6-m/nofp/libgcc.a(gedf2.o)
                0x0000000008001f48                __gtdf2
                0x0000000008001f48                __gedf2
 .text          0x000000000800202c       0xe0 /opt/st/stm32cubeide_1.8.0/plugins/com.st.stm32cube.ide.mcu.externaltools.gnu-tools-for-stm32.9-2020-q2-update.linux64_2.0.0.202105311346/tools/bin/../lib/gcc/arm-none-eabi/9.3.1/thumb/v6-m/nofp/libgcc.a(ledf2.o)
                0x000000000800202c                __ltdf2
                0x000000000800202c                __ledf2
 .text          0x000000000800210c      0x4d8 /opt/st/stm32cubeide_1.8.0/plugins/com.st.stm32cube.ide.mcu.externaltools.gnu-tools-for-stm32.9-2020-q2-update.linux64_2.0.0.202105311346/tools/bin/../lib/gcc/arm-none-eabi/9.3.1/thumb/v6-m/nofp/libgcc.a(muldf3.o)
                0x000000000800210c                __aeabi_dmul
 .text          0x00000000080025e4      0x724 /opt/st/stm32cubeide_1.8.0/plugins/com.st.stm32cube.ide.mcu.externaltools.gnu-tools-for-stm32.9-2020-q2-update.linux64_2.0.0.202105311346/tools/bin/../lib/gcc/arm-none-eabi/9.3.1/thumb/v6-m/nofp/libgcc.a(subdf3.o)
                0x00000000080025e4                __aeabi_dsub
 .text          0x0000000008002d08       0x3c /opt/st/stm32cubeide_1.8.0/plugins/com.st.stm32cube.ide.mcu.externaltools.gnu-tools-for-stm32.9-2020-q2-update.linux64_2.0.0.202105311346/tools/bin/../lib/gcc/arm-none-eabi/9.3.1/thumb/v6-m/nofp/libgcc.a(unorddf2.o)
                0x0000000008002d08                __aeabi_dcmpun
 .text          0x0000000008002d44       0x6c /opt/st/stm32cubeide_1.8.0/plugins/com.st.stm32cube.ide.mcu.externaltools.gnu-tools-for-stm32.9-2020-q2-update.linux64_2.0.0.202105311346/tools/bin/../lib/gcc/arm-none-eabi/9.3.1/thumb/v6-m/nofp/libgcc.a(fixdfsi.o)
                0x0000000008002d44                __aeabi_d2iz
 .text          0x0000000008002db0       0x60 /opt/st/stm32cubeide_1.8.0/plugins/com.st.stm32cube.ide.mcu.externaltools.gnu-tools-for-stm32.9-2020-q2-update.linux64_2.0.0.202105311346/tools/bin/../lib/gcc/arm-none-eabi/9.3.1/thumb/v6-m/nofp/libgcc.a(floatsidf.o)
                0x0000000008002db0                __aeabi_i2d
 .text          0x0000000008002e10       0x4c /opt/st/stm32cubeide_1.8.0/plugins/com.st.stm32cube.ide.mcu.externaltools.gnu-tools-for-stm32.9-2020-q2-update.linux64_2.0.0.202105311346/tools/bin/../lib/gcc/arm-none-eabi/9.3.1/thumb/v6-m/nofp/libgcc.a(floatunsidf.o)
                0x0000000008002e10                __aeabi_ui2d
 .text          0x0000000008002e5c       0x90 /opt/st/stm32cubeide_1.8.0/plugins/com.st.stm32cube.ide.mcu.externaltools.gnu-tools-for-stm32.9-2020-q2-update.linux64_2.0.0.202105311346/tools/bin/../lib/gcc/arm-none-eabi/9.3.1/thumb/v6-m/nofp/libgcc.a(extendsfdf2.o)
                0x0000000008002e5c                __aeabi_f2d
 .text          0x0000000008002eec      0x110 /opt/st/stm32cubeide_1.8.0/plugins/com.st.stm32cube.ide.mcu.externaltools.gnu-tools-for-stm32.9-2020-q2-update.linux64_2.0.0.202105311346/tools/bin/../lib/gcc/arm-none-eabi/9.3.1/thumb/v6-m/nofp/libgcc.a(truncdfsf2.o)
                0x0000000008002eec                __aeabi_d2f
 .text          0x0000000008002ffc       0x74 /opt/st/stm32cubeide_1.8.0/plugins/com.st.stm32cube.ide.mcu.externaltools.gnu-tools-for-stm32.9-2020-q2-update.linux64_2.0.0.202105311346/tools/bin/../lib/gcc/arm-none-eabi/9.3.1/thumb/v6-m/nofp/libgcc.a(_arm_cmpsf2.o)
                0x0000000008002ffc                __aeabi_cfrcmple
                0x0000000008003004                __aeabi_cfcmple
                0x0000000008003004                __aeabi_cfcmpeq
                0x0000000008003014                __aeabi_fcmpeq
                0x0000000008003020                __aeabi_fcmplt
                0x0000000008003034                __aeabi_fcmple
                0x0000000008003048                __aeabi_fcmpgt
                0x000000000800305c                __aeabi_fcmpge
 .text          0x0000000008003070       0x3c /opt/st/stm32cubeide_1.8.0/plugins/com.st.stm32cube.ide.mcu.externaltools.gnu-tools-for-stm32.9-2020-q2-update.linux64_2.0.0.202105311346/tools/bin/../lib/gcc/arm-none-eabi/9.3.1/thumb/v6-m/nofp/libgcc.a(_clzsi2.o)
                0x0000000008003070                __clzsi2
 .text          0x00000000080030ac      0x1cc /opt/st/stm32cubeide_1.8.0/plugins/com.st.stm32cube.ide.mcu.externaltools.gnu-tools-for-stm32.9-2020-q2-update.linux64_2.0.0.202105311346/tools/bin/../lib/gcc/arm-none-eabi/9.3.1/thumb/v6-m/nofp/libgcc.a(_divdi3.o)
                0x00000000080030ac                __divdi3
 .text          0x0000000008003278       0x50 /opt/st/stm32cubeide_1.8.0/plugins/com.st.stm32cube.ide.mcu.externaltools.gnu-tools-for-stm32.9-2020-q2-update.linux64_2.0.0.202105311346/tools/bin/../lib/gcc/arm-none-eabi/9.3.1/thumb/v6-m/nofp/libgcc.a(eqsf2.o)
                0x0000000008003278                __nesf2
                0x0000000008003278                __eqsf2
 .text          0x00000000080032c8       0x98 /opt/st/stm32cubeide_1.8.0/plugins/com.st.stm32cube.ide.mcu.externaltools.gnu-tools-for-stm32.9-2020-q2-update.linux64_2.0.0.202105311346/tools/bin/../lib/gcc/arm-none-eabi/9.3.1/thumb/v6-m/nofp/libgcc.a(gesf2.o)
                0x00000000080032c8                __gtsf2
                0x00000000080032c8                __gesf2
 .text          0x0000000008003360       0x94 /opt/st/stm32cubeide_1.8.0/plugins/com.st.stm32cube.ide.mcu.externaltools.gnu-tools-for-stm32.9-2020-q2-update.linux64_2.0.0.202105311346/tools/bin/../lib/gcc/arm-none-eabi/9.3.1/thumb/v6-m/nofp/libgcc.a(lesf2.o)
                0x0000000008003360                __lesf2
                0x0000000008003360                __ltsf2
 .text          0x00000000080033f4       0x18 /opt/st/stm32cubeide_1.8.0/plugins/com.st.stm32cube.ide.mcu.externaltools.gnu-tools-for-stm32.9-2020-q2-update.linux64_2.0.0.202105311346/tools/bin/../lib/gcc/arm-none-eabi/9.3.1/thumb/v6-m/nofp/libgcc.a(_clzdi2.o)
                0x00000000080033f4                __clzdi2
 *(.text*)
 .text.HAL_InitTick
                0x000000000800340c       0x50 ./Drivers/STM32G0xx_HAL_Driver/Src/stm32g0xx_hal.o
                0x000000000800340c                HAL_InitTick
 .text.HAL_Init
                0x000000000800345c       0x28 ./Drivers/STM32G0xx_HAL_Driver/Src/stm32g0xx_hal.o
                0x000000000800345c                HAL_Init
 .text.HAL_IncTick
                0x0000000008003484       0x18 ./Drivers/STM32G0xx_HAL_Driver/Src/stm32g0xx_hal.o
                0x0000000008003484                HAL_IncTick
 .text.HAL_GetTick
                0x000000000800349c        0xc ./Drivers/STM32G0xx_HAL_Driver/Src/stm32g0xx_hal.o
                0x000000000800349c                HAL_GetTick
 .text.HAL_Delay
                0x00000000080034a8       0x24 ./Drivers/STM32G0xx_HAL_Driver/Src/stm32g0xx_hal.o
                0x00000000080034a8                HAL_Delay
 .text.HAL_SYSCFG_StrobeDBattpinsConfig
                0x00000000080034cc       0x18 ./Drivers/STM32G0xx_HAL_Driver/Src/stm32g0xx_hal.o
                0x00000000080034cc                HAL_SYSCFG_StrobeDBattpinsConfig
 .text.LL_ADC_REG_IsConversionOngoing
                0x00000000080034e4        0x8 ./Drivers/STM32G0xx_HAL_Driver/Src/stm32g0xx_hal_adc.o
 .text.HAL_ADC_Init
                0x00000000080034ec      0x228 ./Drivers/STM32G0xx_HAL_Driver/Src/stm32g0xx_hal_adc.o
                0x00000000080034ec                HAL_ADC_Init
 .text.HAL_ADC_ConfigChannel
                0x0000000008003714      0x24c ./Drivers/STM32G0xx_HAL_Driver/Src/stm32g0xx_hal_adc.o
                0x0000000008003714                HAL_ADC_ConfigChannel
 .text.HAL_NVIC_SetPriority
                0x0000000008003960       0x54 ./Drivers/STM32G0xx_HAL_Driver/Src/stm32g0xx_hal_cortex.o
                0x0000000008003960                HAL_NVIC_SetPriority
 .text.HAL_NVIC_EnableIRQ
                0x00000000080039b4       0x18 ./Drivers/STM32G0xx_HAL_Driver/Src/stm32g0xx_hal_cortex.o
                0x00000000080039b4                HAL_NVIC_EnableIRQ
 .text.HAL_SYSTICK_Config
                0x00000000080039cc       0x34 ./Drivers/STM32G0xx_HAL_Driver/Src/stm32g0xx_hal_cortex.o
                0x00000000080039cc                HAL_SYSTICK_Config
 .text.HAL_GPIO_Init
                0x0000000008003a00      0x15c ./Drivers/STM32G0xx_HAL_Driver/Src/stm32g0xx_hal_gpio.o
                0x0000000008003a00                HAL_GPIO_Init
 .text.HAL_GPIO_ReadPin
                0x0000000008003b5c        0xc ./Drivers/STM32G0xx_HAL_Driver/Src/stm32g0xx_hal_gpio.o
                0x0000000008003b5c                HAL_GPIO_ReadPin
 .text.HAL_GPIO_WritePin
                0x0000000008003b68        0xc ./Drivers/STM32G0xx_HAL_Driver/Src/stm32g0xx_hal_gpio.o
                0x0000000008003b68                HAL_GPIO_WritePin
 .text.HAL_GPIO_TogglePin
                0x0000000008003b74       0x10 ./Drivers/STM32G0xx_HAL_Driver/Src/stm32g0xx_hal_gpio.o
                0x0000000008003b74                HAL_GPIO_TogglePin
 .text.HAL_GPIO_EXTI_Rising_Callback
                0x0000000008003b84        0x2 ./Drivers/STM32G0xx_HAL_Driver/Src/stm32g0xx_hal_gpio.o
                0x0000000008003b84                HAL_GPIO_EXTI_Rising_Callback
 *fill*         0x0000000008003b86        0x2 
 .text.HAL_GPIO_EXTI_IRQHandler
                0x0000000008003b88       0x28 ./Drivers/STM32G0xx_HAL_Driver/Src/stm32g0xx_hal_gpio.o
                0x0000000008003b88                HAL_GPIO_EXTI_IRQHandler
 .text.I2C_Flush_TXDR
                0x0000000008003bb0       0x1c ./Drivers/STM32G0xx_HAL_Driver/Src/stm32g0xx_hal_i2c.o
 .text.I2C_TransferConfig
                0x0000000008003bcc       0x2c ./Drivers/STM32G0xx_HAL_Driver/Src/stm32g0xx_hal_i2c.o
 .text.I2C_IsErrorOccurred
                0x0000000008003bf8      0x120 ./Drivers/STM32G0xx_HAL_Driver/Src/stm32g0xx_hal_i2c.o
 .text.I2C_WaitOnTXISFlagUntilTimeout
                0x0000000008003d18       0x54 ./Drivers/STM32G0xx_HAL_Driver/Src/stm32g0xx_hal_i2c.o
 .text.I2C_WaitOnSTOPFlagUntilTimeout
                0x0000000008003d6c       0x50 ./Drivers/STM32G0xx_HAL_Driver/Src/stm32g0xx_hal_i2c.o
 .text.I2C_WaitOnFlagUntilTimeout
                0x0000000008003dbc       0x50 ./Drivers/STM32G0xx_HAL_Driver/Src/stm32g0xx_hal_i2c.o
 .text.I2C_RequestMemoryWrite
                0x0000000008003e0c       0x68 ./Drivers/STM32G0xx_HAL_Driver/Src/stm32g0xx_hal_i2c.o
 .text.I2C_RequestMemoryRead
                0x0000000008003e74       0x64 ./Drivers/STM32G0xx_HAL_Driver/Src/stm32g0xx_hal_i2c.o
 .text.HAL_I2C_Init
                0x0000000008003ed8       0xac ./Drivers/STM32G0xx_HAL_Driver/Src/stm32g0xx_hal_i2c.o
                0x0000000008003ed8                HAL_I2C_Init
 .text.HAL_I2C_Mem_Write
                0x0000000008003f84      0x174 ./Drivers/STM32G0xx_HAL_Driver/Src/stm32g0xx_hal_i2c.o
                0x0000000008003f84                HAL_I2C_Mem_Write
 .text.HAL_I2C_Mem_Read
                0x00000000080040f8      0x188 ./Drivers/STM32G0xx_HAL_Driver/Src/stm32g0xx_hal_i2c.o
                0x00000000080040f8                HAL_I2C_Mem_Read
 .text.HAL_I2CEx_ConfigAnalogFilter
                0x0000000008004280       0x4c ./Drivers/STM32G0xx_HAL_Driver/Src/stm32g0xx_hal_i2c_ex.o
                0x0000000008004280                HAL_I2CEx_ConfigAnalogFilter
 .text.HAL_I2CEx_ConfigDigitalFilter
                0x00000000080042cc       0x48 ./Drivers/STM32G0xx_HAL_Driver/Src/stm32g0xx_hal_i2c_ex.o
                0x00000000080042cc                HAL_I2CEx_ConfigDigitalFilter
 .text.HAL_PWR_EnableBkUpAccess
                0x0000000008004314       0x14 ./Drivers/STM32G0xx_HAL_Driver/Src/stm32g0xx_hal_pwr.o
                0x0000000008004314                HAL_PWR_EnableBkUpAccess
 .text.HAL_PWREx_ControlVoltageScaling
                0x0000000008004328       0x58 ./Drivers/STM32G0xx_HAL_Driver/Src/stm32g0xx_hal_pwr_ex.o
                0x0000000008004328                HAL_PWREx_ControlVoltageScaling
 .text.HAL_RCC_OscConfig
                0x0000000008004380      0x448 ./Drivers/STM32G0xx_HAL_Driver/Src/stm32g0xx_hal_rcc.o
                0x0000000008004380                HAL_RCC_OscConfig
 .text.HAL_RCC_GetSysClockFreq
                0x00000000080047c8       0x88 ./Drivers/STM32G0xx_HAL_Driver/Src/stm32g0xx_hal_rcc.o
                0x00000000080047c8                HAL_RCC_GetSysClockFreq
 .text.HAL_RCC_ClockConfig
                0x0000000008004850      0x15c ./Drivers/STM32G0xx_HAL_Driver/Src/stm32g0xx_hal_rcc.o
                0x0000000008004850                HAL_RCC_ClockConfig
 .text.HAL_RCCEx_PeriphCLKConfig
                0x00000000080049ac      0x20c ./Drivers/STM32G0xx_HAL_Driver/Src/stm32g0xx_hal_rcc_ex.o
                0x00000000080049ac                HAL_RCCEx_PeriphCLKConfig
 .text.HAL_RTC_WaitForSynchro
                0x0000000008004bb8       0x34 ./Drivers/STM32G0xx_HAL_Driver/Src/stm32g0xx_hal_rtc.o
                0x0000000008004bb8                HAL_RTC_WaitForSynchro
 .text.RTC_EnterInitMode
                0x0000000008004bec       0x48 ./Drivers/STM32G0xx_HAL_Driver/Src/stm32g0xx_hal_rtc.o
                0x0000000008004bec                RTC_EnterInitMode
 .text.RTC_ExitInitMode
                0x0000000008004c34       0x48 ./Drivers/STM32G0xx_HAL_Driver/Src/stm32g0xx_hal_rtc.o
                0x0000000008004c34                RTC_ExitInitMode
 .text.HAL_RTC_Init
                0x0000000008004c7c       0xa0 ./Drivers/STM32G0xx_HAL_Driver/Src/stm32g0xx_hal_rtc.o
                0x0000000008004c7c                HAL_RTC_Init
 .text.RTC_ByteToBcd2
                0x0000000008004d1c       0x16 ./Drivers/STM32G0xx_HAL_Driver/Src/stm32g0xx_hal_rtc.o
                0x0000000008004d1c                RTC_ByteToBcd2
 *fill*         0x0000000008004d32        0x2 
 .text.HAL_RTC_SetTime
                0x0000000008004d34       0xd4 ./Drivers/STM32G0xx_HAL_Driver/Src/stm32g0xx_hal_rtc.o
                0x0000000008004d34                HAL_RTC_SetTime
 .text.HAL_RTC_SetDate
                0x0000000008004e08       0xac ./Drivers/STM32G0xx_HAL_Driver/Src/stm32g0xx_hal_rtc.o
                0x0000000008004e08                HAL_RTC_SetDate
 .text.RTC_Bcd2ToByte
                0x0000000008004eb4       0x12 ./Drivers/STM32G0xx_HAL_Driver/Src/stm32g0xx_hal_rtc.o
                0x0000000008004eb4                RTC_Bcd2ToByte
 *fill*         0x0000000008004ec6        0x2 
 .text.HAL_RTC_GetTime
                0x0000000008004ec8       0x50 ./Drivers/STM32G0xx_HAL_Driver/Src/stm32g0xx_hal_rtc.o
                0x0000000008004ec8                HAL_RTC_GetTime
 .text.HAL_RTC_GetDate
                0x0000000008004f18       0x44 ./Drivers/STM32G0xx_HAL_Driver/Src/stm32g0xx_hal_rtc.o
                0x0000000008004f18                HAL_RTC_GetDate
 .text.HAL_RTCEx_SetWakeUpTimer_IT
                0x0000000008004f5c       0xcc ./Drivers/STM32G0xx_HAL_Driver/Src/stm32g0xx_hal_rtc_ex.o
                0x0000000008004f5c                HAL_RTCEx_SetWakeUpTimer_IT
 .text.HAL_RTCEx_WakeUpTimerEventCallback
                0x0000000008005028        0x2 ./Drivers/STM32G0xx_HAL_Driver/Src/stm32g0xx_hal_rtc_ex.o
                0x0000000008005028                HAL_RTCEx_WakeUpTimerEventCallback
 .text.HAL_RTCEx_WakeUpTimerIRQHandler
                0x000000000800502a       0x20 ./Drivers/STM32G0xx_HAL_Driver/Src/stm32g0xx_hal_rtc_ex.o
                0x000000000800502a                HAL_RTCEx_WakeUpTimerIRQHandler
 *fill*         0x000000000800504a        0x2 
 .text.SPI_WaitFlagStateUntilTimeout.constprop.0
                0x000000000800504c       0xb8 ./Drivers/STM32G0xx_HAL_Driver/Src/stm32g0xx_hal_spi.o
 .text.SPI_WaitFifoStateUntilTimeout.constprop.0
                0x0000000008005104       0xd8 ./Drivers/STM32G0xx_HAL_Driver/Src/stm32g0xx_hal_spi.o
 .text.SPI_EndRxTxTransaction
                0x00000000080051dc       0x46 ./Drivers/STM32G0xx_HAL_Driver/Src/stm32g0xx_hal_spi.o
 *fill*         0x0000000008005222        0x2 
 .text.HAL_SPI_Init
                0x0000000008005224       0xf0 ./Drivers/STM32G0xx_HAL_Driver/Src/stm32g0xx_hal_spi.o
                0x0000000008005224                HAL_SPI_Init
 .text.HAL_SPI_Transmit
                0x0000000008005314      0x17a ./Drivers/STM32G0xx_HAL_Driver/Src/stm32g0xx_hal_spi.o
                0x0000000008005314                HAL_SPI_Transmit
 *fill*         0x000000000800548e        0x2 
 .text.HAL_TIM_Base_Start_IT
                0x0000000008005490       0x6c ./Drivers/STM32G0xx_HAL_Driver/Src/stm32g0xx_hal_tim.o
                0x0000000008005490                HAL_TIM_Base_Start_IT
 .text.HAL_TIM_OC_DelayElapsedCallback
                0x00000000080054fc        0x2 ./Drivers/STM32G0xx_HAL_Driver/Src/stm32g0xx_hal_tim.o
                0x00000000080054fc                HAL_TIM_OC_DelayElapsedCallback
 .text.HAL_TIM_IC_CaptureCallback
                0x00000000080054fe        0x2 ./Drivers/STM32G0xx_HAL_Driver/Src/stm32g0xx_hal_tim.o
                0x00000000080054fe                HAL_TIM_IC_CaptureCallback
 .text.HAL_TIM_PWM_PulseFinishedCallback
                0x0000000008005500        0x2 ./Drivers/STM32G0xx_HAL_Driver/Src/stm32g0xx_hal_tim.o
                0x0000000008005500                HAL_TIM_PWM_PulseFinishedCallback
 .text.HAL_TIM_TriggerCallback
                0x0000000008005502        0x2 ./Drivers/STM32G0xx_HAL_Driver/Src/stm32g0xx_hal_tim.o
                0x0000000008005502                HAL_TIM_TriggerCallback
 .text.HAL_TIM_IRQHandler
                0x0000000008005504      0x168 ./Drivers/STM32G0xx_HAL_Driver/Src/stm32g0xx_hal_tim.o
                0x0000000008005504                HAL_TIM_IRQHandler
 .text.TIM_Base_SetConfig
                0x000000000800566c       0xa0 ./Drivers/STM32G0xx_HAL_Driver/Src/stm32g0xx_hal_tim.o
                0x000000000800566c                TIM_Base_SetConfig
 .text.HAL_TIM_Base_Init
                0x000000000800570c       0x54 ./Drivers/STM32G0xx_HAL_Driver/Src/stm32g0xx_hal_tim.o
                0x000000000800570c                HAL_TIM_Base_Init
 .text.TIM_ETR_SetConfig
                0x0000000008005760       0x18 ./Drivers/STM32G0xx_HAL_Driver/Src/stm32g0xx_hal_tim.o
                0x0000000008005760                TIM_ETR_SetConfig
 .text.HAL_TIM_ConfigClockSource
                0x0000000008005778      0x140 ./Drivers/STM32G0xx_HAL_Driver/Src/stm32g0xx_hal_tim.o
                0x0000000008005778                HAL_TIM_ConfigClockSource
 .text.HAL_TIMEx_MasterConfigSynchronization
                0x00000000080058b8       0x74 ./Drivers/STM32G0xx_HAL_Driver/Src/stm32g0xx_hal_tim_ex.o
                0x00000000080058b8                HAL_TIMEx_MasterConfigSynchronization
 .text.HAL_TIMEx_CommutCallback
                0x000000000800592c        0x2 ./Drivers/STM32G0xx_HAL_Driver/Src/stm32g0xx_hal_tim_ex.o
                0x000000000800592c                HAL_TIMEx_CommutCallback
 .text.HAL_TIMEx_BreakCallback
                0x000000000800592e        0x2 ./Drivers/STM32G0xx_HAL_Driver/Src/stm32g0xx_hal_tim_ex.o
                0x000000000800592e                HAL_TIMEx_BreakCallback
 .text.HAL_TIMEx_Break2Callback
                0x0000000008005930        0x2 ./Drivers/STM32G0xx_HAL_Driver/Src/stm32g0xx_hal_tim_ex.o
                0x0000000008005930                HAL_TIMEx_Break2Callback
 *fill*         0x0000000008005932        0x2 
 .text.DEV_SPI_WriteByte
                0x0000000008005934       0x1c ./Src/Display_Config/DEV_Config.o
                0x0000000008005934                DEV_SPI_WriteByte
 .text.DEV_Module_Init
                0x0000000008005950       0x2e ./Src/Display_Config/DEV_Config.o
                0x0000000008005950                DEV_Module_Init
 .text.EPD_1IN54_V2_SendCommand
                0x000000000800597e       0x34 ./Src/Display_EPD/EPD_1in54_V2.o
 .text.EPD_1IN54_V2_SendData
                0x00000000080059b2       0x34 ./Src/Display_EPD/EPD_1in54_V2.o
 *fill*         0x00000000080059e6        0x2 
 .text.EPD_1IN54_V2_ReadBusy
                0x00000000080059e8       0x34 ./Src/Display_EPD/EPD_1in54_V2.o
 .text.EPD_1IN54_V2_TurnOnDisplay
                0x0000000008005a1c       0x1a ./Src/Display_EPD/EPD_1in54_V2.o
 .text.EPD_1IN54_V2_TurnOnDisplayPart
                0x0000000008005a36       0x1a ./Src/Display_EPD/EPD_1in54_V2.o
 .text.EPD_1IN54_V2_Init
                0x0000000008005a50       0xea ./Src/Display_EPD/EPD_1in54_V2.o
                0x0000000008005a50                EPD_1IN54_V2_Init
 .text.EPD_1IN54_V2_Clear
                0x0000000008005b3a       0x2a ./Src/Display_EPD/EPD_1in54_V2.o
                0x0000000008005b3a                EPD_1IN54_V2_Clear
 .text.EPD_1IN54_V2_Display
                0x0000000008005b64       0x34 ./Src/Display_EPD/EPD_1in54_V2.o
                0x0000000008005b64                EPD_1IN54_V2_Display
 .text.EPD_1IN54_V2_DisplayPartBaseImage
                0x0000000008005b98       0x54 ./Src/Display_EPD/EPD_1in54_V2.o
                0x0000000008005b98                EPD_1IN54_V2_DisplayPartBaseImage
 .text.EPD_1IN54_V2_DisplayPart
                0x0000000008005bec       0x68 ./Src/Display_EPD/EPD_1in54_V2.o
                0x0000000008005bec                EPD_1IN54_V2_DisplayPart
 .text.Paint_NewImage
                0x0000000008005c54       0x40 ./Src/Display_GUI/GUI_Paint.o
                0x0000000008005c54                Paint_NewImage
 .text.Paint_SelectImage
                0x0000000008005c94        0xc ./Src/Display_GUI/GUI_Paint.o
                0x0000000008005c94                Paint_SelectImage
 .text.Paint_SetPixel
                0x0000000008005ca0      0x11c ./Src/Display_GUI/GUI_Paint.o
                0x0000000008005ca0                Paint_SetPixel
 .text.Paint_Clear
                0x0000000008005dbc       0x68 ./Src/Display_GUI/GUI_Paint.o
                0x0000000008005dbc                Paint_Clear
 .text.Paint_DrawPoint
                0x0000000008005e24       0xf0 ./Src/Display_GUI/GUI_Paint.o
                0x0000000008005e24                Paint_DrawPoint
 .text.Paint_DrawLine
                0x0000000008005f14      0x100 ./Src/Display_GUI/GUI_Paint.o
                0x0000000008005f14                Paint_DrawLine
 .text.Paint_DrawPointer
                0x0000000008006014       0xea ./Src/Display_GUI/GUI_Paint.o
                0x0000000008006014                Paint_DrawPointer
 *fill*         0x00000000080060fe        0x2 
 .text.Paint_DrawRectangle
                0x0000000008006100       0xcc ./Src/Display_GUI/GUI_Paint.o
                0x0000000008006100                Paint_DrawRectangle
 .text.Paint_DrawCircle
                0x00000000080061cc      0x270 ./Src/Display_GUI/GUI_Paint.o
                0x00000000080061cc                Paint_DrawCircle
 .text.Paint_DrawChar
                0x000000000800643c       0xc0 ./Src/Display_GUI/GUI_Paint.o
                0x000000000800643c                Paint_DrawChar
 .text.Paint_DrawString_EN
                0x00000000080064fc       0x88 ./Src/Display_GUI/GUI_Paint.o
                0x00000000080064fc                Paint_DrawString_EN
 .text.Paint_DrawNum
                0x0000000008006584       0xb4 ./Src/Display_GUI/GUI_Paint.o
                0x0000000008006584                Paint_DrawNum
 .text.MX_ADC1_Init
                0x0000000008006638       0x7c ./Src/adc.o
                0x0000000008006638                MX_ADC1_Init
 .text.HAL_ADC_MspInit
                0x00000000080066b4       0x80 ./Src/adc.o
                0x00000000080066b4                HAL_ADC_MspInit
 .text.bme280Init
                0x0000000008006734      0x170 ./Src/bme280_bd.o
                0x0000000008006734                bme280Init
 .text._BME280_compensate_T_int32
                0x00000000080068a4       0x30 ./Src/bme280_bd.o
                0x00000000080068a4                _BME280_compensate_T_int32
 .text._BME280_compensate_P_int64
                0x00000000080068d4      0x15c ./Src/bme280_bd.o
                0x00000000080068d4                _BME280_compensate_P_int64
 .text._BME280_compensate_H_int32
                0x0000000008006a30       0x84 ./Src/bme280_bd.o
                0x0000000008006a30                _BME280_compensate_H_int32
 .text.bme280Read
                0x0000000008006ab4      0x160 ./Src/bme280_bd.o
                0x0000000008006ab4                bme280Read
 .text.buttonRead
                0x0000000008006c14       0x2e ./Src/buttons.o
                0x0000000008006c14                buttonRead
 *fill*         0x0000000008006c42        0x2 
 .text.HAL_GPIO_EXTI_Falling_Callback
                0x0000000008006c44       0x38 ./Src/buttons.o
                0x0000000008006c44                HAL_GPIO_EXTI_Falling_Callback
 .text.MX_CRC_Init
                0x0000000008006c7c       0x4c ./Src/crc.o
                0x0000000008006c7c                MX_CRC_Init
 .text.MX_GPIO_Init
                0x0000000008006cc8       0xd4 ./Src/gpio.o
                0x0000000008006cc8                MX_GPIO_Init
 .text.MX_I2C1_Init
                0x0000000008006d9c       0x5c ./Src/i2c.o
                0x0000000008006d9c                MX_I2C1_Init
 .text.HAL_I2C_MspInit
                0x0000000008006df8       0x8c ./Src/i2c.o
                0x0000000008006df8                HAL_I2C_MspInit
 .text.interfaceSettingsInit
                0x0000000008006e84       0x5a ./Src/interface_bd.o
                0x0000000008006e84                interfaceSettingsInit
 .text.interfaceUpdateModeSwitch
                0x0000000008006ede       0x34 ./Src/interface_bd.o
                0x0000000008006ede                interfaceUpdateModeSwitch
 *fill*         0x0000000008006f12        0x2 
 .text.interfaceInit
                0x0000000008006f14       0xf0 ./Src/interface_bd.o
                0x0000000008006f14                interfaceInit
 .text.interfaceBurn
                0x0000000008007004       0x24 ./Src/interface_bd.o
                0x0000000008007004                interfaceBurn
 .text.interfaceClear
                0x0000000008007028        0xe ./Src/interface_bd.o
                0x0000000008007028                interfaceClear
 .text.interfaceSettingsClear
                0x0000000008007036        0xc ./Src/interface_bd.o
                0x0000000008007036                interfaceSettingsClear
 *fill*         0x0000000008007042        0x2 
 .text.interfaceDraw
                0x0000000008007044      0xdec ./Src/interface_bd.o
                0x0000000008007044                interfaceDraw
 .text.interfaceSettingsDraw
                0x0000000008007e30      0x3dc ./Src/interface_bd.o
                0x0000000008007e30                interfaceSettingsDraw
 .text.lis3mdlInit
                0x000000000800820c       0x6c ./Src/lis3mdl_bd.o
                0x000000000800820c                lis3mdlInit
 .text.findMax  0x0000000008008278       0x28 ./Src/lis3mdl_bd.o
                0x0000000008008278                findMax
 .text.findMin  0x00000000080082a0       0x28 ./Src/lis3mdl_bd.o
                0x00000000080082a0                findMin
 .text.lis3mdlRead
                0x00000000080082c8      0x1c0 ./Src/lis3mdl_bd.o
                0x00000000080082c8                lis3mdlRead
 .text.SystemClock_Config
                0x0000000008008488       0x90 ./Src/main.o
                0x0000000008008488                SystemClock_Config
 .text.startup.main
                0x0000000008008518      0x104 ./Src/main.o
                0x0000000008008518                main
 .text.Error_Handler
                0x000000000800861c        0x4 ./Src/main.o
                0x000000000800861c                Error_Handler
 .text.MX_RTC_Init
                0x0000000008008620       0x9c ./Src/rtc.o
                0x0000000008008620                MX_RTC_Init
 .text.HAL_RTC_MspInit
                0x00000000080086bc       0x6c ./Src/rtc.o
                0x00000000080086bc                HAL_RTC_MspInit
 .text.rtcInit  0x0000000008008728       0x1c ./Src/rtc_bd.o
                0x0000000008008728                rtcInit
 .text.rtcGetTime
                0x0000000008008744      0x258 ./Src/rtc_bd.o
                0x0000000008008744                rtcGetTime
 .text.MX_SPI1_Init
                0x000000000800899c       0x4c ./Src/spi.o
                0x000000000800899c                MX_SPI1_Init
 .text.HAL_SPI_MspInit
                0x00000000080089e8       0x88 ./Src/spi.o
                0x00000000080089e8                HAL_SPI_MspInit
 .text.HAL_MspInit
                0x0000000008008a70       0x34 ./Src/stm32g0xx_hal_msp.o
                0x0000000008008a70                HAL_MspInit
 .text.NMI_Handler
                0x0000000008008aa4        0x2 ./Src/stm32g0xx_it.o
                0x0000000008008aa4                NMI_Handler
 .text.HardFault_Handler
                0x0000000008008aa6        0x2 ./Src/stm32g0xx_it.o
                0x0000000008008aa6                HardFault_Handler
 .text.SVC_Handler
                0x0000000008008aa8        0x2 ./Src/stm32g0xx_it.o
                0x0000000008008aa8                SVC_Handler
 .text.PendSV_Handler
                0x0000000008008aaa        0x2 ./Src/stm32g0xx_it.o
                0x0000000008008aaa                PendSV_Handler
 .text.SysTick_Handler
                0x0000000008008aac        0x8 ./Src/stm32g0xx_it.o
                0x0000000008008aac                SysTick_Handler
 .text.RTC_TAMP_IRQHandler
                0x0000000008008ab4       0x10 ./Src/stm32g0xx_it.o
                0x0000000008008ab4                RTC_TAMP_IRQHandler
 .text.EXTI2_3_IRQHandler
                0x0000000008008ac4       0x10 ./Src/stm32g0xx_it.o
                0x0000000008008ac4                EXTI2_3_IRQHandler
 .text.EXTI4_15_IRQHandler
                0x0000000008008ad4        0xa ./Src/stm32g0xx_it.o
                0x0000000008008ad4                EXTI4_15_IRQHandler
 *fill*         0x0000000008008ade        0x2 
 .text.TIM3_IRQHandler
                0x0000000008008ae0       0x10 ./Src/stm32g0xx_it.o
                0x0000000008008ae0                TIM3_IRQHandler
 .text._read    0x0000000008008af0       0x1a ./Src/syscalls.o
                0x0000000008008af0                _read
 .text._write   0x0000000008008b0a       0x1a ./Src/syscalls.o
                0x0000000008008b0a                _write
 .text._close   0x0000000008008b24        0x6 ./Src/syscalls.o
                0x0000000008008b24                _close
 .text._fstat   0x0000000008008b2a        0xa ./Src/syscalls.o
                0x0000000008008b2a                _fstat
 .text._isatty  0x0000000008008b34        0x4 ./Src/syscalls.o
                0x0000000008008b34                _isatty
 .text._lseek   0x0000000008008b38        0x4 ./Src/syscalls.o
                0x0000000008008b38                _lseek
 .text._sbrk    0x0000000008008b3c       0x40 ./Src/sysmem.o
                0x0000000008008b3c                _sbrk
 .text.SystemInit
                0x0000000008008b7c        0x2 ./Src/system_stm32g0xx.o
                0x0000000008008b7c                SystemInit
 *fill*         0x0000000008008b7e        0x2 
 .text.MX_TIM3_Init
                0x0000000008008b80       0x7c ./Src/tim.o
                0x0000000008008b80                MX_TIM3_Init
 .text.HAL_TIM_Base_MspInit
                0x0000000008008bfc       0x38 ./Src/tim.o
                0x0000000008008bfc                HAL_TIM_Base_MspInit
 .text.HAL_TIM_PeriodElapsedCallback
                0x0000000008008c34       0x34 ./Src/timers.o
                0x0000000008008c34                HAL_TIM_PeriodElapsedCallback
 .text.timersInit
                0x0000000008008c68       0x10 ./Src/timers.o
                0x0000000008008c68                timersInit
 .text.watchInit
                0x0000000008008c78        0x8 ./Src/watch.o
                0x0000000008008c78                watchInit
 .text.watchSwitchMode
                0x0000000008008c80        0x8 ./Src/watch.o
                0x0000000008008c80                watchSwitchMode
 .text.watchSwitchSettingsItem
                0x0000000008008c88       0x12 ./Src/watch.o
                0x0000000008008c88                watchSwitchSettingsItem
 *fill*         0x0000000008008c9a        0x2 
 .text.Reset_Handler
                0x0000000008008c9c       0x50 ./Startup/startup_stm32g071kbtx.o
                0x0000000008008c9c                Reset_Handler
 .text.Default_Handler
                0x0000000008008cec        0x2 ./Startup/startup_stm32g071kbtx.o
                0x0000000008008cec                USART3_4_LPUART1_IRQHandler
                0x0000000008008cec                TIM1_CC_IRQHandler
                0x0000000008008cec                ADC1_COMP_IRQHandler
                0x0000000008008cec                PVD_IRQHandler
                0x0000000008008cec                I2C1_IRQHandler
                0x0000000008008cec                TIM7_LPTIM2_IRQHandler
                0x0000000008008cec                SPI1_IRQHandler
                0x0000000008008cec                I2C2_IRQHandler
                0x0000000008008cec                TIM17_IRQHandler
                0x0000000008008cec                TIM16_IRQHandler
                0x0000000008008cec                RCC_IRQHandler
                0x0000000008008cec                DMA1_Channel1_IRQHandler
                0x0000000008008cec                Default_Handler
                0x0000000008008cec                CEC_IRQHandler
                0x0000000008008cec                TIM14_IRQHandler
                0x0000000008008cec                TIM15_IRQHandler
                0x0000000008008cec                EXTI0_1_IRQHandler
                0x0000000008008cec                SPI2_IRQHandler
                0x0000000008008cec                TIM6_DAC_LPTIM1_IRQHandler
                0x0000000008008cec                WWDG_IRQHandler
                0x0000000008008cec                TIM2_IRQHandler
                0x0000000008008cec                DMA1_Ch4_7_DMAMUX1_OVR_IRQHandler
                0x0000000008008cec                DMA1_Channel2_3_IRQHandler
                0x0000000008008cec                UCPD1_2_IRQHandler
                0x0000000008008cec                USART2_IRQHandler
                0x0000000008008cec                FLASH_IRQHandler
                0x0000000008008cec                USART1_IRQHandler
                0x0000000008008cec                TIM1_BRK_UP_TRG_COM_IRQHandler
 *fill*         0x0000000008008cee        0x2 
 .text.__errno  0x0000000008008cf0        0xc /opt/st/stm32cubeide_1.8.0/plugins/com.st.stm32cube.ide.mcu.externaltools.gnu-tools-for-stm32.9-2020-q2-update.linux64_2.0.0.202105311346/tools/bin/../lib/gcc/arm-none-eabi/9.3.1/../../../../arm-none-eabi/lib/thumb/v6-m/nofp/libc_nano.a(lib_a-errno.o)
                0x0000000008008cf0                __errno
 .text.__libc_init_array
                0x0000000008008cfc       0x48 /opt/st/stm32cubeide_1.8.0/plugins/com.st.stm32cube.ide.mcu.externaltools.gnu-tools-for-stm32.9-2020-q2-update.linux64_2.0.0.202105311346/tools/bin/../lib/gcc/arm-none-eabi/9.3.1/../../../../arm-none-eabi/lib/thumb/v6-m/nofp/libc_nano.a(lib_a-init.o)
                0x0000000008008cfc                __libc_init_array
 .text.malloc   0x0000000008008d44       0x14 /opt/st/stm32cubeide_1.8.0/plugins/com.st.stm32cube.ide.mcu.externaltools.gnu-tools-for-stm32.9-2020-q2-update.linux64_2.0.0.202105311346/tools/bin/../lib/gcc/arm-none-eabi/9.3.1/../../../../arm-none-eabi/lib/thumb/v6-m/nofp/libc_nano.a(lib_a-malloc.o)
                0x0000000008008d44                malloc
 .text.memset   0x0000000008008d58       0x10 /opt/st/stm32cubeide_1.8.0/plugins/com.st.stm32cube.ide.mcu.externaltools.gnu-tools-for-stm32.9-2020-q2-update.linux64_2.0.0.202105311346/tools/bin/../lib/gcc/arm-none-eabi/9.3.1/../../../../arm-none-eabi/lib/thumb/v6-m/nofp/libc_nano.a(lib_a-memset.o)
                0x0000000008008d58                memset
 .text._free_r  0x0000000008008d68       0x94 /opt/st/stm32cubeide_1.8.0/plugins/com.st.stm32cube.ide.mcu.externaltools.gnu-tools-for-stm32.9-2020-q2-update.linux64_2.0.0.202105311346/tools/bin/../lib/gcc/arm-none-eabi/9.3.1/../../../../arm-none-eabi/lib/thumb/v6-m/nofp/libc_nano.a(lib_a-nano-freer.o)
                0x0000000008008d68                _free_r
 .text._malloc_r
                0x0000000008008dfc       0xbc /opt/st/stm32cubeide_1.8.0/plugins/com.st.stm32cube.ide.mcu.externaltools.gnu-tools-for-stm32.9-2020-q2-update.linux64_2.0.0.202105311346/tools/bin/../lib/gcc/arm-none-eabi/9.3.1/../../../../arm-none-eabi/lib/thumb/v6-m/nofp/libc_nano.a(lib_a-nano-mallocr.o)
                0x0000000008008dfc                _malloc_r
 .text.printf   0x0000000008008eb8       0x34 /opt/st/stm32cubeide_1.8.0/plugins/com.st.stm32cube.ide.mcu.externaltools.gnu-tools-for-stm32.9-2020-q2-update.linux64_2.0.0.202105311346/tools/bin/../lib/gcc/arm-none-eabi/9.3.1/../../../../arm-none-eabi/lib/thumb/v6-m/nofp/libc_nano.a(lib_a-printf.o)
                0x0000000008008eb8                printf
                0x0000000008008eb8                iprintf
 .text._puts_r  0x0000000008008eec       0xe4 /opt/st/stm32cubeide_1.8.0/plugins/com.st.stm32cube.ide.mcu.externaltools.gnu-tools-for-stm32.9-2020-q2-update.linux64_2.0.0.202105311346/tools/bin/../lib/gcc/arm-none-eabi/9.3.1/../../../../arm-none-eabi/lib/thumb/v6-m/nofp/libc_nano.a(lib_a-puts.o)
                0x0000000008008eec                _puts_r
 .text.puts     0x0000000008008fd0       0x14 /opt/st/stm32cubeide_1.8.0/plugins/com.st.stm32cube.ide.mcu.externaltools.gnu-tools-for-stm32.9-2020-q2-update.linux64_2.0.0.202105311346/tools/bin/../lib/gcc/arm-none-eabi/9.3.1/../../../../arm-none-eabi/lib/thumb/v6-m/nofp/libc_nano.a(lib_a-puts.o)
                0x0000000008008fd0                puts
 .text._sbrk_r  0x0000000008008fe4       0x24 /opt/st/stm32cubeide_1.8.0/plugins/com.st.stm32cube.ide.mcu.externaltools.gnu-tools-for-stm32.9-2020-q2-update.linux64_2.0.0.202105311346/tools/bin/../lib/gcc/arm-none-eabi/9.3.1/../../../../arm-none-eabi/lib/thumb/v6-m/nofp/libc_nano.a(lib_a-sbrkr.o)
                0x0000000008008fe4                _sbrk_r
 .text.__swbuf_r
                0x0000000008009008       0xac /opt/st/stm32cubeide_1.8.0/plugins/com.st.stm32cube.ide.mcu.externaltools.gnu-tools-for-stm32.9-2020-q2-update.linux64_2.0.0.202105311346/tools/bin/../lib/gcc/arm-none-eabi/9.3.1/../../../../arm-none-eabi/lib/thumb/v6-m/nofp/libc_nano.a(lib_a-wbuf.o)
                0x0000000008009008                __swbuf_r
 .text.__swsetup_r
                0x00000000080090b4       0xf0 /opt/st/stm32cubeide_1.8.0/plugins/com.st.stm32cube.ide.mcu.externaltools.gnu-tools-for-stm32.9-2020-q2-update.linux64_2.0.0.202105311346/tools/bin/../lib/gcc/arm-none-eabi/9.3.1/../../../../arm-none-eabi/lib/thumb/v6-m/nofp/libc_nano.a(lib_a-wsetup.o)
                0x00000000080090b4                __swsetup_r
 .text.__sflush_r
                0x00000000080091a4      0x118 /opt/st/stm32cubeide_1.8.0/plugins/com.st.stm32cube.ide.mcu.externaltools.gnu-tools-for-stm32.9-2020-q2-update.linux64_2.0.0.202105311346/tools/bin/../lib/gcc/arm-none-eabi/9.3.1/../../../../arm-none-eabi/lib/thumb/v6-m/nofp/libc_nano.a(lib_a-fflush.o)
                0x00000000080091a4                __sflush_r
 .text._fflush_r
                0x00000000080092bc       0x80 /opt/st/stm32cubeide_1.8.0/plugins/com.st.stm32cube.ide.mcu.externaltools.gnu-tools-for-stm32.9-2020-q2-update.linux64_2.0.0.202105311346/tools/bin/../lib/gcc/arm-none-eabi/9.3.1/../../../../arm-none-eabi/lib/thumb/v6-m/nofp/libc_nano.a(lib_a-fflush.o)
                0x00000000080092bc                _fflush_r
 .text.std      0x000000000800933c       0x48 /opt/st/stm32cubeide_1.8.0/plugins/com.st.stm32cube.ide.mcu.externaltools.gnu-tools-for-stm32.9-2020-q2-update.linux64_2.0.0.202105311346/tools/bin/../lib/gcc/arm-none-eabi/9.3.1/../../../../arm-none-eabi/lib/thumb/v6-m/nofp/libc_nano.a(lib_a-findfp.o)
 .text._cleanup_r
                0x0000000008009384       0x10 /opt/st/stm32cubeide_1.8.0/plugins/com.st.stm32cube.ide.mcu.externaltools.gnu-tools-for-stm32.9-2020-q2-update.linux64_2.0.0.202105311346/tools/bin/../lib/gcc/arm-none-eabi/9.3.1/../../../../arm-none-eabi/lib/thumb/v6-m/nofp/libc_nano.a(lib_a-findfp.o)
                0x0000000008009384                _cleanup_r
 .text.__sfmoreglue
                0x0000000008009394       0x2c /opt/st/stm32cubeide_1.8.0/plugins/com.st.stm32cube.ide.mcu.externaltools.gnu-tools-for-stm32.9-2020-q2-update.linux64_2.0.0.202105311346/tools/bin/../lib/gcc/arm-none-eabi/9.3.1/../../../../arm-none-eabi/lib/thumb/v6-m/nofp/libc_nano.a(lib_a-findfp.o)
                0x0000000008009394                __sfmoreglue
 .text.__sfp_lock_acquire
                0x00000000080093c0       0x10 /opt/st/stm32cubeide_1.8.0/plugins/com.st.stm32cube.ide.mcu.externaltools.gnu-tools-for-stm32.9-2020-q2-update.linux64_2.0.0.202105311346/tools/bin/../lib/gcc/arm-none-eabi/9.3.1/../../../../arm-none-eabi/lib/thumb/v6-m/nofp/libc_nano.a(lib_a-findfp.o)
                0x00000000080093c0                __sfp_lock_acquire
 .text.__sfp_lock_release
                0x00000000080093d0       0x10 /opt/st/stm32cubeide_1.8.0/plugins/com.st.stm32cube.ide.mcu.externaltools.gnu-tools-for-stm32.9-2020-q2-update.linux64_2.0.0.202105311346/tools/bin/../lib/gcc/arm-none-eabi/9.3.1/../../../../arm-none-eabi/lib/thumb/v6-m/nofp/libc_nano.a(lib_a-findfp.o)
                0x00000000080093d0                __sfp_lock_release
 .text.__sinit_lock_acquire
                0x00000000080093e0       0x10 /opt/st/stm32cubeide_1.8.0/plugins/com.st.stm32cube.ide.mcu.externaltools.gnu-tools-for-stm32.9-2020-q2-update.linux64_2.0.0.202105311346/tools/bin/../lib/gcc/arm-none-eabi/9.3.1/../../../../arm-none-eabi/lib/thumb/v6-m/nofp/libc_nano.a(lib_a-findfp.o)
                0x00000000080093e0                __sinit_lock_acquire
 .text.__sinit_lock_release
                0x00000000080093f0       0x10 /opt/st/stm32cubeide_1.8.0/plugins/com.st.stm32cube.ide.mcu.externaltools.gnu-tools-for-stm32.9-2020-q2-update.linux64_2.0.0.202105311346/tools/bin/../lib/gcc/arm-none-eabi/9.3.1/../../../../arm-none-eabi/lib/thumb/v6-m/nofp/libc_nano.a(lib_a-findfp.o)
                0x00000000080093f0                __sinit_lock_release
 .text.__sinit  0x0000000008009400       0x70 /opt/st/stm32cubeide_1.8.0/plugins/com.st.stm32cube.ide.mcu.externaltools.gnu-tools-for-stm32.9-2020-q2-update.linux64_2.0.0.202105311346/tools/bin/../lib/gcc/arm-none-eabi/9.3.1/../../../../arm-none-eabi/lib/thumb/v6-m/nofp/libc_nano.a(lib_a-findfp.o)
                0x0000000008009400                __sinit
 .text.__sfp    0x0000000008009470       0x90 /opt/st/stm32cubeide_1.8.0/plugins/com.st.stm32cube.ide.mcu.externaltools.gnu-tools-for-stm32.9-2020-q2-update.linux64_2.0.0.202105311346/tools/bin/../lib/gcc/arm-none-eabi/9.3.1/../../../../arm-none-eabi/lib/thumb/v6-m/nofp/libc_nano.a(lib_a-findfp.o)
                0x0000000008009470                __sfp
 .text._fwalk_reent
                0x0000000008009500       0x40 /opt/st/stm32cubeide_1.8.0/plugins/com.st.stm32cube.ide.mcu.externaltools.gnu-tools-for-stm32.9-2020-q2-update.linux64_2.0.0.202105311346/tools/bin/../lib/gcc/arm-none-eabi/9.3.1/../../../../arm-none-eabi/lib/thumb/v6-m/nofp/libc_nano.a(lib_a-fwalk.o)
                0x0000000008009500                _fwalk_reent
 .text.__retarget_lock_init_recursive
                0x0000000008009540        0x2 /opt/st/stm32cubeide_1.8.0/plugins/com.st.stm32cube.ide.mcu.externaltools.gnu-tools-for-stm32.9-2020-q2-update.linux64_2.0.0.202105311346/tools/bin/../lib/gcc/arm-none-eabi/9.3.1/../../../../arm-none-eabi/lib/thumb/v6-m/nofp/libc_nano.a(lib_a-lock.o)
                0x0000000008009540                __retarget_lock_init_recursive
 .text.__retarget_lock_acquire_recursive
                0x0000000008009542        0x2 /opt/st/stm32cubeide_1.8.0/plugins/com.st.stm32cube.ide.mcu.externaltools.gnu-tools-for-stm32.9-2020-q2-update.linux64_2.0.0.202105311346/tools/bin/../lib/gcc/arm-none-eabi/9.3.1/../../../../arm-none-eabi/lib/thumb/v6-m/nofp/libc_nano.a(lib_a-lock.o)
                0x0000000008009542                __retarget_lock_acquire_recursive
 .text.__retarget_lock_release_recursive
                0x0000000008009544        0x2 /opt/st/stm32cubeide_1.8.0/plugins/com.st.stm32cube.ide.mcu.externaltools.gnu-tools-for-stm32.9-2020-q2-update.linux64_2.0.0.202105311346/tools/bin/../lib/gcc/arm-none-eabi/9.3.1/../../../../arm-none-eabi/lib/thumb/v6-m/nofp/libc_nano.a(lib_a-lock.o)
                0x0000000008009544                __retarget_lock_release_recursive
 *fill*         0x0000000008009546        0x2 
 .text.__swhatbuf_r
                0x0000000008009548       0x50 /opt/st/stm32cubeide_1.8.0/plugins/com.st.stm32cube.ide.mcu.externaltools.gnu-tools-for-stm32.9-2020-q2-update.linux64_2.0.0.202105311346/tools/bin/../lib/gcc/arm-none-eabi/9.3.1/../../../../arm-none-eabi/lib/thumb/v6-m/nofp/libc_nano.a(lib_a-makebuf.o)
                0x0000000008009548                __swhatbuf_r
 .text.__smakebuf_r
                0x0000000008009598       0x88 /opt/st/stm32cubeide_1.8.0/plugins/com.st.stm32cube.ide.mcu.externaltools.gnu-tools-for-stm32.9-2020-q2-update.linux64_2.0.0.202105311346/tools/bin/../lib/gcc/arm-none-eabi/9.3.1/../../../../arm-none-eabi/lib/thumb/v6-m/nofp/libc_nano.a(lib_a-makebuf.o)
                0x0000000008009598                __smakebuf_r
 .text.__malloc_lock
                0x0000000008009620       0x10 /opt/st/stm32cubeide_1.8.0/plugins/com.st.stm32cube.ide.mcu.externaltools.gnu-tools-for-stm32.9-2020-q2-update.linux64_2.0.0.202105311346/tools/bin/../lib/gcc/arm-none-eabi/9.3.1/../../../../arm-none-eabi/lib/thumb/v6-m/nofp/libc_nano.a(lib_a-mlock.o)
                0x0000000008009620                __malloc_lock
 .text.__malloc_unlock
                0x0000000008009630       0x10 /opt/st/stm32cubeide_1.8.0/plugins/com.st.stm32cube.ide.mcu.externaltools.gnu-tools-for-stm32.9-2020-q2-update.linux64_2.0.0.202105311346/tools/bin/../lib/gcc/arm-none-eabi/9.3.1/../../../../arm-none-eabi/lib/thumb/v6-m/nofp/libc_nano.a(lib_a-mlock.o)
                0x0000000008009630                __malloc_unlock
 .text.__sfputc_r
                0x0000000008009640       0x2a /opt/st/stm32cubeide_1.8.0/plugins/com.st.stm32cube.ide.mcu.externaltools.gnu-tools-for-stm32.9-2020-q2-update.linux64_2.0.0.202105311346/tools/bin/../lib/gcc/arm-none-eabi/9.3.1/../../../../arm-none-eabi/lib/thumb/v6-m/nofp/libc_nano.a(lib_a-nano-vfprintf.o)
 .text.__sfputs_r
                0x000000000800966a       0x24 /opt/st/stm32cubeide_1.8.0/plugins/com.st.stm32cube.ide.mcu.externaltools.gnu-tools-for-stm32.9-2020-q2-update.linux64_2.0.0.202105311346/tools/bin/../lib/gcc/arm-none-eabi/9.3.1/../../../../arm-none-eabi/lib/thumb/v6-m/nofp/libc_nano.a(lib_a-nano-vfprintf.o)
                0x000000000800966a                __sfputs_r
 *fill*         0x000000000800968e        0x2 
 .text._vfprintf_r
                0x0000000008009690      0x274 /opt/st/stm32cubeide_1.8.0/plugins/com.st.stm32cube.ide.mcu.externaltools.gnu-tools-for-stm32.9-2020-q2-update.linux64_2.0.0.202105311346/tools/bin/../lib/gcc/arm-none-eabi/9.3.1/../../../../arm-none-eabi/lib/thumb/v6-m/nofp/libc_nano.a(lib_a-nano-vfprintf.o)
                0x0000000008009690                _vfiprintf_r
                0x0000000008009690                _vfprintf_r
 .text._printf_common
                0x0000000008009904       0xde /opt/st/stm32cubeide_1.8.0/plugins/com.st.stm32cube.ide.mcu.externaltools.gnu-tools-for-stm32.9-2020-q2-update.linux64_2.0.0.202105311346/tools/bin/../lib/gcc/arm-none-eabi/9.3.1/../../../../arm-none-eabi/lib/thumb/v6-m/nofp/libc_nano.a(lib_a-nano-vfprintf_i.o)
                0x0000000008009904                _printf_common
 *fill*         0x00000000080099e2        0x2 
 .text._printf_i
                0x00000000080099e4      0x224 /opt/st/stm32cubeide_1.8.0/plugins/com.st.stm32cube.ide.mcu.externaltools.gnu-tools-for-stm32.9-2020-q2-update.linux64_2.0.0.202105311346/tools/bin/../lib/gcc/arm-none-eabi/9.3.1/../../../../arm-none-eabi/lib/thumb/v6-m/nofp/libc_nano.a(lib_a-nano-vfprintf_i.o)
                0x00000000080099e4                _printf_i
 .text.__sread  0x0000000008009c08       0x28 /opt/st/stm32cubeide_1.8.0/plugins/com.st.stm32cube.ide.mcu.externaltools.gnu-tools-for-stm32.9-2020-q2-update.linux64_2.0.0.202105311346/tools/bin/../lib/gcc/arm-none-eabi/9.3.1/../../../../arm-none-eabi/lib/thumb/v6-m/nofp/libc_nano.a(lib_a-stdio.o)
                0x0000000008009c08                __sread
 .text.__swrite
                0x0000000008009c30       0x38 /opt/st/stm32cubeide_1.8.0/plugins/com.st.stm32cube.ide.mcu.externaltools.gnu-tools-for-stm32.9-2020-q2-update.linux64_2.0.0.202105311346/tools/bin/../lib/gcc/arm-none-eabi/9.3.1/../../../../arm-none-eabi/lib/thumb/v6-m/nofp/libc_nano.a(lib_a-stdio.o)
                0x0000000008009c30                __swrite
 .text.__sseek  0x0000000008009c68       0x2c /opt/st/stm32cubeide_1.8.0/plugins/com.st.stm32cube.ide.mcu.externaltools.gnu-tools-for-stm32.9-2020-q2-update.linux64_2.0.0.202105311346/tools/bin/../lib/gcc/arm-none-eabi/9.3.1/../../../../arm-none-eabi/lib/thumb/v6-m/nofp/libc_nano.a(lib_a-stdio.o)
                0x0000000008009c68                __sseek
 .text.__sclose
                0x0000000008009c94        0xc /opt/st/stm32cubeide_1.8.0/plugins/com.st.stm32cube.ide.mcu.externaltools.gnu-tools-for-stm32.9-2020-q2-update.linux64_2.0.0.202105311346/tools/bin/../lib/gcc/arm-none-eabi/9.3.1/../../../../arm-none-eabi/lib/thumb/v6-m/nofp/libc_nano.a(lib_a-stdio.o)
                0x0000000008009c94                __sclose
 .text._write_r
                0x0000000008009ca0       0x28 /opt/st/stm32cubeide_1.8.0/plugins/com.st.stm32cube.ide.mcu.externaltools.gnu-tools-for-stm32.9-2020-q2-update.linux64_2.0.0.202105311346/tools/bin/../lib/gcc/arm-none-eabi/9.3.1/../../../../arm-none-eabi/lib/thumb/v6-m/nofp/libc_nano.a(lib_a-writer.o)
                0x0000000008009ca0                _write_r
 .text._close_r
                0x0000000008009cc8       0x24 /opt/st/stm32cubeide_1.8.0/plugins/com.st.stm32cube.ide.mcu.externaltools.gnu-tools-for-stm32.9-2020-q2-update.linux64_2.0.0.202105311346/tools/bin/../lib/gcc/arm-none-eabi/9.3.1/../../../../arm-none-eabi/lib/thumb/v6-m/nofp/libc_nano.a(lib_a-closer.o)
                0x0000000008009cc8                _close_r
 .text._fstat_r
                0x0000000008009cec       0x24 /opt/st/stm32cubeide_1.8.0/plugins/com.st.stm32cube.ide.mcu.externaltools.gnu-tools-for-stm32.9-2020-q2-update.linux64_2.0.0.202105311346/tools/bin/../lib/gcc/arm-none-eabi/9.3.1/../../../../arm-none-eabi/lib/thumb/v6-m/nofp/libc_nano.a(lib_a-fstatr.o)
                0x0000000008009cec                _fstat_r
 .text._isatty_r
                0x0000000008009d10       0x24 /opt/st/stm32cubeide_1.8.0/plugins/com.st.stm32cube.ide.mcu.externaltools.gnu-tools-for-stm32.9-2020-q2-update.linux64_2.0.0.202105311346/tools/bin/../lib/gcc/arm-none-eabi/9.3.1/../../../../arm-none-eabi/lib/thumb/v6-m/nofp/libc_nano.a(lib_a-isattyr.o)
                0x0000000008009d10                _isatty_r
 .text._lseek_r
                0x0000000008009d34       0x28 /opt/st/stm32cubeide_1.8.0/plugins/com.st.stm32cube.ide.mcu.externaltools.gnu-tools-for-stm32.9-2020-q2-update.linux64_2.0.0.202105311346/tools/bin/../lib/gcc/arm-none-eabi/9.3.1/../../../../arm-none-eabi/lib/thumb/v6-m/nofp/libc_nano.a(lib_a-lseekr.o)
                0x0000000008009d34                _lseek_r
 .text.memchr   0x0000000008009d5c       0x16 /opt/st/stm32cubeide_1.8.0/plugins/com.st.stm32cube.ide.mcu.externaltools.gnu-tools-for-stm32.9-2020-q2-update.linux64_2.0.0.202105311346/tools/bin/../lib/gcc/arm-none-eabi/9.3.1/../../../../arm-none-eabi/lib/thumb/v6-m/nofp/libc_nano.a(lib_a-memchr-stub.o)
                0x0000000008009d5c                memchr
 *fill*         0x0000000008009d72        0x2 
 .text._read_r  0x0000000008009d74       0x28 /opt/st/stm32cubeide_1.8.0/plugins/com.st.stm32cube.ide.mcu.externaltools.gnu-tools-for-stm32.9-2020-q2-update.linux64_2.0.0.202105311346/tools/bin/../lib/gcc/arm-none-eabi/9.3.1/../../../../arm-none-eabi/lib/thumb/v6-m/nofp/libc_nano.a(lib_a-readr.o)
                0x0000000008009d74                _read_r
 .text.cos      0x0000000008009d9c       0x84 /opt/st/stm32cubeide_1.8.0/plugins/com.st.stm32cube.ide.mcu.externaltools.gnu-tools-for-stm32.9-2020-q2-update.linux64_2.0.0.202105311346/tools/bin/../lib/gcc/arm-none-eabi/9.3.1/../../../../arm-none-eabi/lib/thumb/v6-m/nofp/libm.a(lib_a-s_cos.o)
                0x0000000008009d9c                cos
 .text.sin      0x0000000008009e20       0x8c /opt/st/stm32cubeide_1.8.0/plugins/com.st.stm32cube.ide.mcu.externaltools.gnu-tools-for-stm32.9-2020-q2-update.linux64_2.0.0.202105311346/tools/bin/../lib/gcc/arm-none-eabi/9.3.1/../../../../arm-none-eabi/lib/thumb/v6-m/nofp/libm.a(lib_a-s_sin.o)
                0x0000000008009e20                sin
 .text.atan2    0x0000000008009eac        0x8 /opt/st/stm32cubeide_1.8.0/plugins/com.st.stm32cube.ide.mcu.externaltools.gnu-tools-for-stm32.9-2020-q2-update.linux64_2.0.0.202105311346/tools/bin/../lib/gcc/arm-none-eabi/9.3.1/../../../../arm-none-eabi/lib/thumb/v6-m/nofp/libm.a(lib_a-w_atan2.o)
                0x0000000008009eac                atan2
 .text.log      0x0000000008009eb4       0x7c /opt/st/stm32cubeide_1.8.0/plugins/com.st.stm32cube.ide.mcu.externaltools.gnu-tools-for-stm32.9-2020-q2-update.linux64_2.0.0.202105311346/tools/bin/../lib/gcc/arm-none-eabi/9.3.1/../../../../arm-none-eabi/lib/thumb/v6-m/nofp/libm.a(lib_a-w_log.o)
                0x0000000008009eb4                log
 .text.__ieee754_atan2
                0x0000000008009f30      0x158 /opt/st/stm32cubeide_1.8.0/plugins/com.st.stm32cube.ide.mcu.externaltools.gnu-tools-for-stm32.9-2020-q2-update.linux64_2.0.0.202105311346/tools/bin/../lib/gcc/arm-none-eabi/9.3.1/../../../../arm-none-eabi/lib/thumb/v6-m/nofp/libm.a(lib_a-e_atan2.o)
                0x0000000008009f30                __ieee754_atan2
 .text.__ieee754_log
                0x000000000800a088      0x360 /opt/st/stm32cubeide_1.8.0/plugins/com.st.stm32cube.ide.mcu.externaltools.gnu-tools-for-stm32.9-2020-q2-update.linux64_2.0.0.202105311346/tools/bin/../lib/gcc/arm-none-eabi/9.3.1/../../../../arm-none-eabi/lib/thumb/v6-m/nofp/libm.a(lib_a-e_log.o)
                0x000000000800a088                __ieee754_log
 .text.__ieee754_rem_pio2
                0x000000000800a3e8      0x3d8 /opt/st/stm32cubeide_1.8.0/plugins/com.st.stm32cube.ide.mcu.externaltools.gnu-tools-for-stm32.9-2020-q2-update.linux64_2.0.0.202105311346/tools/bin/../lib/gcc/arm-none-eabi/9.3.1/../../../../arm-none-eabi/lib/thumb/v6-m/nofp/libm.a(lib_a-e_rem_pio2.o)
                0x000000000800a3e8                __ieee754_rem_pio2
 .text.__kernel_cos
                0x000000000800a7c0      0x180 /opt/st/stm32cubeide_1.8.0/plugins/com.st.stm32cube.ide.mcu.externaltools.gnu-tools-for-stm32.9-2020-q2-update.linux64_2.0.0.202105311346/tools/bin/../lib/gcc/arm-none-eabi/9.3.1/../../../../arm-none-eabi/lib/thumb/v6-m/nofp/libm.a(lib_a-k_cos.o)
                0x000000000800a7c0                __kernel_cos
 .text.__kernel_rem_pio2
                0x000000000800a940      0x6ec /opt/st/stm32cubeide_1.8.0/plugins/com.st.stm32cube.ide.mcu.externaltools.gnu-tools-for-stm32.9-2020-q2-update.linux64_2.0.0.202105311346/tools/bin/../lib/gcc/arm-none-eabi/9.3.1/../../../../arm-none-eabi/lib/thumb/v6-m/nofp/libm.a(lib_a-k_rem_pio2.o)
                0x000000000800a940                __kernel_rem_pio2
 .text.__kernel_sin
                0x000000000800b02c      0x158 /opt/st/stm32cubeide_1.8.0/plugins/com.st.stm32cube.ide.mcu.externaltools.gnu-tools-for-stm32.9-2020-q2-update.linux64_2.0.0.202105311346/tools/bin/../lib/gcc/arm-none-eabi/9.3.1/../../../../arm-none-eabi/lib/thumb/v6-m/nofp/libm.a(lib_a-k_sin.o)
                0x000000000800b02c                __kernel_sin
 .text.atan     0x000000000800b184      0x300 /opt/st/stm32cubeide_1.8.0/plugins/com.st.stm32cube.ide.mcu.externaltools.gnu-tools-for-stm32.9-2020-q2-update.linux64_2.0.0.202105311346/tools/bin/../lib/gcc/arm-none-eabi/9.3.1/../../../../arm-none-eabi/lib/thumb/v6-m/nofp/libm.a(lib_a-s_atan.o)
                0x000000000800b184                atan
 .text.fabs     0x000000000800b484        0x6 /opt/st/stm32cubeide_1.8.0/plugins/com.st.stm32cube.ide.mcu.externaltools.gnu-tools-for-stm32.9-2020-q2-update.linux64_2.0.0.202105311346/tools/bin/../lib/gcc/arm-none-eabi/9.3.1/../../../../arm-none-eabi/lib/thumb/v6-m/nofp/libm.a(lib_a-s_fabs.o)
                0x000000000800b484                fabs
 *fill*         0x000000000800b48a        0x2 
 .text.floor    0x000000000800b48c      0x114 /opt/st/stm32cubeide_1.8.0/plugins/com.st.stm32cube.ide.mcu.externaltools.gnu-tools-for-stm32.9-2020-q2-update.linux64_2.0.0.202105311346/tools/bin/../lib/gcc/arm-none-eabi/9.3.1/../../../../arm-none-eabi/lib/thumb/v6-m/nofp/libm.a(lib_a-s_floor.o)
                0x000000000800b48c                floor
 .text.nan      0x000000000800b5a0        0xc /opt/st/stm32cubeide_1.8.0/plugins/com.st.stm32cube.ide.mcu.externaltools.gnu-tools-for-stm32.9-2020-q2-update.linux64_2.0.0.202105311346/tools/bin/../lib/gcc/arm-none-eabi/9.3.1/../../../../arm-none-eabi/lib/thumb/v6-m/nofp/libm.a(lib_a-s_nan.o)
                0x000000000800b5a0                nan
 .text.scalbn   0x000000000800b5ac       0xe8 /opt/st/stm32cubeide_1.8.0/plugins/com.st.stm32cube.ide.mcu.externaltools.gnu-tools-for-stm32.9-2020-q2-update.linux64_2.0.0.202105311346/tools/bin/../lib/gcc/arm-none-eabi/9.3.1/../../../../arm-none-eabi/lib/thumb/v6-m/nofp/libm.a(lib_a-s_scalbn.o)
                0x000000000800b5ac                scalbn
 *(.glue_7)
 .glue_7        0x000000000800b694        0x0 linker stubs
 *(.glue_7t)
 .glue_7t       0x000000000800b694        0x0 linker stubs
 *(.eh_frame)
 .eh_frame      0x000000000800b694        0x0 /opt/st/stm32cubeide_1.8.0/plugins/com.st.stm32cube.ide.mcu.externaltools.gnu-tools-for-stm32.9-2020-q2-update.linux64_2.0.0.202105311346/tools/bin/../lib/gcc/arm-none-eabi/9.3.1/thumb/v6-m/nofp/crtbegin.o
 *(.init)
 .init          0x000000000800b694        0x4 /opt/st/stm32cubeide_1.8.0/plugins/com.st.stm32cube.ide.mcu.externaltools.gnu-tools-for-stm32.9-2020-q2-update.linux64_2.0.0.202105311346/tools/bin/../lib/gcc/arm-none-eabi/9.3.1/thumb/v6-m/nofp/crti.o
                0x000000000800b694                _init
 .init          0x000000000800b698        0x8 /opt/st/stm32cubeide_1.8.0/plugins/com.st.stm32cube.ide.mcu.externaltools.gnu-tools-for-stm32.9-2020-q2-update.linux64_2.0.0.202105311346/tools/bin/../lib/gcc/arm-none-eabi/9.3.1/thumb/v6-m/nofp/crtn.o
 *(.fini)
 .fini          0x000000000800b6a0        0x4 /opt/st/stm32cubeide_1.8.0/plugins/com.st.stm32cube.ide.mcu.externaltools.gnu-tools-for-stm32.9-2020-q2-update.linux64_2.0.0.202105311346/tools/bin/../lib/gcc/arm-none-eabi/9.3.1/thumb/v6-m/nofp/crti.o
                0x000000000800b6a0                _fini
 .fini          0x000000000800b6a4        0x8 /opt/st/stm32cubeide_1.8.0/plugins/com.st.stm32cube.ide.mcu.externaltools.gnu-tools-for-stm32.9-2020-q2-update.linux64_2.0.0.202105311346/tools/bin/../lib/gcc/arm-none-eabi/9.3.1/thumb/v6-m/nofp/crtn.o
                0x000000000800b6ac                . = ALIGN (0x4)
                0x000000000800b6ac                _etext = .

.vfp11_veneer   0x000000000800b6ac        0x0
 .vfp11_veneer  0x000000000800b6ac        0x0 linker stubs

.v4_bx          0x000000000800b6ac        0x0
 .v4_bx         0x000000000800b6ac        0x0 linker stubs

.iplt           0x000000000800b6ac        0x0
 .iplt          0x000000000800b6ac        0x0 /opt/st/stm32cubeide_1.8.0/plugins/com.st.stm32cube.ide.mcu.externaltools.gnu-tools-for-stm32.9-2020-q2-update.linux64_2.0.0.202105311346/tools/bin/../lib/gcc/arm-none-eabi/9.3.1/thumb/v6-m/nofp/crtbegin.o

.rodata         0x000000000800b6b0     0x4420
                0x000000000800b6b0                . = ALIGN (0x4)
 *(.rodata)
 .rodata        0x000000000800b6b0       0x80 /opt/st/stm32cubeide_1.8.0/plugins/com.st.stm32cube.ide.mcu.externaltools.gnu-tools-for-stm32.9-2020-q2-update.linux64_2.0.0.202105311346/tools/bin/../lib/gcc/arm-none-eabi/9.3.1/thumb/v6-m/nofp/libgcc.a(divsf3.o)
 .rodata        0x000000000800b730       0x40 /opt/st/stm32cubeide_1.8.0/plugins/com.st.stm32cube.ide.mcu.externaltools.gnu-tools-for-stm32.9-2020-q2-update.linux64_2.0.0.202105311346/tools/bin/../lib/gcc/arm-none-eabi/9.3.1/thumb/v6-m/nofp/libgcc.a(mulsf3.o)
 .rodata        0x000000000800b770       0x40 /opt/st/stm32cubeide_1.8.0/plugins/com.st.stm32cube.ide.mcu.externaltools.gnu-tools-for-stm32.9-2020-q2-update.linux64_2.0.0.202105311346/tools/bin/../lib/gcc/arm-none-eabi/9.3.1/thumb/v6-m/nofp/libgcc.a(divdf3.o)
 .rodata        0x000000000800b7b0       0x40 /opt/st/stm32cubeide_1.8.0/plugins/com.st.stm32cube.ide.mcu.externaltools.gnu-tools-for-stm32.9-2020-q2-update.linux64_2.0.0.202105311346/tools/bin/../lib/gcc/arm-none-eabi/9.3.1/thumb/v6-m/nofp/libgcc.a(muldf3.o)
 *(.rodata*)
 .rodata.EPD_1IN54_V2_ReadBusy.str1.1
                0x000000000800b7f0       0x32 ./Src/Display_EPD/EPD_1in54_V2.o
 .rodata.Paint_SetPixel.str1.1
                0x000000000800b822       0x25 ./Src/Display_GUI/GUI_Paint.o
 .rodata.Paint_DrawPoint.str1.1
                0x000000000800b847       0x88 ./Src/Display_GUI/GUI_Paint.o
 .rodata.Paint_DrawLine.str1.1
                0x000000000800b8cf       0x3e ./Src/Display_GUI/GUI_Paint.o
 .rodata.Paint_DrawRectangle.str1.1
                0x000000000800b90d       0x2f ./Src/Display_GUI/GUI_Paint.o
 .rodata.Paint_DrawCircle.str1.1
                0x000000000800b93c       0x40 ./Src/Display_GUI/GUI_Paint.o
 .rodata.Paint_DrawChar.str1.1
                0x000000000800b97c       0x3e ./Src/Display_GUI/GUI_Paint.o
 .rodata.Paint_DrawString_EN.str1.1
                0x000000000800b9ba       0x43 ./Src/Display_GUI/GUI_Paint.o
 .rodata.Paint_DrawNum.str1.1
                0x000000000800b9fd       0x3c ./Src/Display_GUI/GUI_Paint.o
 .rodata.Font12_Table
                0x000000000800ba39      0x474 ./Src/Fonts/font12.o
                0x000000000800ba39                Font12_Table
 .rodata.Font16_Table
                0x000000000800bead      0xbe0 ./Src/Fonts/font16.o
                0x000000000800bead                Font16_Table
 .rodata.Font20_Table
                0x000000000800ca8d      0xed8 ./Src/Fonts/font20.o
                0x000000000800ca8d                Font20_Table
 .rodata.Font24_Table
                0x000000000800d965     0x1ab8 ./Src/Fonts/font24.o
                0x000000000800d965                Font24_Table
 .rodata.Font8_Table
                0x000000000800f41d      0x2f8 ./Src/Fonts/font8.o
                0x000000000800f41d                Font8_Table
 .rodata.interfaceInit.str1.1
                0x000000000800f715       0x68 ./Src/interface_bd.o
 .rodata.interfaceDraw.str1.1
                0x000000000800f77d       0x2d ./Src/interface_bd.o
                                         0x2f (size before relaxing)
 *fill*         0x000000000800f7aa        0x2 
 .rodata.AHBPrescTable
                0x000000000800f7ac       0x40 ./Src/system_stm32g0xx.o
                0x000000000800f7ac                AHBPrescTable
 .rodata._global_impure_ptr
                0x000000000800f7ec        0x4 /opt/st/stm32cubeide_1.8.0/plugins/com.st.stm32cube.ide.mcu.externaltools.gnu-tools-for-stm32.9-2020-q2-update.linux64_2.0.0.202105311346/tools/bin/../lib/gcc/arm-none-eabi/9.3.1/../../../../arm-none-eabi/lib/thumb/v6-m/nofp/libc_nano.a(lib_a-impure.o)
                0x000000000800f7ec                _global_impure_ptr
 .rodata.__sf_fake_stderr
                0x000000000800f7f0       0x20 /opt/st/stm32cubeide_1.8.0/plugins/com.st.stm32cube.ide.mcu.externaltools.gnu-tools-for-stm32.9-2020-q2-update.linux64_2.0.0.202105311346/tools/bin/../lib/gcc/arm-none-eabi/9.3.1/../../../../arm-none-eabi/lib/thumb/v6-m/nofp/libc_nano.a(lib_a-findfp.o)
                0x000000000800f7f0                __sf_fake_stderr
 .rodata.__sf_fake_stdin
                0x000000000800f810       0x20 /opt/st/stm32cubeide_1.8.0/plugins/com.st.stm32cube.ide.mcu.externaltools.gnu-tools-for-stm32.9-2020-q2-update.linux64_2.0.0.202105311346/tools/bin/../lib/gcc/arm-none-eabi/9.3.1/../../../../arm-none-eabi/lib/thumb/v6-m/nofp/libc_nano.a(lib_a-findfp.o)
                0x000000000800f810                __sf_fake_stdin
 .rodata.__sf_fake_stdout
                0x000000000800f830       0x20 /opt/st/stm32cubeide_1.8.0/plugins/com.st.stm32cube.ide.mcu.externaltools.gnu-tools-for-stm32.9-2020-q2-update.linux64_2.0.0.202105311346/tools/bin/../lib/gcc/arm-none-eabi/9.3.1/../../../../arm-none-eabi/lib/thumb/v6-m/nofp/libc_nano.a(lib_a-findfp.o)
                0x000000000800f830                __sf_fake_stdout
 .rodata._vfprintf_r.str1.1
                0x000000000800f850       0x11 /opt/st/stm32cubeide_1.8.0/plugins/com.st.stm32cube.ide.mcu.externaltools.gnu-tools-for-stm32.9-2020-q2-update.linux64_2.0.0.202105311346/tools/bin/../lib/gcc/arm-none-eabi/9.3.1/../../../../arm-none-eabi/lib/thumb/v6-m/nofp/libc_nano.a(lib_a-nano-vfprintf.o)
 .rodata._printf_i.str1.1
                0x000000000800f861       0x22 /opt/st/stm32cubeide_1.8.0/plugins/com.st.stm32cube.ide.mcu.externaltools.gnu-tools-for-stm32.9-2020-q2-update.linux64_2.0.0.202105311346/tools/bin/../lib/gcc/arm-none-eabi/9.3.1/../../../../arm-none-eabi/lib/thumb/v6-m/nofp/libc_nano.a(lib_a-nano-vfprintf_i.o)
 .rodata.log.str1.1
                0x000000000800f883       0x22 /opt/st/stm32cubeide_1.8.0/plugins/com.st.stm32cube.ide.mcu.externaltools.gnu-tools-for-stm32.9-2020-q2-update.linux64_2.0.0.202105311346/tools/bin/../lib/gcc/arm-none-eabi/9.3.1/../../../../arm-none-eabi/lib/thumb/v6-m/nofp/libm.a(lib_a-w_log.o)
                                          0x1 (size before relaxing)
 *fill*         0x000000000800f883        0x5 
 .rodata.CSWTCH.8
                0x000000000800f888       0x18 /opt/st/stm32cubeide_1.8.0/plugins/com.st.stm32cube.ide.mcu.externaltools.gnu-tools-for-stm32.9-2020-q2-update.linux64_2.0.0.202105311346/tools/bin/../lib/gcc/arm-none-eabi/9.3.1/../../../../arm-none-eabi/lib/thumb/v6-m/nofp/libm.a(lib_a-e_atan2.o)
 .rodata.CSWTCH.9
                0x000000000800f8a0       0x18 /opt/st/stm32cubeide_1.8.0/plugins/com.st.stm32cube.ide.mcu.externaltools.gnu-tools-for-stm32.9-2020-q2-update.linux64_2.0.0.202105311346/tools/bin/../lib/gcc/arm-none-eabi/9.3.1/../../../../arm-none-eabi/lib/thumb/v6-m/nofp/libm.a(lib_a-e_atan2.o)
 .rodata.npio2_hw
                0x000000000800f8b8       0x80 /opt/st/stm32cubeide_1.8.0/plugins/com.st.stm32cube.ide.mcu.externaltools.gnu-tools-for-stm32.9-2020-q2-update.linux64_2.0.0.202105311346/tools/bin/../lib/gcc/arm-none-eabi/9.3.1/../../../../arm-none-eabi/lib/thumb/v6-m/nofp/libm.a(lib_a-e_rem_pio2.o)
 .rodata.two_over_pi
                0x000000000800f938      0x108 /opt/st/stm32cubeide_1.8.0/plugins/com.st.stm32cube.ide.mcu.externaltools.gnu-tools-for-stm32.9-2020-q2-update.linux64_2.0.0.202105311346/tools/bin/../lib/gcc/arm-none-eabi/9.3.1/../../../../arm-none-eabi/lib/thumb/v6-m/nofp/libm.a(lib_a-e_rem_pio2.o)
 .rodata.PIo2   0x000000000800fa40       0x40 /opt/st/stm32cubeide_1.8.0/plugins/com.st.stm32cube.ide.mcu.externaltools.gnu-tools-for-stm32.9-2020-q2-update.linux64_2.0.0.202105311346/tools/bin/../lib/gcc/arm-none-eabi/9.3.1/../../../../arm-none-eabi/lib/thumb/v6-m/nofp/libm.a(lib_a-k_rem_pio2.o)
 .rodata.init_jk
                0x000000000800fa80       0x10 /opt/st/stm32cubeide_1.8.0/plugins/com.st.stm32cube.ide.mcu.externaltools.gnu-tools-for-stm32.9-2020-q2-update.linux64_2.0.0.202105311346/tools/bin/../lib/gcc/arm-none-eabi/9.3.1/../../../../arm-none-eabi/lib/thumb/v6-m/nofp/libm.a(lib_a-k_rem_pio2.o)
 .rodata.atanhi
                0x000000000800fa90       0x20 /opt/st/stm32cubeide_1.8.0/plugins/com.st.stm32cube.ide.mcu.externaltools.gnu-tools-for-stm32.9-2020-q2-update.linux64_2.0.0.202105311346/tools/bin/../lib/gcc/arm-none-eabi/9.3.1/../../../../arm-none-eabi/lib/thumb/v6-m/nofp/libm.a(lib_a-s_atan.o)
 .rodata.atanlo
                0x000000000800fab0       0x20 /opt/st/stm32cubeide_1.8.0/plugins/com.st.stm32cube.ide.mcu.externaltools.gnu-tools-for-stm32.9-2020-q2-update.linux64_2.0.0.202105311346/tools/bin/../lib/gcc/arm-none-eabi/9.3.1/../../../../arm-none-eabi/lib/thumb/v6-m/nofp/libm.a(lib_a-s_atan.o)
                0x000000000800fad0                . = ALIGN (0x4)

.ARM.extab      0x000000000800fad0        0x0
                0x000000000800fad0                . = ALIGN (0x4)
 *(.ARM.extab* .gnu.linkonce.armextab.*)
                0x000000000800fad0                . = ALIGN (0x4)

.ARM            0x000000000800fad0        0x8
                0x000000000800fad0                . = ALIGN (0x4)
                0x000000000800fad0                __exidx_start = .
 *(.ARM.exidx*)
 .ARM.exidx     0x000000000800fad0        0x8 /opt/st/stm32cubeide_1.8.0/plugins/com.st.stm32cube.ide.mcu.externaltools.gnu-tools-for-stm32.9-2020-q2-update.linux64_2.0.0.202105311346/tools/bin/../lib/gcc/arm-none-eabi/9.3.1/thumb/v6-m/nofp/libgcc.a(_divdi3.o)
                0x000000000800fad8                __exidx_end = .
                0x000000000800fad8                . = ALIGN (0x4)

.rel.dyn        0x000000000800fad8        0x0
 .rel.iplt      0x000000000800fad8        0x0 /opt/st/stm32cubeide_1.8.0/plugins/com.st.stm32cube.ide.mcu.externaltools.gnu-tools-for-stm32.9-2020-q2-update.linux64_2.0.0.202105311346/tools/bin/../lib/gcc/arm-none-eabi/9.3.1/thumb/v6-m/nofp/crtbegin.o

.preinit_array  0x000000000800fad8        0x0
                0x000000000800fad8                . = ALIGN (0x4)
                0x000000000800fad8                PROVIDE (__preinit_array_start = .)
 *(.preinit_array*)
                0x000000000800fad8                PROVIDE (__preinit_array_end = .)
                0x000000000800fad8                . = ALIGN (0x4)

.init_array     0x000000000800fad8        0x4
                0x000000000800fad8                . = ALIGN (0x4)
                0x000000000800fad8                PROVIDE (__init_array_start = .)
 *(SORT_BY_NAME(.init_array.*))
 *(.init_array*)
 .init_array    0x000000000800fad8        0x4 /opt/st/stm32cubeide_1.8.0/plugins/com.st.stm32cube.ide.mcu.externaltools.gnu-tools-for-stm32.9-2020-q2-update.linux64_2.0.0.202105311346/tools/bin/../lib/gcc/arm-none-eabi/9.3.1/thumb/v6-m/nofp/crtbegin.o
                0x000000000800fadc                PROVIDE (__init_array_end = .)
                0x000000000800fadc                . = ALIGN (0x4)

.fini_array     0x000000000800fadc        0x4
                0x000000000800fadc                . = ALIGN (0x4)
                [!provide]                        PROVIDE (__fini_array_start = .)
 *(SORT_BY_NAME(.fini_array.*))
 *(.fini_array*)
 .fini_array    0x000000000800fadc        0x4 /opt/st/stm32cubeide_1.8.0/plugins/com.st.stm32cube.ide.mcu.externaltools.gnu-tools-for-stm32.9-2020-q2-update.linux64_2.0.0.202105311346/tools/bin/../lib/gcc/arm-none-eabi/9.3.1/thumb/v6-m/nofp/crtbegin.o
                [!provide]                        PROVIDE (__fini_array_end = .)
                0x000000000800fae0                . = ALIGN (0x4)
                0x000000000800fae0                _sidata = LOADADDR (.data)

.data           0x0000000020000000       0x9c load address 0x000000000800fae0
                0x0000000020000000                . = ALIGN (0x4)
                0x0000000020000000                _sdata = .
 *(.data)
 *(.data*)
 .data.uwTickFreq
                0x0000000020000000        0x1 ./Drivers/STM32G0xx_HAL_Driver/Src/stm32g0xx_hal.o
                0x0000000020000000                uwTickFreq
 *fill*         0x0000000020000001        0x3 
 .data.uwTickPrio
                0x0000000020000004        0x4 ./Drivers/STM32G0xx_HAL_Driver/Src/stm32g0xx_hal.o
                0x0000000020000004                uwTickPrio
 .data.Font12   0x0000000020000008        0x8 ./Src/Fonts/font12.o
                0x0000000020000008                Font12
 .data.Font16   0x0000000020000010        0x8 ./Src/Fonts/font16.o
                0x0000000020000010                Font16
 .data.Font20   0x0000000020000018        0x8 ./Src/Fonts/font20.o
                0x0000000020000018                Font20
 .data.Font24   0x0000000020000020        0x8 ./Src/Fonts/font24.o
                0x0000000020000020                Font24
 .data.Font8    0x0000000020000028        0x8 ./Src/Fonts/font8.o
                0x0000000020000028                Font8
 .data.SystemCoreClock
                0x0000000020000030        0x4 ./Src/system_stm32g0xx.o
                0x0000000020000030                SystemCoreClock
 .data._impure_ptr
                0x0000000020000034        0x4 /opt/st/stm32cubeide_1.8.0/plugins/com.st.stm32cube.ide.mcu.externaltools.gnu-tools-for-stm32.9-2020-q2-update.linux64_2.0.0.202105311346/tools/bin/../lib/gcc/arm-none-eabi/9.3.1/../../../../arm-none-eabi/lib/thumb/v6-m/nofp/libc_nano.a(lib_a-impure.o)
                0x0000000020000034                _impure_ptr
 .data.impure_data
                0x0000000020000038       0x60 /opt/st/stm32cubeide_1.8.0/plugins/com.st.stm32cube.ide.mcu.externaltools.gnu-tools-for-stm32.9-2020-q2-update.linux64_2.0.0.202105311346/tools/bin/../lib/gcc/arm-none-eabi/9.3.1/../../../../arm-none-eabi/lib/thumb/v6-m/nofp/libc_nano.a(lib_a-impure.o)
 .data.__fdlib_version
                0x0000000020000098        0x1 /opt/st/stm32cubeide_1.8.0/plugins/com.st.stm32cube.ide.mcu.externaltools.gnu-tools-for-stm32.9-2020-q2-update.linux64_2.0.0.202105311346/tools/bin/../lib/gcc/arm-none-eabi/9.3.1/../../../../arm-none-eabi/lib/thumb/v6-m/nofp/libm.a(lib_a-s_lib_ver.o)
                0x0000000020000098                __fdlib_version
 *(.RamFunc)
 *(.RamFunc*)
                0x000000002000009c                . = ALIGN (0x4)
 *fill*         0x0000000020000099        0x3 
                0x000000002000009c                _edata = .

.igot.plt       0x000000002000009c        0x0 load address 0x000000000800fb7c
 .igot.plt      0x000000002000009c        0x0 /opt/st/stm32cubeide_1.8.0/plugins/com.st.stm32cube.ide.mcu.externaltools.gnu-tools-for-stm32.9-2020-q2-update.linux64_2.0.0.202105311346/tools/bin/../lib/gcc/arm-none-eabi/9.3.1/thumb/v6-m/nofp/crtbegin.o
                0x000000002000009c                . = ALIGN (0x4)

.bss            0x000000002000009c      0x650 load address 0x000000000800fb7c
                0x000000002000009c                _sbss = .
                0x000000002000009c                __bss_start__ = _sbss
 *(.bss)
 .bss           0x000000002000009c       0x1c /opt/st/stm32cubeide_1.8.0/plugins/com.st.stm32cube.ide.mcu.externaltools.gnu-tools-for-stm32.9-2020-q2-update.linux64_2.0.0.202105311346/tools/bin/../lib/gcc/arm-none-eabi/9.3.1/thumb/v6-m/nofp/crtbegin.o
 *(.bss*)
 .bss.atmospherical
                0x00000000200000b8       0x50 ./Src/main.o
                0x00000000200000b8                atmospherical
 .bss.chrono    0x0000000020000108       0x28 ./Src/main.o
                0x0000000020000108                chrono
 .bss.interface
                0x0000000020000130      0x12c ./Src/main.o
                0x0000000020000130                interface
 .bss.magnetometer
                0x000000002000025c      0x288 ./Src/main.o
                0x000000002000025c                magnetometer
 .bss.settings  0x00000000200004e4       0x22 ./Src/main.o
                0x00000000200004e4                settings
 .bss.watch     0x0000000020000506        0x3 ./Src/main.o
                0x0000000020000506                watch
 *fill*         0x0000000020000509        0x3 
 .bss.__sbrk_heap_end
                0x000000002000050c        0x4 ./Src/sysmem.o
 .bss.__malloc_free_list
                0x0000000020000510        0x4 /opt/st/stm32cubeide_1.8.0/plugins/com.st.stm32cube.ide.mcu.externaltools.gnu-tools-for-stm32.9-2020-q2-update.linux64_2.0.0.202105311346/tools/bin/../lib/gcc/arm-none-eabi/9.3.1/../../../../arm-none-eabi/lib/thumb/v6-m/nofp/libc_nano.a(lib_a-nano-mallocr.o)
                0x0000000020000510                __malloc_free_list
 .bss.__malloc_sbrk_start
                0x0000000020000514        0x4 /opt/st/stm32cubeide_1.8.0/plugins/com.st.stm32cube.ide.mcu.externaltools.gnu-tools-for-stm32.9-2020-q2-update.linux64_2.0.0.202105311346/tools/bin/../lib/gcc/arm-none-eabi/9.3.1/../../../../arm-none-eabi/lib/thumb/v6-m/nofp/libc_nano.a(lib_a-nano-mallocr.o)
                0x0000000020000514                __malloc_sbrk_start
 *(COMMON)
 COMMON         0x0000000020000518        0x4 ./Drivers/STM32G0xx_HAL_Driver/Src/stm32g0xx_hal.o
                0x0000000020000518                uwTick
 COMMON         0x000000002000051c       0x18 ./Src/Display_GUI/GUI_Paint.o
                0x000000002000051c                Paint
 COMMON         0x0000000020000534       0x64 ./Src/adc.o
                0x0000000020000534                hadc1
 COMMON         0x0000000020000598       0x19 ./Src/backup_bd.o
                0x0000000020000598                Date
                0x000000002000059c                Time
                0x00000000200005b0                eeStatus
 *fill*         0x00000000200005b1        0x3 
 COMMON         0x00000000200005b4       0x4c ./Src/i2c.o
                0x00000000200005b4                hi2c1
 COMMON         0x0000000020000600       0x2c ./Src/rtc.o
                0x0000000020000600                hrtc
 COMMON         0x000000002000062c       0x64 ./Src/spi.o
                0x000000002000062c                hspi1
 COMMON         0x0000000020000690       0x4c ./Src/tim.o
                0x0000000020000690                htim3
 COMMON         0x00000000200006dc        0x9 /opt/st/stm32cubeide_1.8.0/plugins/com.st.stm32cube.ide.mcu.externaltools.gnu-tools-for-stm32.9-2020-q2-update.linux64_2.0.0.202105311346/tools/bin/../lib/gcc/arm-none-eabi/9.3.1/../../../../arm-none-eabi/lib/thumb/v6-m/nofp/libc_nano.a(lib_a-lock.o)
                0x00000000200006dc                __lock___atexit_recursive_mutex
                0x00000000200006dd                __lock___arc4random_mutex
                0x00000000200006de                __lock___env_recursive_mutex
                0x00000000200006df                __lock___sinit_recursive_mutex
                0x00000000200006e0                __lock___malloc_recursive_mutex
                0x00000000200006e1                __lock___at_quick_exit_mutex
                0x00000000200006e2                __lock___dd_hash_mutex
                0x00000000200006e3                __lock___tz_mutex
                0x00000000200006e4                __lock___sfp_recursive_mutex
 *fill*         0x00000000200006e5        0x3 
 COMMON         0x00000000200006e8        0x4 /opt/st/stm32cubeide_1.8.0/plugins/com.st.stm32cube.ide.mcu.externaltools.gnu-tools-for-stm32.9-2020-q2-update.linux64_2.0.0.202105311346/tools/bin/../lib/gcc/arm-none-eabi/9.3.1/../../../../arm-none-eabi/lib/thumb/v6-m/nofp/libc_nano.a(lib_a-reent.o)
                0x00000000200006e8                errno
                0x00000000200006ec                . = ALIGN (0x4)
                0x00000000200006ec                _ebss = .