stm32g0xx_ll_crc.h:157:22:LL_CRC_ResetCRCCalculationUnit	16	static
stm32g0xx_ll_crc.h:173:22:LL_CRC_SetPolynomialSize	16	static
stm32g0xx_ll_crc.h:291:22:LL_CRC_SetPolynomialCoef	16	static
stm32g0xx_ll_crc.h:325:22:LL_CRC_FeedData32	16	static
stm32g0xx_ll_crc.h:337:22:LL_CRC_FeedData16	24	static
stm32g0xx_ll_crc.h:375:26:LL_CRC_ReadData16	16	static
stm32g0xx_ll_bus.h:252:22:LL_AHB1_GRP1_EnableClock	24	static
eeprom_emul.c:197:11:EE_Init	80	static
eeprom_emul.c:625:11:EE_Format	32	static
eeprom_emul.c:736:11:EE_ReadVariable32bits	32	static
eeprom_emul.c:765:11:EE_ReadVariable16bits	32	static
eeprom_emul.c:793:11:EE_ReadVariable8bits	32	static
eeprom_emul.c:849:11:EE_WriteVariable32bits	16	static
eeprom_emul.c:877:11:EE_WriteVariable16bits	16	static
eeprom_emul.c:904:11:EE_WriteVariable8bits	16	static
eeprom_emul.c:929:11:EE_CleanUp	40	static
eeprom_emul.c:1001:11:EE_CleanUp_IT	40	static
eeprom_emul.c:1061:11:EE_DeleteCorruptedFlashAddress	16	static
eeprom_emul.c:1070:13:EE_EndOfCleanup_UserCallback	8	static
eeprom_emul.c:1096:18:ReadVariable	80	static
eeprom_emul.c:1200:18:WriteVariable	32	static
eeprom_emul.c:1231:18:VerifyPageFullyErased	24	static
eeprom_emul.c:1270:17:FindPage	48	static
eeprom_emul.c:1421:18:PagesTransfer	56	static
eeprom_emul.c:1682:18:VerifyPagesFullWriteVariable	88	static
eeprom_emul.c:1771:18:SetPageState	40	static
eeprom_emul.c:1915:22:GetPageState	48	static
eeprom_emul.c:2008:6:ConfigureCrc	8	static
eeprom_emul.c:2039:10:CalculateCrc	16	static
